Component: Arm Compiler for Embedded 6.21 Tool: armlink [5ec1fa00]

==============================================================================

Section Cross References

    mydelay.o(.ARM.exidx.text.Delay_us) refers to mydelay.o(.text.Delay_us) for [Anonymous Symbol]
    mydelay.o(.ARM.exidx.text.Delay_ms) refers to mydelay.o(.text.Delay_ms) for [Anonymous Symbol]
    mylcd.o(.ARM.exidx.text.I2C1_Init) refers to mylcd.o(.text.I2C1_Init) for [Anonymous Symbol]
    mylcd.o(.ARM.exidx.text.I2C1_Start) refers to mylcd.o(.text.I2C1_Start) for [Anonymous Symbol]
    mylcd.o(.ARM.exidx.text.I2C1_Stop) refers to mylcd.o(.text.I2C1_Stop) for [Anonymous Symbol]
    mylcd.o(.ARM.exidx.text.I2C1_Write) refers to mylcd.o(.text.I2C1_Write) for [Anonymous Symbol]
    mylcd.o(.ARM.exidx.text.I2C1_Send_Address) refers to mylcd.o(.text.I2C1_Send_Address) for [Anonymous Symbol]
    mylcd.o(.text.I2C1_Write_Buffer) refers to mylcd.o(.text.I2C1_Start) for I2C1_Start
    mylcd.o(.text.I2C1_Write_Buffer) refers to mylcd.o(.text.I2C1_Send_Address) for I2C1_Send_Address
    mylcd.o(.text.I2C1_Write_Buffer) refers to mylcd.o(.text.I2C1_Write) for I2C1_Write
    mylcd.o(.text.I2C1_Write_Buffer) refers to mylcd.o(.text.I2C1_Stop) for I2C1_Stop
    mylcd.o(.ARM.exidx.text.I2C1_Write_Buffer) refers to mylcd.o(.text.I2C1_Write_Buffer) for [Anonymous Symbol]
    mylcd.o(.text.LCD_I2C_Write_CMD) refers to mylcd.o(.text.I2C1_Write_Buffer) for I2C1_Write_Buffer
    mylcd.o(.ARM.exidx.text.LCD_I2C_Write_CMD) refers to mylcd.o(.text.LCD_I2C_Write_CMD) for [Anonymous Symbol]
    mylcd.o(.text.LCD_I2C_Write_DATA) refers to mylcd.o(.text.I2C1_Write_Buffer) for I2C1_Write_Buffer
    mylcd.o(.ARM.exidx.text.LCD_I2C_Write_DATA) refers to mylcd.o(.text.LCD_I2C_Write_DATA) for [Anonymous Symbol]
    mylcd.o(.text.LCD_I2C_Init) refers to mydelay.o(.text.Delay_ms) for Delay_ms
    mylcd.o(.text.LCD_I2C_Init) refers to mylcd.o(.text.LCD_I2C_Write_CMD) for LCD_I2C_Write_CMD
    mylcd.o(.ARM.exidx.text.LCD_I2C_Init) refers to mylcd.o(.text.LCD_I2C_Init) for [Anonymous Symbol]
    mylcd.o(.text.LCD_I2C_Clear) refers to mylcd.o(.text.LCD_I2C_Write_CMD) for LCD_I2C_Write_CMD
    mylcd.o(.text.LCD_I2C_Clear) refers to mydelay.o(.text.Delay_ms) for Delay_ms
    mylcd.o(.ARM.exidx.text.LCD_I2C_Clear) refers to mylcd.o(.text.LCD_I2C_Clear) for [Anonymous Symbol]
    mylcd.o(.text.LCD_I2C_Location) refers to mylcd.o(.text.LCD_I2C_Write_CMD) for LCD_I2C_Write_CMD
    mylcd.o(.ARM.exidx.text.LCD_I2C_Location) refers to mylcd.o(.text.LCD_I2C_Location) for [Anonymous Symbol]
    mylcd.o(.text.LCD_I2C_Write_String) refers to strlen.o(.text) for strlen
    mylcd.o(.text.LCD_I2C_Write_String) refers to mylcd.o(.text.LCD_I2C_Write_DATA) for LCD_I2C_Write_DATA
    mylcd.o(.ARM.exidx.text.LCD_I2C_Write_String) refers to mylcd.o(.text.LCD_I2C_Write_String) for [Anonymous Symbol]
    mylcd.o(.text.LCD_I2C_Write_Number) refers to mylcd.o(.rodata.str1.1) for .L.str
    mylcd.o(.text.LCD_I2C_Write_Number) refers to sprintf.o(.text) for sprintf
    mylcd.o(.text.LCD_I2C_Write_Number) refers to mylcd.o(.text.LCD_I2C_Write_String) for LCD_I2C_Write_String
    mylcd.o(.ARM.exidx.text.LCD_I2C_Write_Number) refers to mylcd.o(.text.LCD_I2C_Write_Number) for [Anonymous Symbol]
    mypid.o(.text.PID_Controller) refers to daddsub_clz.o(x$fpl$dsub) for __aeabi_dsub
    mypid.o(.text.PID_Controller) refers to mypid.o(.bss.error) for error
    mypid.o(.text.PID_Controller) refers to mypid.o(.bss.last_error) for last_error
    mypid.o(.text.PID_Controller) refers to daddsub_clz.o(x$fpl$dadd) for __aeabi_dadd
    mypid.o(.text.PID_Controller) refers to ddiv.o(x$fpl$ddiv) for __aeabi_ddiv
    mypid.o(.text.PID_Controller) refers to mypid.o(.bss.error_integral) for error_integral
    mypid.o(.text.PID_Controller) refers to dcmp.o(x$fpl$fcmp) for __aeabi_dcmple
    mypid.o(.text.PID_Controller) refers to dmul.o(x$fpl$dmul) for __aeabi_dmul
    mypid.o(.text.PID_Controller) refers to dfix.o(x$fpl$dfix) for __aeabi_d2iz
    mypid.o(.text.PID_Controller) refers to mypid.o(.bss.duty_cycle) for duty_cycle
    mypid.o(.text.PID_Controller) refers to mypwm.o(.text.setDutyCircle) for setDutyCircle
    mypid.o(.ARM.exidx.text.PID_Controller) refers to mypid.o(.text.PID_Controller) for [Anonymous Symbol]
    mypwm.o(.ARM.exidx.text.myPWM_Config) refers to mypwm.o(.text.myPWM_Config) for [Anonymous Symbol]
    mypwm.o(.ARM.exidx.text.setDutyCircle) refers to mypwm.o(.text.setDutyCircle) for [Anonymous Symbol]
    mysystemclockconfig.o(.ARM.exidx.text.SysClkConf_72MHz) refers to mysystemclockconfig.o(.text.SysClkConf_72MHz) for [Anonymous Symbol]
    myuart.o(.text.myUART_Config) refers to myuart.o(.text.__NVIC_SetPriority) for __NVIC_SetPriority
    myuart.o(.text.myUART_Config) refers to myuart.o(.text.__NVIC_EnableIRQ) for __NVIC_EnableIRQ
    myuart.o(.ARM.exidx.text.myUART_Config) refers to myuart.o(.text.myUART_Config) for [Anonymous Symbol]
[...]
    .text                                    0x08000414   Section        8  rt_errno_addr_intlibspace.o(.text)
    .text                                    0x0800041c   Section        0  hguard.o(.text)
    .text                                    0x08000420   Section        0  init_alloc.o(.text)
    .text                                    0x080004aa   Section        0  h1_alloc.o(.text)
    .text                                    0x08000508   Section        0  _printf_pad.o(.text)
    .text                                    0x08000556   Section        0  _printf_truncate.o(.text)
    .text                                    0x0800057a   Section        0  _printf_str.o(.text)
    .text                                    0x080005cc   Section        0  _printf_dec.o(.text)
    .text                                    0x08000644   Section        0  _printf_charcount.o(.text)
    _printf_input_char                       0x0800066d   Thumb Code    10  _printf_char_common.o(.text)
    .text                                    0x0800066c   Section        0  _printf_char_common.o(.text)
    .text                                    0x0800069c   Section        0  _sputc.o(.text)
    .text                                    0x080006a8   Section        0  _printf_wctomb.o(.text)
    .text                                    0x08000764   Section        0  _printf_longlong_dec.o(.text)
    _printf_longlong_oct_internal            0x080007e1   Thumb Code     0  _printf_oct_int_ll.o(.text)
    .text                                    0x080007e0   Section        0  _printf_oct_int_ll.o(.text)
    _printf_hex_common                       0x08000851   Thumb Code     0  _printf_hex_int_ll_ptr.o(.text)
    .text                                    0x08000850   Section        0  _printf_hex_int_ll_ptr.o(.text)
    .text                                    0x080008e4   Section        0  __printf_flags_ss_wp.o(.text)
    .text                                    0x08000a6c   Section        0  strtol.o(.text)
    .text                                    0x08000adc   Section       68  rt_memclr.o(.text)
    .text                                    0x08000b20   Section        8  libspace.o(.text)
    .text                                    0x08000b28   Section       16  rt_ctype_table.o(.text)
    .text                                    0x08000b38   Section        0  maybetermalloc1.o(.text)
    .text                                    0x08000b38   Section        0  h1_init.o(.text)
    .text                                    0x08000b44   Section        0  h1_extend.o(.text)
    .text                                    0x08000b78   Section      138  lludiv10.o(.text)
    .text                                    0x08000c02   Section        0  _printf_intcommon.o(.text)
    _fp_digits                               0x08000cb5   Thumb Code   432  _printf_fp_dec.o(.text)
    .text                                    0x08000cb4   Section        0  _printf_fp_dec.o(.text)
    .text                                    0x080010d0   Section        0  _printf_fp_hex.o(.text)
    .text                                    0x080013cc   Section        0  _printf_char.o(.text)
    .text                                    0x080013f8   Section        0  _printf_wchar.o(.text)
    .text                                    0x08001424   Section        0  _strtoul.o(.text)
    .text                                    0x080014c2   Section        0  _c16rtomb.o(.text)
    .text                                    0x0800150a   Section        0  defsig_rtmem_outer.o(.text)
    .text                                    0x08001518   Section       78  rt_memclr_w.o(.text)
    .text                                    0x08001566   Section       74  sys_stackheap_outer.o(.text)
    .text                                    0x080015b0   Section        8  rt_locale_intlibspace.o(.text)
    .text                                    0x080015b8   Section        0  _printf_fp_infnan.o(.text)
    .text                                    0x08001638   Section        0  _chval.o(.text)
    .text                                    0x08001654   Section        0  bigflt0.o(.text)
    .text                                    0x08001738   Section        0  exit.o(.text)
    .text                                    0x0800174a   Section        0  defsig_exit.o(.text)
    .text                                    0x08001754   Section        0  defsig_rtmem_inner.o(.text)
    .text                                    0x080017a4   Section        0  sys_exit.o(.text)
    .text                                    0x080017b0   Section        2  use_no_semi.o(.text)
    .text                                    0x080017b2   Section        0  indicate_semi.o(.text)
    .text                                    0x080017b2   Section        0  defsig_general.o(.text)
    .text                                    0x080017e4   Section      128  strcmpv7m.o(.text)
    .text                                    0x08001864   Section        0  sys_wrch.o(.text)
    [Anonymous Symbol]                       0x08001874   Section        0  main.o(.text.DHT_Display)
    [Anonymous Symbol]                       0x08001968   Section        0  mydelay.o(.text.Delay_ms)
    [Anonymous Symbol]                       0x080019dc   Section        0  mylcd.o(.text.I2C1_Init)
    [Anonymous Symbol]                       0x08001a70   Section        0  mylcd.o(.text.I2C1_Send_Address)
    [Anonymous Symbol]                       0x08001ab4   Section        0  mylcd.o(.text.I2C1_Start)
    [Anonymous Symbol]                       0x08001ae4   Section        0  mylcd.o(.text.I2C1_Stop)
    [Anonymous Symbol]                       0x08001af8   Section        0  mylcd.o(.text.I2C1_Write)
    [Anonymous Symbol]                       0x08001b3c   Section        0  mylcd.o(.text.I2C1_Write_Buffer)
    [Anonymous Symbol]                       0x08001b90   Section        0  mylcd.o(.text.LCD_I2C_Clear)
    [Anonymous Symbol]                       0x08001ba0   Section        0  mylcd.o(.text.LCD_I2C_Init)
    [Anonymous Symbol]                       0x08001bdc   Section        0  mylcd.o(.text.LCD_I2C_Location)
    [Anonymous Symbol]                       0x08001c1c   Section        0  mylcd.o(.text.LCD_I2C_Write_CMD)
    [Anonymous Symbol]                       0x08001c64   Section        0  mylcd.o(.text.LCD_I2C_Write_DATA)
    [Anonymous Symbol]                       0x08001cb0   Section        0  mylcd.o(.text.LCD_I2C_Write_String)
    [Anonymous Symbol]                       0x08001cf4   Section        0  mypid.o(.text.PID_Controller)
    [Anonymous Symbol]                       0x08001ea4   Section        0  main.o(.text.PinConf)
    [Anonymous Symbol]                       0x08001f08   Section        0  main.o(.text.ReadDHT)
    [Anonymous Symbol]                       0x08001fdc   Section        0  main.o(.text.SendStart)
    SetSysClock                              0x08002045   Thumb Code     8  system_stm32f10x.o(.text.SetSysClock)
    [Anonymous Symbol]                       0x08002044   Section        0  system_stm32f10x.o(.text.SetSysClock)
    SetSysClockTo72                          0x0800204d   Thumb Code   290  system_stm32f10x.o(.text.SetSysClockTo72)
    [Anonymous Symbol]                       0x0800204c   Section        0  system_stm32f10x.o(.text.SetSysClockTo72)
    [Anonymous Symbol]                       0x08002170   Section        0  mysystemclockconfig.o(.text.SysClkConf_72MHz)
    [Anonymous Symbol]                       0x08002238   Section        0  system_stm32f10x.o(.text.SystemInit)
    [Anonymous Symbol]                       0x080022a0   Section        0  main.o(.text.USART1_IRQHandler)
    __NVIC_EnableIRQ                         0x080023d9   Thumb Code    48  myuart.o(.text.__NVIC_EnableIRQ)
    [Anonymous Symbol]                       0x080023d8   Section        0  myuart.o(.text.__NVIC_EnableIRQ)
    __NVIC_SetPriority                       0x08002409   Thumb Code    66  myuart.o(.text.__NVIC_SetPriority)
    [Anonymous Symbol]                       0x08002408   Section        0  myuart.o(.text.__NVIC_SetPriority)
    [Anonymous Symbol]                       0x0800244c   Section        0  main.o(.text.convertStringToDecimal)
    [Anonymous Symbol]                       0x08002470   Section        0  main.o(.text.convertToFormattedString)
    [Anonymous Symbol]                       0x080024c0   Section        0  main.o(.text.main)
    [Anonymous Symbol]                       0x08002764   Section        0  mypwm.o(.text.myPWM_Config)
    [Anonymous Symbol]                       0x08002810   Section        0  myuart.o(.text.myUART_Config)
    [Anonymous Symbol]                       0x0800289c   Section        0  mypwm.o(.text.setDutyCircle)
    [Anonymous Symbol]                       0x080028b4   Section        0  myuart.o(.text.uart_transmit_data)
    CL$$btod_d2e                             0x08002910   Section       62  btod.o(CL$$btod_d2e)
    CL$$btod_d2e_denorm_low                  0x0800294e   Section       70  btod.o(CL$$btod_d2e_denorm_low)
    CL$$btod_d2e_norm_op1                    0x08002994   Section       96  btod.o(CL$$btod_d2e_norm_op1)
    CL$$btod_div_common                      0x080029f4   Section      824  btod.o(CL$$btod_div_common)
    CL$$btod_e2e                             0x08002d2c   Section      220  btod.o(CL$$btod_e2e)
    CL$$btod_ediv                            0x08002e08   Section       42  btod.o(CL$$btod_ediv)
    CL$$btod_emul                            0x08002e32   Section       42  btod.o(CL$$btod_emul)
    CL$$btod_mult_common                     0x08002e5c   Section      580  btod.o(CL$$btod_mult_common)
    i.__ARM_fpclassify                       0x080030a0   Section        0  fpclassify.o(i.__ARM_fpclassify)
    i._is_digit                              0x080030c8   Section        0  __printf_wp.o(i._is_digit)
    locale$$code                             0x080030d8   Section       44  lc_ctype_c.o(locale$$code)
    locale$$code                             0x08003104   Section       44  lc_numeric_c.o(locale$$code)
    x$fpl$dadd                               0x08003130   Section      336  daddsub_clz.o(x$fpl$dadd)
    _dadd1                                   0x08003141   Thumb Code     0  daddsub_clz.o(x$fpl$dadd)
    x$fpl$dcmpinf                            0x08003280   Section       24  dcmpi.o(x$fpl$dcmpinf)
    x$fpl$ddiv                               0x08003298   Section      692  ddiv.o(x$fpl$ddiv)
    ddiv_entry                               0x0800329f   Thumb Code     0  ddiv.o(x$fpl$ddiv)
    x$fpl$deqf                               0x0800354c   Section      120  deqf.o(x$fpl$deqf)
    x$fpl$dfix                               0x080035c4   Section       94  dfix.o(x$fpl$dfix)
    x$fpl$dflt                               0x08003622   Section       46  dflt_clz.o(x$fpl$dflt)
    x$fpl$dgeqf                              0x08003650   Section      120  dgeqf.o(x$fpl$dgeqf)
    x$fpl$dleqf                              0x080036c8   Section      120  dleqf.o(x$fpl$dleqf)
    x$fpl$dmul                               0x08003740   Section      340  dmul.o(x$fpl$dmul)
    x$fpl$dnaninf                            0x08003894   Section      156  dnaninf.o(x$fpl$dnaninf)
    x$fpl$dretinf                            0x08003930   Section       12  dretinf.o(x$fpl$dretinf)
    x$fpl$dsub                               0x0800393c   Section      476  daddsub_clz.o(x$fpl$dsub)
    _dsub1                                   0x0800394d   Thumb Code     0  daddsub_clz.o(x$fpl$dsub)
    x$fpl$fcmp                               0x08003b18   Section       84  dcmp.o(x$fpl$fcmp)
    x$fpl$printf1                            0x08003b6c   Section        4  printf1.o(x$fpl$printf1)
    x$fpl$printf2                            0x08003b70   Section        4  printf2.o(x$fpl$printf2)
    initial_mbstate                          0x08003b74   Data           8  _printf_wctomb.o(.constdata)
    .constdata                               0x08003b74   Section        8  _printf_wctomb.o(.constdata)
    x$fpl$usenofp                            0x08003b74   Section        0  usenofp.o(x$fpl$usenofp)
    uc_hextab                                0x08003b7c   Data          20  _printf_hex_int_ll_ptr.o(.constdata)
    .constdata                               0x08003b7c   Section       40  _printf_hex_int_ll_ptr.o(.constdata)
    lc_hextab                                0x08003b90   Data          20  _printf_hex_int_ll_ptr.o(.constdata)
    maptable                                 0x08003ba4   Data          17  __printf_flags_ss_wp.o(.constdata)
    .constdata                               0x08003ba4   Section       17  __printf_flags_ss_wp.o(.constdata)
    lc_hextab                                0x08003bb5   Data          19  _printf_fp_hex.o(.constdata)
    .constdata                               0x08003bb5   Section       38  _printf_fp_hex.o(.constdata)
    uc_hextab                                0x08003bc8   Data          19  _printf_fp_hex.o(.constdata)
    tenpwrs_x                                0x08003bdc   Data          60  bigflt0.o(.constdata)
    .constdata                               0x08003bdc   Section      148  bigflt0.o(.constdata)
    tenpwrs_i                                0x08003c18   Data          64  bigflt0.o(.constdata)
    .L.str.4                                 0x08003c70   Data           8  main.o(.rodata.str1.1)
    [Anonymous Symbol]                       0x08003c70   Section        0  main.o(.rodata.str1.1)
    .L.str.1                                 0x08003c78   Data           7  main.o(.rodata.str1.1)
    .L.str.5                                 0x08003c7f   Data           2  main.o(.rodata.str1.1)
    .L.str.3                                 0x08003c81   Data           3  main.o(.rodata.str1.1)
    .L.str                                   0x08003c84   Data          10  main.o(.rodata.str1.1)
    .L.str.2                                 0x08003c8e   Data           5  main.o(.rodata.str1.1)
    locale$$data                             0x08003cb4   Section      272  lc_ctype_c.o(locale$$data)
    __lcctype_c_name                         0x08003cb8   Data           2  lc_ctype_c.o(locale$$data)
    __lcctype_c_start                        0x08003cc0   Data           0  lc_ctype_c.o(locale$$data)
    __lcctype_c_end                          0x08003dc4   Data           0  lc_ctype_c.o(locale$$data)
    locale$$data                             0x08003dc4   Section       28  lc_numeric_c.o(locale$$data)
    __lcnum_c_name                           0x08003dc8   Data           2  lc_numeric_c.o(locale$$data)
    __lcnum_c_start                          0x08003dd0   Data           0  lc_numeric_c.o(locale$$data)
    __lcnum_c_point                          0x08003ddc   Data           0  lc_numeric_c.o(locale$$data)
    __lcnum_c_thousands                      0x08003dde   Data           0  lc_numeric_c.o(locale$$data)
    __lcnum_c_grouping                       0x08003ddf   Data           0  lc_numeric_c.o(locale$$data)
    __lcnum_c_end                            0x08003de0   Data           0  lc_numeric_c.o(locale$$data)
    humid_setpoint                           0x20000000   Data           8  main.o(.data.humid_setpoint)
    [Anonymous Symbol]                       0x20000000   Section        0  main.o(.data.humid_setpoint)
    temp_setpoint                            0x20000008   Data           8  main.o(.data.temp_setpoint)
    [Anonymous Symbol]                       0x20000008   Section        0  main.o(.data.temp_setpoint)
    .bss                                     0x20000010   Section       96  libspace.o(.bss)
    DHT_DATA                                 0x20000070   Data          16  main.o(.bss.DHT_DATA)
    [Anonymous Symbol]                       0x20000070   Section        0  main.o(.bss.DHT_DATA)
    DHT_format                               0x20000080   Data           9  main.o(.bss.DHT_format)
    [Anonymous Symbol]                       0x20000080   Section        0  main.o(.bss.DHT_format)
    checksum                                 0x20000089   Data           1  main.o(.bss.checksum)
    [Anonymous Symbol]                       0x20000089   Section        0  main.o(.bss.checksum)
    dht_data                                 0x2000008a   Data           5  main.o(.bss.dht_data)
    [Anonymous Symbol]                       0x2000008a   Section        0  main.o(.bss.dht_data)
    duty_cycle                               0x20000090   Data           2  mypid.o(.bss.duty_cycle)
    [Anonymous Symbol]                       0x20000090   Section        0  mypid.o(.bss.duty_cycle)
    error                                    0x20000098   Data           8  mypid.o(.bss.error)
    [Anonymous Symbol]                       0x20000098   Section        0  mypid.o(.bss.error)
    error_integral                           0x200000a0   Data           8  mypid.o(.bss.error_integral)
    [Anonymous Symbol]                       0x200000a0   Section        0  mypid.o(.bss.error_integral)
    h                                        0x200000a8   Data           4  main.o(.bss.h)
    [Anonymous Symbol]                       0x200000a8   Section        0  main.o(.bss.h)
    humid                                    0x200000b0   Data           8  main.o(.bss.humid)
    [Anonymous Symbol]                       0x200000b0   Section        0  main.o(.bss.humid)
    humidity_decimal                         0x200000b8   Data           1  main.o(.bss.humidity_decimal)
    [Anonymous Symbol]                       0x200000b8   Section        0  main.o(.bss.humidity_decimal)
    humidity_integer                         0x200000b9   Data           1  main.o(.bss.humidity_integer)
    [Anonymous Symbol]                       0x200000b9   Section        0  main.o(.bss.humidity_integer)
    last_error                               0x200000c0   Data           8  mypid.o(.bss.last_error)
    [Anonymous Symbol]                       0x200000c0   Section        0  mypid.o(.bss.last_error)
    mode_control                             0x200000c8   Data           1  main.o(.bss.mode_control)
    [Anonymous Symbol]                       0x200000c8   Section        0  main.o(.bss.mode_control)
    t                                        0x200000cc   Data           4  main.o(.bss.t)
    [Anonymous Symbol]                       0x200000cc   Section        0  main.o(.bss.t)
    temp                                     0x200000d0   Data           8  main.o(.bss.temp)
    [Anonymous Symbol]                       0x200000d0   Section        0  main.o(.bss.temp)
    temperature_decimal                      0x200000d8   Data           1  main.o(.bss.temperature_decimal)
    [Anonymous Symbol]                       0x200000d8   Section        0  main.o(.bss.temperature_decimal)
    temperature_integer                      0x200000d9   Data           1  main.o(.bss.temperature_integer)
    [Anonymous Symbol]                       0x200000d9   Section        0  main.o(.bss.temperature_integer)
    uart_index                               0x200000da   Data           1  main.o(.bss.uart_index)
    [Anonymous Symbol]                       0x200000da   Section        0  main.o(.bss.uart_index)
    uart_receive                             0x200000db   Data           5  main.o(.bss.uart_receive)
    [Anonymous Symbol]                       0x200000db   Section        0  main.o(.bss.uart_receive)
    Heap_Mem                                 0x200000e0   Data         512  startup_stm32f10x_md.o(HEAP)
    HEAP                                     0x200000e0   Section      512  startup_stm32f10x_md.o(HEAP)
    Stack_Mem                                0x200002e0   Data        1024  startup_stm32f10x_md.o(STACK)
    STACK                                    0x200002e0   Section     1024  startup_stm32f10x_md.o(STACK)
    __initial_sp                             0x200006e0   Data           0  startup_stm32f10x_md.o(STACK)

    Global Symbols

    Symbol Name                              Value     Ov Type        Size  Object(Section)

    BuildAttributes$$THM_ISAv4$P$D$K$B$S$PE$A:L22UL41UL21$X:L11$S22US41US21$IEEE1$IW$~IW$USESV6$~STKCKD$USESV7$~SHL$OTIME$ROPI$IEEEJ$EBA8$UX$STANDARDLIB$REQ8$PRES8$EABIv2 0x00000000   Number         0  anon$$obj.o ABSOLUTE
    __fp_init_empty                          0x00000000   Number         0  fpinit_empty.o ABSOLUTE
    _printf_flags                            0x00000000   Number         0  printf_stubs.o ABSOLUTE
    _printf_return_value                     0x00000000   Number         0  printf_stubs.o ABSOLUTE
    _printf_sizespec                         0x00000000   Number         0  printf_stubs.o ABSOLUTE
    _printf_widthprec                        0x00000000   Number         0  printf_stubs.o ABSOLUTE
    __ARM_exceptions_init                     - Undefined Weak Reference
    __alloca_initialize                       - Undefined Weak Reference
    __arm_preinit_                            - Undefined Weak Reference
    __arm_relocate_pie_                       - Undefined Weak Reference
    __cpp_initialize__aeabi_                  - Undefined Weak Reference
    __cxa_finalize                            - Undefined Weak Reference
    __sigvec_lookup                           - Undefined Weak Reference
    __user_heap_extent                        - Undefined Weak Reference
    _atexit_init                              - Undefined Weak Reference
    _call_atexit_fns                          - Undefined Weak Reference
    _clock_init                               - Undefined Weak Reference
    _fp_trap_init                             - Undefined Weak Reference
    _fp_trap_shutdown                         - Undefined Weak Reference
    _get_lc_collate                           - Undefined Weak Reference
    _get_lc_monetary                          - Undefined Weak Reference
    _get_lc_time                              - Undefined Weak Reference
    _getenv_init                              - Undefined Weak Reference
    _handle_redirection                       - Undefined Weak Reference
    _initio                                   - Undefined Weak Reference
    _mutex_acquire                            - Undefined Weak Reference
    _mutex_free                               - Undefined Weak Reference
    _mutex_release                            - Undefined Weak Reference
    _printf_mbtowc                            - Undefined Weak Reference
    _printf_wc                                - Undefined Weak Reference
    _rand_init                                - Undefined Weak Reference
    _signal_finish                            - Undefined Weak Reference
    _signal_init                              - Undefined Weak Reference
    _terminateio                              - Undefined Weak Reference
    __Vectors_Size                           0x000000ec   Number         0  startup_stm32f10x_md.o ABSOLUTE
    __Vectors                                0x08000000   Data           4  startup_stm32f10x_md.o(RESET)
    __Vectors_End                            0x080000ec   Data           0  startup_stm32f10x_md.o(RESET)
    __main                                   0x080000ed   Thumb Code     8  __main.o(!!!main)
    __scatterload                            0x080000f5   Thumb Code     0  __scatter.o(!!!scatter)
    __scatterload_rt2                        0x080000f5   Thumb Code    84  __scatter.o(!!!scatter)
    __scatterload_rt2_thumb_only             0x080000f5   Thumb Code     0  __scatter.o(!!!scatter)
    __scatterload_loop                       0x080000ff   Thumb Code     0  __scatter.o(!!!scatter)
    __scatterload_copy                       0x08000151   Thumb Code    26  __scatter_copy.o(!!handler_copy)
    __scatterload_null                       0x0800016d   Thumb Code     2  __scatter.o(!!handler_null)
    __scatterload_zeroinit                   0x08000171   Thumb Code    28  __scatter_zi.o(!!handler_zi)
    _printf_n                                0x0800018d   Thumb Code     0  _printf_n.o(.ARM.Collect$$_printf_percent$$00000001)
    _printf_percent                          0x0800018d   Thumb Code     0  _printf_percent.o(.ARM.Collect$$_printf_percent$$00000000)
    _printf_p                                0x08000193   Thumb Code     0  _printf_p.o(.ARM.Collect$$_printf_percent$$00000002)
    _printf_f                                0x08000199   Thumb Code     0  _printf_f.o(.ARM.Collect$$_printf_percent$$00000003)
    _printf_e                                0x0800019f   Thumb Code     0  _printf_e.o(.ARM.Collect$$_printf_percent$$00000004)
    _printf_g                                0x080001a5   Thumb Code     0  _printf_g.o(.ARM.Collect$$_printf_percent$$00000005)
    _printf_a                                0x080001ab   Thumb Code     0  _printf_a.o(.ARM.Collect$$_printf_percent$$00000006)
    _printf_ll                               0x080001b1   Thumb Code     0  _printf_ll.o(.ARM.Collect$$_printf_percent$$00000007)
    _printf_i                                0x080001bb   Thumb Code     0  _printf_i.o(.ARM.Collect$$_printf_percent$$00000008)
    _printf_d                                0x080001c1   Thumb Code     0  _printf_d.o(.ARM.Collect$$_printf_percent$$00000009)
    _printf_u                                0x080001c7   Thumb Code     0  _printf_u.o(.ARM.Collect$$_printf_percent$$0000000A)
    _printf_o                                0x080001cd   Thumb Code     0  _printf_o.o(.ARM.Collect$$_printf_percent$$0000000B)
    _printf_x                                0x080001d3   Thumb Code     0  _printf_x.o(.ARM.Collect$$_printf_percent$$0000000C)
    _printf_lli                              0x080001d9   Thumb Code     0  _printf_lli.o(.ARM.Collect$$_printf_percent$$0000000D)
    _printf_lld                              0x080001df   Thumb Code     0  _printf_lld.o(.ARM.Collect$$_printf_percent$$0000000E)
    _printf_llu                              0x080001e5   Thumb Code     0  _printf_llu.o(.ARM.Collect$$_printf_percent$$0000000F)
    _printf_llo                              0x080001eb   Thumb Code     0  _printf_llo.o(.ARM.Collect$$_printf_percent$$00000010)
    _printf_llx                              0x080001f1   Thumb Code     0  _printf_llx.o(.ARM.Collect$$_printf_percent$$00000011)
    _printf_l                                0x080001f7   Thumb Code     0  _printf_l.o(.ARM.Collect$$_printf_percent$$00000012)
    _printf_c                                0x08000201   Thumb Code     0  _printf_c.o(.ARM.Collect$$_printf_percent$$00000013)
    _printf_s                                0x08000207   Thumb Code     0  _printf_s.o(.ARM.Collect$$_printf_percent$$00000014)
    _printf_lc                               0x0800020d   Thumb Code     0  _printf_lc.o(.ARM.Collect$$_printf_percent$$00000015)
    _printf_ls                               0x08000213   Thumb Code     0  _printf_ls.o(.ARM.Collect$$_printf_percent$$00000016)
    _printf_percent_end                      0x08000219   Thumb Code     0  _printf_percent_end.o(.ARM.Collect$$_printf_percent$$00000017)
    __rt_lib_init                            0x0800021d   Thumb Code     0  libinit.o(.ARM.Collect$$libinit$$00000000)
    __rt_lib_init_fp_1                       0x0800021f   Thumb Code     0  libinit2.o(.ARM.Collect$$libinit$$00000002)
    __rt_lib_init_heap_2                     0x0800021f   Thumb Code     0  libinit2.o(.ARM.Collect$$libinit$$00000007)
    __rt_lib_init_preinit_1                  0x0800021f   Thumb Code     0  libinit2.o(.ARM.Collect$$libinit$$00000006)
    __rt_lib_init_relocate_pie_1             0x0800021f   Thumb Code     0  libinit2.o(.ARM.Collect$$libinit$$00000004)
    __rt_lib_init_heap_1                     0x08000227   Thumb Code     0  libinit2.o(.ARM.Collect$$libinit$$0000000C)
    __rt_lib_init_lc_common                  0x08000227   Thumb Code     0  libinit2.o(.ARM.Collect$$libinit$$00000011)
    __rt_lib_init_rand_1                     0x08000227   Thumb Code     0  libinit2.o(.ARM.Collect$$libinit$$00000010)
    __rt_lib_init_user_alloc_1               0x08000227   Thumb Code     0  libinit2.o(.ARM.Collect$$libinit$$0000000E)
    __rt_lib_init_lc_collate_1               0x0800022d   Thumb Code     0  libinit2.o(.ARM.Collect$$libinit$$00000013)
    __rt_lib_init_lc_ctype_2                 0x0800022d   Thumb Code     0  libinit2.o(.ARM.Collect$$libinit$$00000014)
    __rt_lib_init_lc_ctype_1                 0x08000239   Thumb Code     0  libinit2.o(.ARM.Collect$$libinit$$00000015)
    __rt_lib_init_lc_monetary_1              0x08000239   Thumb Code     0  libinit2.o(.ARM.Collect$$libinit$$00000017)
    __rt_lib_init_lc_numeric_2               0x08000239   Thumb Code     0  libinit2.o(.ARM.Collect$$libinit$$00000018)
    __rt_lib_init_alloca_1                   0x08000243   Thumb Code     0  libinit2.o(.ARM.Collect$$libinit$$00000030)
    __rt_lib_init_argv_1                     0x08000243   Thumb Code     0  libinit2.o(.ARM.Collect$$libinit$$0000002E)
    __rt_lib_init_atexit_1                   0x08000243   Thumb Code     0  libinit2.o(.ARM.Collect$$libinit$$0000001D)
    __rt_lib_init_clock_1                    0x08000243   Thumb Code     0  libinit2.o(.ARM.Collect$$libinit$$00000023)
    __rt_lib_init_cpp_1                      0x08000243   Thumb Code     0  libinit2.o(.ARM.Collect$$libinit$$00000034)
    __rt_lib_init_exceptions_1               0x08000243   Thumb Code     0  libinit2.o(.ARM.Collect$$libinit$$00000032)
    __rt_lib_init_fp_trap_1                  0x08000243   Thumb Code     0  libinit2.o(.ARM.Collect$$libinit$$00000021)
    __rt_lib_init_getenv_1                   0x08000243   Thumb Code     0  libinit2.o(.ARM.Collect$$libinit$$00000025)
    __rt_lib_init_lc_numeric_1               0x08000243   Thumb Code     0  libinit2.o(.ARM.Collect$$libinit$$00000019)
    __rt_lib_init_lc_time_1                  0x08000243   Thumb Code     0  libinit2.o(.ARM.Collect$$libinit$$0000001B)
    __rt_lib_init_return                     0x08000243   Thumb Code     0  libinit2.o(.ARM.Collect$$libinit$$00000035)
    __rt_lib_init_signal_1                   0x08000243   Thumb Code     0  libinit2.o(.ARM.Collect$$libinit$$0000001F)
    __rt_lib_init_stdio_1                    0x08000243   Thumb Code     0  libinit2.o(.ARM.Collect$$libinit$$00000027)
    __rt_lib_shutdown                        0x08000245   Thumb Code     0  libshutdown.o(.ARM.Collect$$libshutdown$$00000000)
    __rt_lib_shutdown_cpp_1                  0x08000247   Thumb Code     0  libshutdown2.o(.ARM.Collect$$libshutdown$$00000002)
    __rt_lib_shutdown_fp_trap_1              0x08000247   Thumb Code     0  libshutdown2.o(.ARM.Collect$$libshutdown$$00000007)
    __rt_lib_shutdown_heap_1                 0x08000247   Thumb Code     0  libshutdown2.o(.ARM.Collect$$libshutdown$$0000000F)
    __rt_lib_shutdown_return                 0x08000247   Thumb Code     0  libshutdown2.o(.ARM.Collect$$libshutdown$$00000010)
    __rt_lib_shutdown_signal_1               0x08000247   Thumb Code     0  libshutdown2.o(.ARM.Collect$$libshutdown$$0000000A)
    __rt_lib_shutdown_stdio_1                0x08000247   Thumb Code     0  libshutdown2.o(.ARM.Collect$$libshutdown$$00000004)
    __rt_lib_shutdown_user_alloc_1           0x08000247   Thumb Code     0  libshutdown2.o(.ARM.Collect$$libshutdown$$0000000C)
    __rt_entry                               0x08000249   Thumb Code     0  __rtentry.o(.ARM.Collect$$rtentry$$00000000)
    __rt_entry_presh_1                       0x08000249   Thumb Code     0  __rtentry2.o(.ARM.Collect$$rtentry$$00000002)
    __rt_entry_sh                            0x08000249   Thumb Code     0  __rtentry4.o(.ARM.Collect$$rtentry$$00000004)
    __rt_entry_li                            0x0800024f   Thumb Code     0  __rtentry2.o(.ARM.Collect$$rtentry$$0000000A)
    __rt_entry_postsh_1                      0x0800024f   Thumb Code     0  __rtentry2.o(.ARM.Collect$$rtentry$$00000009)
    __rt_entry_main                          0x08000253   Thumb Code     0  __rtentry2.o(.ARM.Collect$$rtentry$$0000000D)
    __rt_entry_postli_1                      0x08000253   Thumb Code     0  __rtentry2.o(.ARM.Collect$$rtentry$$0000000C)
    __rt_exit                                0x0800025b   Thumb Code     0  rtexit.o(.ARM.Collect$$rtexit$$00000000)
    __rt_exit_ls                             0x0800025d   Thumb Code     0  rtexit2.o(.ARM.Collect$$rtexit$$00000003)
    __rt_exit_prels_1                        0x0800025d   Thumb Code     0  rtexit2.o(.ARM.Collect$$rtexit$$00000002)
    __rt_exit_exit                           0x08000261   Thumb Code     0  rtexit2.o(.ARM.Collect$$rtexit$$00000004)
    Reset_Handler                            0x08000269   Thumb Code     8  startup_stm32f10x_md.o(.text)
    NMI_Handler                              0x08000271   Thumb Code     2  startup_stm32f10x_md.o(.text)
    HardFault_Handler                        0x08000273   Thumb Code     2  startup_stm32f10x_md.o(.text)
    MemManage_Handler                        0x08000275   Thumb Code     2  startup_stm32f10x_md.o(.text)
    BusFault_Handler                         0x08000277   Thumb Code     2  startup_stm32f10x_md.o(.text)
    UsageFault_Handler                       0x08000279   Thumb Code     2  startup_stm32f10x_md.o(.text)
    SVC_Handler                              0x0800027b   Thumb Code     2  startup_stm32f10x_md.o(.text)
    DebugMon_Handler                         0x0800027d   Thumb Code     2  startup_stm32f10x_md.o(.text)
    PendSV_Handler                           0x0800027f   Thumb Code     2  startup_stm32f10x_md.o(.text)
    SysTick_Handler                          0x08000281   Thumb Code     2  startup_stm32f10x_md.o(.text)
    ADC1_2_IRQHandler                        0x08000283   Thumb Code     0  startup_stm32f10x_md.o(.text)
    CAN1_RX1_IRQHandler                      0x08000283   Thumb Code     0  startup_stm32f10x_md.o(.text)
    CAN1_SCE_IRQHandler                      0x08000283   Thumb Code     0  startup_stm32f10x_md.o(.text)
    DMA1_Channel1_IRQHandler                 0x08000283   Thumb Code     0  startup_stm32f10x_md.o(.text)
    DMA1_Channel2_IRQHandler                 0x08000283   Thumb Code     0  startup_stm32f10x_md.o(.text)
    DMA1_Channel3_IRQHandler                 0x08000283   Thumb Code     0  startup_stm32f10x_md.o(.text)
    DMA1_Channel4_IRQHandler                 0x08000283   Thumb Code     0  startup_stm32f10x_md.o(.text)
    DMA1_Channel5_IRQHandler                 0x08000283   Thumb Code     0  startup_stm32f10x_md.o(.text)
    DMA1_Channel6_IRQHandler                 0x08000283   Thumb Code     0  startup_stm32f10x_md.o(.text)
    DMA1_Channel7_IRQHandler                 0x08000283   Thumb Code     0  startup_stm32f10x_md.o(.text)
    EXTI0_IRQHandler                         0x08000283   Thumb Code     0  startup_stm32f10x_md.o(.text)
    EXTI15_10_IRQHandler                     0x08000283   Thumb Code     0  startup_stm32f10x_md.o(.text)
    EXTI1_IRQHandler                         0x08000283   Thumb Code     0  startup_stm32f10x_md.o(.text)
    EXTI2_IRQHandler                         0x08000283   Thumb Code     0  startup_stm32f10x_md.o(.text)
    EXTI3_IRQHandler                         0x08000283   Thumb Code     0  startup_stm32f10x_md.o(.text)
    EXTI4_IRQHandler                         0x08000283   Thumb Code     0  startup_stm32f10x_md.o(.text)
    EXTI9_5_IRQHandler                       0x08000283   Thumb Code     0  startup_stm32f10x_md.o(.text)
    FLASH_IRQHandler                         0x08000283   Thumb Code     0  startup_stm32f10x_md.o(.text)
    I2C1_ER_IRQHandler                       0x08000283   Thumb Code     0  startup_stm32f10x_md.o(.text)
    I2C1_EV_IRQHandler                       0x08000283   Thumb Code     0  startup_stm32f10x_md.o(.text)
    I2C2_ER_IRQHandler                       0x08000283   Thumb Code     0  startup_stm32f10x_md.o(.text)
    I2C2_EV_IRQHandler                       0x08000283   Thumb Code     0  startup_stm32f10x_md.o(.text)
    PVD_IRQHandler                           0x08000283   Thumb Code     0  startup_stm32f10x_md.o(.text)
    RCC_IRQHandler                           0x08000283   Thumb Code     0  startup_stm32f10x_md.o(.text)
    RTCAlarm_IRQHandler                      0x08000283   Thumb Code     0  startup_stm32f10x_md.o(.text)
    RTC_IRQHandler                           0x08000283   Thumb Code     0  startup_stm32f10x_md.o(.text)
    SPI1_IRQHandler                          0x08000283   Thumb Code     0  startup_stm32f10x_md.o(.text)
    SPI2_IRQHandler                          0x08000283   Thumb Code     0  startup_stm32f10x_md.o(.text)
    TAMPER_IRQHandler                        0x08000283   Thumb Code     0  startup_stm32f10x_md.o(.text)
    TIM1_BRK_IRQHandler                      0x08000283   Thumb Code     0  startup_stm32f10x_md.o(.text)
    TIM1_CC_IRQHandler                       0x08000283   Thumb Code     0  startup_stm32f10x_md.o(.text)
    TIM1_TRG_COM_IRQHandler                  0x08000283   Thumb Code     0  startup_stm32f10x_md.o(.text)
    TIM1_UP_IRQHandler                       0x08000283   Thumb Code     0  startup_stm32f10x_md.o(.text)
    TIM2_IRQHandler                          0x08000283   Thumb Code     0  startup_stm32f10x_md.o(.text)
    TIM3_IRQHandler                          0x08000283   Thumb Code     0  startup_stm32f10x_md.o(.text)
    TIM4_IRQHandler                          0x08000283   Thumb Code     0  startup_stm32f10x_md.o(.text)
    USART2_IRQHandler                        0x08000283   Thumb Code     0  startup_stm32f10x_md.o(.text)
    USART3_IRQHandler                        0x08000283   Thumb Code     0  startup_stm32f10x_md.o(.text)
    USBWakeUp_IRQHandler                     0x08000283   Thumb Code     0  startup_stm32f10x_md.o(.text)
    USB_HP_CAN1_TX_IRQHandler                0x08000283   Thumb Code     0  startup_stm32f10x_md.o(.text)
    USB_LP_CAN1_RX0_IRQHandler               0x08000283   Thumb Code     0  startup_stm32f10x_md.o(.text)
    WWDG_IRQHandler                          0x08000283   Thumb Code     0  startup_stm32f10x_md.o(.text)
    __user_initial_stackheap                 0x08000285   Thumb Code     0  startup_stm32f10x_md.o(.text)
    calloc                                   0x080002a9   Thumb Code    40  calloc.o(.text)
    free                                     0x080002d1   Thumb Code    78  h1_free.o(.text)
    sprintf                                  0x08000321   Thumb Code    38  sprintf.o(.text)
    atoi                                     0x0800034d   Thumb Code    26  atoi.o(.text)
    strcpy                                   0x08000367   Thumb Code    72  strcpy.o(.text)
    strlen                                   0x080003af   Thumb Code    62  strlen.o(.text)
    strcat                                   0x080003ed   Thumb Code    24  strcat.o(.text)
    __use_two_region_memory                  0x08000405   Thumb Code     2  heapauxi.o(.text)
    __rt_heap_escrow                         0x08000407   Thumb Code     2  heapauxi.o(.text)
    __rt_heap_expand                         0x08000409   Thumb Code     2  heapauxi.o(.text)
    __rt_heap_descriptor                     0x0800040d   Thumb Code     8  rt_heap_descriptor_intlibspace.o(.text)
    __aeabi_errno_addr                       0x08000415   Thumb Code     8  rt_errno_addr_intlibspace.o(.text)
    __errno$intlibspace                      0x08000415   Thumb Code     0  rt_errno_addr_intlibspace.o(.text)
    __rt_errno_addr$intlibspace              0x08000415   Thumb Code     0  rt_errno_addr_intlibspace.o(.text)
    __use_no_heap                            0x0800041d   Thumb Code     2  hguard.o(.text)
    __heap$guard                             0x0800041f   Thumb Code     2  hguard.o(.text)
    _terminate_user_alloc                    0x08000421   Thumb Code     2  init_alloc.o(.text)
    _init_user_alloc                         0x08000423   Thumb Code     2  init_alloc.o(.text)
    __Heap_Full                              0x08000425   Thumb Code    34  init_alloc.o(.text)
    __Heap_Broken                            0x08000447   Thumb Code     6  init_alloc.o(.text)
    _init_alloc                              0x0800044d   Thumb Code    94  init_alloc.o(.text)
    malloc                                   0x080004ab   Thumb Code    94  h1_alloc.o(.text)
    _printf_pre_padding                      0x08000509   Thumb Code    44  _printf_pad.o(.text)
    _printf_post_padding                     0x08000535   Thumb Code    34  _printf_pad.o(.text)
    _printf_truncate_signed                  0x08000557   Thumb Code    18  _printf_truncate.o(.text)
    _printf_truncate_unsigned                0x08000569   Thumb Code    18  _printf_truncate.o(.text)
    _printf_str                              0x0800057b   Thumb Code    82  _printf_str.o(.text)
    _printf_int_dec                          0x080005cd   Thumb Code   104  _printf_dec.o(.text)
    _printf_charcount                        0x08000645   Thumb Code    40  _printf_charcount.o(.text)
    _printf_char_common                      0x08000677   Thumb Code    32  _printf_char_common.o(.text)
    _sputc                                   0x0800069d   Thumb Code    10  _sputc.o(.text)
    _printf_wctomb                           0x080006a9   Thumb Code   182  _printf_wctomb.o(.text)
    _printf_longlong_dec                     0x08000765   Thumb Code   108  _printf_longlong_dec.o(.text)
    _printf_longlong_oct                     0x080007e1   Thumb Code    68  _printf_oct_int_ll.o(.text)
    _printf_int_oct                          0x08000825   Thumb Code    24  _printf_oct_int_ll.o(.text)
    _printf_ll_oct                           0x0800083d   Thumb Code    12  _printf_oct_int_ll.o(.text)
    _printf_longlong_hex                     0x08000851   Thumb Code    86  _printf_hex_int_ll_ptr.o(.text)
    _printf_int_hex                          0x080008a7   Thumb Code    28  _printf_hex_int_ll_ptr.o(.text)
    _printf_ll_hex                           0x080008c3   Thumb Code    12  _printf_hex_int_ll_ptr.o(.text)
    _printf_hex_ptr                          0x080008cf   Thumb Code    18  _printf_hex_int_ll_ptr.o(.text)
    __printf                                 0x080008e5   Thumb Code   388  __printf_flags_ss_wp.o(.text)
    strtol                                   0x08000a6d   Thumb Code   112  strtol.o(.text)
    __aeabi_memclr                           0x08000add   Thumb Code     0  rt_memclr.o(.text)
    __rt_memclr                              0x08000add   Thumb Code     0  rt_memclr.o(.text)
    _memset                                  0x08000ae1   Thumb Code    64  rt_memclr.o(.text)
    __user_libspace                          0x08000b21   Thumb Code     8  libspace.o(.text)
    __user_perproc_libspace                  0x08000b21   Thumb Code     0  libspace.o(.text)
    __user_perthread_libspace                0x08000b21   Thumb Code     0  libspace.o(.text)
    __rt_ctype_table                         0x08000b29   Thumb Code    16  rt_ctype_table.o(.text)
    __Heap_Initialize                        0x08000b39   Thumb Code     8  h1_init.o(.text)
    _maybe_terminate_alloc                   0x08000b39   Thumb Code     0  maybetermalloc1.o(.text)
    __Heap_DescSize                          0x08000b41   Thumb Code     4  h1_init.o(.text)
    __Heap_ProvideMemory                     0x08000b45   Thumb Code    52  h1_extend.o(.text)
    _ll_udiv10                               0x08000b79   Thumb Code   138  lludiv10.o(.text)
    _printf_int_common                       0x08000c03   Thumb Code   178  _printf_intcommon.o(.text)
    _printf_fp_dec_real                      0x08000e65   Thumb Code   620  _printf_fp_dec.o(.text)
    _printf_fp_hex_real                      0x080010d1   Thumb Code   756  _printf_fp_hex.o(.text)
    _printf_cs_common                        0x080013cd   Thumb Code    20  _printf_char.o(.text)
    _printf_char                             0x080013e1   Thumb Code    16  _printf_char.o(.text)
    _printf_string                           0x080013f1   Thumb Code     8  _printf_char.o(.text)
    _printf_lcs_common                       0x080013f9   Thumb Code    20  _printf_wchar.o(.text)
    _printf_wchar                            0x0800140d   Thumb Code    16  _printf_wchar.o(.text)
    _printf_wstring                          0x0800141d   Thumb Code     8  _printf_wchar.o(.text)
    _strtoul                                 0x08001425   Thumb Code   158  _strtoul.o(.text)
    _c16rtomb                                0x080014c3   Thumb Code    72  _c16rtomb.o(.text)
    _wcrtomb                                 0x080014c3   Thumb Code     0  _c16rtomb.o(.text)
    __rt_SIGRTMEM                            0x0800150b   Thumb Code    14  defsig_rtmem_outer.o(.text)
    __aeabi_memclr4                          0x08001519   Thumb Code     0  rt_memclr_w.o(.text)
    __aeabi_memclr8                          0x08001519   Thumb Code     0  rt_memclr_w.o(.text)
    __rt_memclr_w                            0x08001519   Thumb Code     0  rt_memclr_w.o(.text)
    _memset_w                                0x0800151d   Thumb Code    74  rt_memclr_w.o(.text)
    __user_setup_stackheap                   0x08001567   Thumb Code    74  sys_stackheap_outer.o(.text)
    __rt_locale                              0x080015b1   Thumb Code     8  rt_locale_intlibspace.o(.text)
    _printf_fp_infnan                        0x080015b9   Thumb Code   112  _printf_fp_infnan.o(.text)
    _chval                                   0x08001639   Thumb Code    28  _chval.o(.text)
    _btod_etento                             0x08001655   Thumb Code   224  bigflt0.o(.text)
    exit                                     0x08001739   Thumb Code    18  exit.o(.text)
    __sig_exit                               0x0800174b   Thumb Code    10  defsig_exit.o(.text)
    __rt_SIGRTMEM_inner                      0x08001755   Thumb Code    22  defsig_rtmem_inner.o(.text)
    _sys_exit                                0x080017a5   Thumb Code     8  sys_exit.o(.text)
    __I$use$semihosting                      0x080017b1   Thumb Code     0  use_no_semi.o(.text)
    __use_no_semihosting_swi                 0x080017b1   Thumb Code     2  use_no_semi.o(.text)
    __default_signal_display                 0x080017b3   Thumb Code    50  defsig_general.o(.text)
    __semihosting_library_function           0x080017b3   Thumb Code     0  indicate_semi.o(.text)
    strcmp                                   0x080017e5   Thumb Code   128  strcmpv7m.o(.text)
    _ttywrch                                 0x08001865   Thumb Code    14  sys_wrch.o(.text)
    DHT_Display                              0x08001875   Thumb Code   242  main.o(.text.DHT_Display)
    Delay_ms                                 0x08001969   Thumb Code   114  mydelay.o(.text.Delay_ms)
    I2C1_Init                                0x080019dd   Thumb Code   146  mylcd.o(.text.I2C1_Init)
    I2C1_Send_Address                        0x08001a71   Thumb Code    68  mylcd.o(.text.I2C1_Send_Address)
    I2C1_Start                               0x08001ab5   Thumb Code    48  mylcd.o(.text.I2C1_Start)
    I2C1_Stop                                0x08001ae5   Thumb Code    18  mylcd.o(.text.I2C1_Stop)
    I2C1_Write                               0x08001af9   Thumb Code    68  mylcd.o(.text.I2C1_Write)
    I2C1_Write_Buffer                        0x08001b3d   Thumb Code    82  mylcd.o(.text.I2C1_Write_Buffer)
    LCD_I2C_Clear                            0x08001b91   Thumb Code    16  mylcd.o(.text.LCD_I2C_Clear)
    LCD_I2C_Init                             0x08001ba1   Thumb Code    58  mylcd.o(.text.LCD_I2C_Init)
    LCD_I2C_Location                         0x08001bdd   Thumb Code    64  mylcd.o(.text.LCD_I2C_Location)
    LCD_I2C_Write_CMD                        0x08001c1d   Thumb Code    72  mylcd.o(.text.LCD_I2C_Write_CMD)
    LCD_I2C_Write_DATA                       0x08001c65   Thumb Code    76  mylcd.o(.text.LCD_I2C_Write_DATA)
    LCD_I2C_Write_String                     0x08001cb1   Thumb Code    66  mylcd.o(.text.LCD_I2C_Write_String)
    PID_Controller                           0x08001cf5   Thumb Code   430  mypid.o(.text.PID_Controller)
    PinConf                                  0x08001ea5   Thumb Code    98  main.o(.text.PinConf)
    ReadDHT                                  0x08001f09   Thumb Code   212  main.o(.text.ReadDHT)
    SendStart                                0x08001fdd   Thumb Code   102  main.o(.text.SendStart)
    SysClkConf_72MHz                         0x08002171   Thumb Code   200  mysystemclockconfig.o(.text.SysClkConf_72MHz)
    SystemInit                               0x08002239   Thumb Code   102  system_stm32f10x.o(.text.SystemInit)
    USART1_IRQHandler                        0x080022a1   Thumb Code   312  main.o(.text.USART1_IRQHandler)
    convertStringToDecimal                   0x0800244d   Thumb Code    34  main.o(.text.convertStringToDecimal)
    convertToFormattedString                 0x08002471   Thumb Code    78  main.o(.text.convertToFormattedString)
    main                                     0x080024c1   Thumb Code   676  main.o(.text.main)
    myPWM_Config                             0x08002765   Thumb Code   172  mypwm.o(.text.myPWM_Config)
    myUART_Config                            0x08002811   Thumb Code   140  myuart.o(.text.myUART_Config)
    setDutyCircle                            0x0800289d   Thumb Code    24  mypwm.o(.text.setDutyCircle)
    uart_transmit_data                       0x080028b5   Thumb Code    92  myuart.o(.text.uart_transmit_data)
    _btod_d2e                                0x08002911   Thumb Code    62  btod.o(CL$$btod_d2e)
    _d2e_denorm_low                          0x0800294f   Thumb Code    70  btod.o(CL$$btod_d2e_denorm_low)
    _d2e_norm_op1                            0x08002995   Thumb Code    96  btod.o(CL$$btod_d2e_norm_op1)
    __btod_div_common                        0x080029f5   Thumb Code   696  btod.o(CL$$btod_div_common)
    _e2e                                     0x08002d2d   Thumb Code   220  btod.o(CL$$btod_e2e)
    _btod_ediv                               0x08002e09   Thumb Code    42  btod.o(CL$$btod_ediv)
    _btod_emul                               0x08002e33   Thumb Code    42  btod.o(CL$$btod_emul)
    __btod_mult_common                       0x08002e5d   Thumb Code   580  btod.o(CL$$btod_mult_common)
    __ARM_fpclassify                         0x080030a1   Thumb Code    40  fpclassify.o(i.__ARM_fpclassify)
    _is_digit                                0x080030c9   Thumb Code    14  __printf_wp.o(i._is_digit)
    _get_lc_ctype                            0x080030d9   Thumb Code    44  lc_ctype_c.o(locale$$code)
    _get_lc_numeric                          0x08003105   Thumb Code    44  lc_numeric_c.o(locale$$code)
    __aeabi_dadd                             0x08003131   Thumb Code     0  daddsub_clz.o(x$fpl$dadd)
    _dadd                                    0x08003131   Thumb Code   332  daddsub_clz.o(x$fpl$dadd)
    __fpl_dcmp_Inf                           0x08003281   Thumb Code    24  dcmpi.o(x$fpl$dcmpinf)
    __aeabi_ddiv                             0x08003299   Thumb Code     0  ddiv.o(x$fpl$ddiv)
    _ddiv                                    0x08003299   Thumb Code   556  ddiv.o(x$fpl$ddiv)
    __aeabi_cdcmpeq                          0x0800354d   Thumb Code     0  deqf.o(x$fpl$deqf)
    _dcmpeq                                  0x0800354d   Thumb Code   120  deqf.o(x$fpl$deqf)
    __aeabi_d2iz                             0x080035c5   Thumb Code     0  dfix.o(x$fpl$dfix)
    _dfix                                    0x080035c5   Thumb Code    94  dfix.o(x$fpl$dfix)
    __aeabi_i2d                              0x08003623   Thumb Code     0  dflt_clz.o(x$fpl$dflt)
    _dflt                                    0x08003623   Thumb Code    46  dflt_clz.o(x$fpl$dflt)
    __aeabi_cdcmpge                          0x08003651   Thumb Code     0  dgeqf.o(x$fpl$dgeqf)
    _dcmpge                                  0x08003651   Thumb Code   120  dgeqf.o(x$fpl$dgeqf)
    __aeabi_cdcmple                          0x080036c9   Thumb Code     0  dleqf.o(x$fpl$dleqf)
    _dcmple                                  0x080036c9   Thumb Code   120  dleqf.o(x$fpl$dleqf)
    __fpl_dcmple_InfNaN                      0x0800372b   Thumb Code     0  dleqf.o(x$fpl$dleqf)
    __aeabi_dmul                             0x08003741   Thumb Code     0  dmul.o(x$fpl$dmul)
    _dmul                                    0x08003741   Thumb Code   332  dmul.o(x$fpl$dmul)
    __fpl_dnaninf                            0x08003895   Thumb Code   156  dnaninf.o(x$fpl$dnaninf)
    __fpl_dretinf                            0x08003931   Thumb Code    12  dretinf.o(x$fpl$dretinf)
    __aeabi_dsub                             0x0800393d   Thumb Code     0  daddsub_clz.o(x$fpl$dsub)
    _dsub                                    0x0800393d   Thumb Code   472  daddsub_clz.o(x$fpl$dsub)
    __aeabi_dcmpeq                           0x08003b19   Thumb Code     0  dcmp.o(x$fpl$fcmp)
    _deq                                     0x08003b19   Thumb Code    14  dcmp.o(x$fpl$fcmp)
    _dneq                                    0x08003b27   Thumb Code    14  dcmp.o(x$fpl$fcmp)
    __aeabi_dcmpgt                           0x08003b35   Thumb Code     0  dcmp.o(x$fpl$fcmp)
    _dgr                                     0x08003b35   Thumb Code    14  dcmp.o(x$fpl$fcmp)
    __aeabi_dcmpge                           0x08003b43   Thumb Code     0  dcmp.o(x$fpl$fcmp)
    _dgeq                                    0x08003b43   Thumb Code    14  dcmp.o(x$fpl$fcmp)
    __aeabi_dcmple                           0x08003b51   Thumb Code     0  dcmp.o(x$fpl$fcmp)
    _dleq                                    0x08003b51   Thumb Code    14  dcmp.o(x$fpl$fcmp)
    __aeabi_dcmplt                           0x08003b5f   Thumb Code     0  dcmp.o(x$fpl$fcmp)
    _dls                                     0x08003b5f   Thumb Code    14  dcmp.o(x$fpl$fcmp)
    _printf_fp_dec                           0x08003b6d   Thumb Code     4  printf1.o(x$fpl$printf1)
    _printf_fp_hex                           0x08003b71   Thumb Code     4  printf2.o(x$fpl$printf2)
    __I$use$fp                               0x08003b74   Number         0  usenofp.o(x$fpl$usenofp)
    Region$$Table$$Base                      0x08003c94   Number         0  anon$$obj.o(Region$$Table)
    Region$$Table$$Limit                     0x08003cb4   Number         0  anon$$obj.o(Region$$Table)
    __ctype                                  0x08003cc1   Data           0  lc_ctype_c.o(locale$$data)
    __libspace_start                         0x20000010   Data          96  libspace.o(.bss)
    __temporary_stack_top$libspace           0x20000070   Data           0  libspace.o(.bss)



==============================================================================

Memory Map of the image

  Image Entry point : 0x08000269

  Load Region LR_1 (Base: 0x08000000, Size: 0x00003df0, Max: 0xffffffff, ABSOLUTE)

    Execution Region ER_RO (Exec base: 0x08000000, Load base: 0x08000000, Size: 0x00003de0, Max: 0xffffffff, ABSOLUTE)

    Exec Addr    Load Addr    Size         Type   Attr      Idx    E Section Name        Object

    0x08000000   0x08000000   0x000000ec   Data   RO          136    RESET               startup_stm32f10x_md.o
    0x080000ec   0x080000ec   0x00000008   Code   RO          232  * !!!main             c_w.l(__main.o)
    0x080000f4   0x080000f4   0x0000005c   Code   RO          670    !!!scatter          c_w.l(__scatter.o)
    0x08000150   0x08000150   0x0000001a   Code   RO          674    !!handler_copy      c_w.l(__scatter_copy.o)
    0x0800016a   0x0800016a   0x00000002   PAD
    0x0800016c   0x0800016c   0x00000002   Code   RO          671    !!handler_null      c_w.l(__scatter.o)
    0x0800016e   0x0800016e   0x00000002   PAD
    0x08000170   0x08000170   0x0000001c   Code   RO          676    !!handler_zi        c_w.l(__scatter_zi.o)
    0x0800018c   0x0800018c   0x00000000   Code   RO          372    .ARM.Collect$$_printf_percent$$00000000  c_w.l(_printf_percent.o)
    0x0800018c   0x0800018c   0x00000006   Code   RO          361    .ARM.Collect$$_printf_percent$$00000001  c_w.l(_printf_n.o)
    0x08000192   0x08000192   0x00000006   Code   RO          363    .ARM.Collect$$_printf_percent$$00000002  c_w.l(_printf_p.o)
    0x08000198   0x08000198   0x00000006   Code   RO          368    .ARM.Collect$$_printf_percent$$00000003  c_w.l(_printf_f.o)
    0x0800019e   0x0800019e   0x00000006   Code   RO          369    .ARM.Collect$$_printf_percent$$00000004  c_w.l(_printf_e.o)
    0x080001a4   0x080001a4   0x00000006   Code   RO          370    .ARM.Collect$$_printf_percent$$00000005  c_w.l(_printf_g.o)
    0x080001aa   0x080001aa   0x00000006   Code   RO          371    .ARM.Collect$$_printf_percent$$00000006  c_w.l(_printf_a.o)
    0x080001b0   0x080001b0   0x0000000a   Code   RO          376    .ARM.Collect$$_printf_percent$$00000007  c_w.l(_printf_ll.o)
    0x080001ba   0x080001ba   0x00000006   Code   RO          365    .ARM.Collect$$_printf_percent$$00000008  c_w.l(_printf_i.o)
    0x080001c0   0x080001c0   0x00000006   Code   RO          366    .ARM.Collect$$_printf_percent$$00000009  c_w.l(_printf_d.o)
    0x080001c6   0x080001c6   0x00000006   Code   RO          367    .ARM.Collect$$_printf_percent$$0000000A  c_w.l(_printf_u.o)
    0x080001cc   0x080001cc   0x00000006   Code   RO          364    .ARM.Collect$$_printf_percent$$0000000B  c_w.l(_printf_o.o)
    0x080001d2   0x080001d2   0x00000006   Code   RO          362    .ARM.Collect$$_printf_percent$$0000000C  c_w.l(_printf_x.o)
    0x080001d8   0x080001d8   0x00000006   Code   RO          373    .ARM.Collect$$_printf_percent$$0000000D  c_w.l(_printf_lli.o)
    0x080001de   0x080001de   0x00000006   Code   RO          374    .ARM.Collect$$_printf_percent$$0000000E  c_w.l(_printf_lld.o)
    0x080001e4   0x080001e4   0x00000006   Code   RO          375    .ARM.Collect$$_printf_percent$$0000000F  c_w.l(_printf_llu.o)
    0x080001ea   0x080001ea   0x00000006   Code   RO          380    .ARM.Collect$$_printf_percent$$00000010  c_w.l(_printf_llo.o)
    0x080001f0   0x080001f0   0x00000006   Code   RO          381    .ARM.Collect$$_printf_percent$$00000011  c_w.l(_printf_llx.o)
    0x080001f6   0x080001f6   0x0000000a   Code   RO          377    .ARM.Collect$$_printf_percent$$00000012  c_w.l(_printf_l.o)
    0x08000200   0x08000200   0x00000006   Code   RO          359    .ARM.Collect$$_printf_percent$$00000013  c_w.l(_printf_c.o)
    0x08000206   0x08000206   0x00000006   Code   RO          360    .ARM.Collect$$_printf_percent$$00000014  c_w.l(_printf_s.o)
    0x0800020c   0x0800020c   0x00000006   Code   RO          378    .ARM.Collect$$_printf_percent$$00000015  c_w.l(_printf_lc.o)
    0x08000212   0x08000212   0x00000006   Code   RO          379    .ARM.Collect$$_printf_percent$$00000016  c_w.l(_printf_ls.o)
    0x08000218   0x08000218   0x00000004   Code   RO          454    .ARM.Collect$$_printf_percent$$00000017  c_w.l(_printf_percent_end.o)
    0x0800021c   0x0800021c   0x00000002   Code   RO          586    .ARM.Collect$$libinit$$00000000  c_w.l(libinit.o)
    0x0800021e   0x0800021e   0x00000000   Code   RO          471    .ARM.Collect$$libinit$$00000002  c_w.l(libinit2.o)
    0x0800021e   0x0800021e   0x00000000   Code   RO          473    .ARM.Collect$$libinit$$00000004  c_w.l(libinit2.o)
    0x0800021e   0x0800021e   0x00000000   Code   RO          475    .ARM.Collect$$libinit$$00000006  c_w.l(libinit2.o)
    0x0800021e   0x0800021e   0x00000008   Code   RO          476    .ARM.Collect$$libinit$$00000007  c_w.l(libinit2.o)
    0x08000226   0x08000226   0x00000000   Code   RO          478    .ARM.Collect$$libinit$$0000000C  c_w.l(libinit2.o)
    0x08000226   0x08000226   0x00000000   Code   RO          480    .ARM.Collect$$libinit$$0000000E  c_w.l(libinit2.o)
    0x08000226   0x08000226   0x00000000   Code   RO          482    .ARM.Collect$$libinit$$00000010  c_w.l(libinit2.o)
    0x08000226   0x08000226   0x00000006   Code   RO          483    .ARM.Collect$$libinit$$00000011  c_w.l(libinit2.o)
    0x0800022c   0x0800022c   0x00000000   Code   RO          485    .ARM.Collect$$libinit$$00000013  c_w.l(libinit2.o)
    0x0800022c   0x0800022c   0x0000000c   Code   RO          486    .ARM.Collect$$libinit$$00000014  c_w.l(libinit2.o)
    0x08000238   0x08000238   0x00000000   Code   RO          487    .ARM.Collect$$libinit$$00000015  c_w.l(libinit2.o)
    0x08000238   0x08000238   0x00000000   Code   RO          489    .ARM.Collect$$libinit$$00000017  c_w.l(libinit2.o)
    0x08000238   0x08000238   0x0000000a   Code   RO          490    .ARM.Collect$$libinit$$00000018  c_w.l(libinit2.o)
    0x08000242   0x08000242   0x00000000   Code   RO          491    .ARM.Collect$$libinit$$00000019  c_w.l(libinit2.o)
    0x08000242   0x08000242   0x00000000   Code   RO          493    .ARM.Collect$$libinit$$0000001B  c_w.l(libinit2.o)
    0x08000242   0x08000242   0x00000000   Code   RO          495    .ARM.Collect$$libinit$$0000001D  c_w.l(libinit2.o)
    0x08000242   0x08000242   0x00000000   Code   RO          497    .ARM.Collect$$libinit$$0000001F  c_w.l(libinit2.o)
    0x08000242   0x08000242   0x00000000   Code   RO          499    .ARM.Collect$$libinit$$00000021  c_w.l(libinit2.o)
    0x08000242   0x08000242   0x00000000   Code   RO          501    .ARM.Collect$$libinit$$00000023  c_w.l(libinit2.o)
    0x08000242   0x08000242   0x00000000   Code   RO          503    .ARM.Collect$$libinit$$00000025  c_w.l(libinit2.o)
    0x08000242   0x08000242   0x00000000   Code   RO          505    .ARM.Collect$$libinit$$00000027  c_w.l(libinit2.o)
    0x08000242   0x08000242   0x00000000   Code   RO          509    .ARM.Collect$$libinit$$0000002E  c_w.l(libinit2.o)
    0x08000242   0x08000242   0x00000000   Code   RO          511    .ARM.Collect$$libinit$$00000030  c_w.l(libinit2.o)
    0x08000242   0x08000242   0x00000000   Code   RO          513    .ARM.Collect$$libinit$$00000032  c_w.l(libinit2.o)
    0x08000242   0x08000242   0x00000000   Code   RO          515    .ARM.Collect$$libinit$$00000034  c_w.l(libinit2.o)
    0x08000242   0x08000242   0x00000002   Code   RO          516    .ARM.Collect$$libinit$$00000035  c_w.l(libinit2.o)
    0x08000244   0x08000244   0x00000002   Code   RO          667    .ARM.Collect$$libshutdown$$00000000  c_w.l(libshutdown.o)
    0x08000246   0x08000246   0x00000000   Code   RO          619    .ARM.Collect$$libshutdown$$00000002  c_w.l(libshutdown2.o)
    0x08000246   0x08000246   0x00000000   Code   RO          621    .ARM.Collect$$libshutdown$$00000004  c_w.l(libshutdown2.o)
    0x08000246   0x08000246   0x00000000   Code   RO          624    .ARM.Collect$$libshutdown$$00000007  c_w.l(libshutdown2.o)
    0x08000246   0x08000246   0x00000000   Code   RO          627    .ARM.Collect$$libshutdown$$0000000A  c_w.l(libshutdown2.o)
    0x08000246   0x08000246   0x00000000   Code   RO          629    .ARM.Collect$$libshutdown$$0000000C  c_w.l(libshutdown2.o)
    0x08000246   0x08000246   0x00000000   Code   RO          632    .ARM.Collect$$libshutdown$$0000000F  c_w.l(libshutdown2.o)
    0x08000246   0x08000246   0x00000002   Code   RO          633    .ARM.Collect$$libshutdown$$00000010  c_w.l(libshutdown2.o)
    0x08000248   0x08000248   0x00000000   Code   RO          260    .ARM.Collect$$rtentry$$00000000  c_w.l(__rtentry.o)
    0x08000248   0x08000248   0x00000000   Code   RO          411    .ARM.Collect$$rtentry$$00000002  c_w.l(__rtentry2.o)
    0x08000248   0x08000248   0x00000006   Code   RO          423    .ARM.Collect$$rtentry$$00000004  c_w.l(__rtentry4.o)
    0x0800024e   0x0800024e   0x00000000   Code   RO          413    .ARM.Collect$$rtentry$$00000009  c_w.l(__rtentry2.o)
    0x0800024e   0x0800024e   0x00000004   Code   RO          414    .ARM.Collect$$rtentry$$0000000A  c_w.l(__rtentry2.o)
    0x08000252   0x08000252   0x00000000   Code   RO          416    .ARM.Collect$$rtentry$$0000000C  c_w.l(__rtentry2.o)
    0x08000252   0x08000252   0x00000008   Code   RO          417    .ARM.Collect$$rtentry$$0000000D  c_w.l(__rtentry2.o)
    0x0800025a   0x0800025a   0x00000002   Code   RO          600    .ARM.Collect$$rtexit$$00000000  c_w.l(rtexit.o)
    0x0800025c   0x0800025c   0x00000000   Code   RO          639    .ARM.Collect$$rtexit$$00000002  c_w.l(rtexit2.o)
    0x0800025c   0x0800025c   0x00000004   Code   RO          640    .ARM.Collect$$rtexit$$00000003  c_w.l(rtexit2.o)
    0x08000260   0x08000260   0x00000006   Code   RO          641    .ARM.Collect$$rtexit$$00000004  c_w.l(rtexit2.o)
    0x08000266   0x08000266   0x00000002   PAD
    0x08000268   0x08000268   0x00000040   Code   RO          137  * .text               startup_stm32f10x_md.o
    0x080002a8   0x080002a8   0x00000028   Code   RO          164    .text               c_w.l(calloc.o)
    0x080002d0   0x080002d0   0x0000004e   Code   RO          166    .text               c_w.l(h1_free.o)
    0x0800031e   0x0800031e   0x00000002   PAD
    0x08000320   0x08000320   0x0000002c   Code   RO          220    .text               c_w.l(sprintf.o)
    0x0800034c   0x0800034c   0x0000001a   Code   RO          222    .text               c_w.l(atoi.o)
    0x08000366   0x08000366   0x00000048   Code   RO          224    .text               c_w.l(strcpy.o)
    0x080003ae   0x080003ae   0x0000003e   Code   RO          226    .text               c_w.l(strlen.o)
    0x080003ec   0x080003ec   0x00000018   Code   RO          228    .text               c_w.l(strcat.o)
    0x08000404   0x08000404   0x00000006   Code   RO          230    .text               c_w.l(heapauxi.o)
    0x0800040a   0x0800040a   0x00000002   PAD
    0x0800040c   0x0800040c   0x00000008   Code   RO          264    .text               c_w.l(rt_heap_descriptor_intlibspace.o)
    0x08000414   0x08000414   0x00000008   Code   RO          269    .text               c_w.l(rt_errno_addr_intlibspace.o)
    0x0800041c   0x0800041c   0x00000004   Code   RO          271    .text               c_w.l(hguard.o)
    0x08000420   0x08000420   0x0000008a   Code   RO          273    .text               c_w.l(init_alloc.o)
    0x080004aa   0x080004aa   0x0000005e   Code   RO          279    .text               c_w.l(h1_alloc.o)
    0x08000508   0x08000508   0x0000004e   Code   RO          293    .text               c_w.l(_printf_pad.o)
    0x08000556   0x08000556   0x00000024   Code   RO          295    .text               c_w.l(_printf_truncate.o)
    0x0800057a   0x0800057a   0x00000052   Code   RO          297    .text               c_w.l(_printf_str.o)
    0x080005cc   0x080005cc   0x00000078   Code   RO          299    .text               c_w.l(_printf_dec.o)
    0x08000644   0x08000644   0x00000028   Code   RO          301    .text               c_w.l(_printf_charcount.o)
    0x0800066c   0x0800066c   0x00000030   Code   RO          303    .text               c_w.l(_printf_char_common.o)
    0x0800069c   0x0800069c   0x0000000a   Code   RO          305    .text               c_w.l(_sputc.o)
    0x080006a6   0x080006a6   0x00000002   PAD
    0x080006a8   0x080006a8   0x000000bc   Code   RO          307    .text               c_w.l(_printf_wctomb.o)
    0x08000764   0x08000764   0x0000007c   Code   RO          310    .text               c_w.l(_printf_longlong_dec.o)
    0x080007e0   0x080007e0   0x00000070   Code   RO          316    .text               c_w.l(_printf_oct_int_ll.o)
    0x08000850   0x08000850   0x00000094   Code   RO          336    .text               c_w.l(_printf_hex_int_ll_ptr.o)
    0x080008e4   0x080008e4   0x00000188   Code   RO          356    .text               c_w.l(__printf_flags_ss_wp.o)
    0x08000a6c   0x08000a6c   0x00000070   Code   RO          382    .text               c_w.l(strtol.o)
    0x08000adc   0x08000adc   0x00000044   Code   RO          386    .text               c_w.l(rt_memclr.o)
    0x08000b20   0x08000b20   0x00000008   Code   RO          407    .text               c_w.l(libspace.o)
    0x08000b28   0x08000b28   0x00000010   Code   RO          425    .text               c_w.l(rt_ctype_table.o)
    0x08000b38   0x08000b38   0x00000000   Code   RO          427    .text               c_w.l(maybetermalloc1.o)
    0x08000b38   0x08000b38   0x0000000c   Code   RO          429    .text               c_w.l(h1_init.o)
    0x08000b44   0x08000b44   0x00000034   Code   RO          431    .text               c_w.l(h1_extend.o)
    0x08000b78   0x08000b78   0x0000008a   Code   RO          437    .text               c_w.l(lludiv10.o)
    0x08000c02   0x08000c02   0x000000b2   Code   RO          439    .text               c_w.l(_printf_intcommon.o)
    0x08000cb4   0x08000cb4   0x0000041c   Code   RO          441    .text               c_w.l(_printf_fp_dec.o)
    0x080010d0   0x080010d0   0x000002fc   Code   RO          445    .text               c_w.l(_printf_fp_hex.o)
    0x080013cc   0x080013cc   0x0000002c   Code   RO          450    .text               c_w.l(_printf_char.o)
    0x080013f8   0x080013f8   0x0000002c   Code   RO          452    .text               c_w.l(_printf_wchar.o)
    0x08001424   0x08001424   0x0000009e   Code   RO          455    .text               c_w.l(_strtoul.o)
    0x080014c2   0x080014c2   0x00000048   Code   RO          457    .text               c_w.l(_c16rtomb.o)
    0x0800150a   0x0800150a   0x0000000e   Code   RO          459    .text               c_w.l(defsig_rtmem_outer.o)
    0x08001518   0x08001518   0x0000004e   Code   RO          463    .text               c_w.l(rt_memclr_w.o)
    0x08001566   0x08001566   0x0000004a   Code   RO          523    .text               c_w.l(sys_stackheap_outer.o)
    0x080015b0   0x080015b0   0x00000008   Code   RO          530    .text               c_w.l(rt_locale_intlibspace.o)
    0x080015b8   0x080015b8   0x00000080   Code   RO          536    .text               c_w.l(_printf_fp_infnan.o)
    0x08001638   0x08001638   0x0000001c   Code   RO          538    .text               c_w.l(_chval.o)
    0x08001654   0x08001654   0x000000e4   Code   RO          540    .text               c_w.l(bigflt0.o)
    0x08001738   0x08001738   0x00000012   Code   RO          573    .text               c_w.l(exit.o)
    0x0800174a   0x0800174a   0x0000000a   Code   RO          575    .text               c_w.l(defsig_exit.o)
    0x08001754   0x08001754   0x00000050   Code   RO          577    .text               c_w.l(defsig_rtmem_inner.o)
    0x080017a4   0x080017a4   0x0000000c   Code   RO          593    .text               c_w.l(sys_exit.o)
    0x080017b0   0x080017b0   0x00000002   Code   RO          597    .text               c_w.l(use_no_semi.o)
    0x080017b2   0x080017b2   0x00000000   Code   RO          599    .text               c_w.l(indicate_semi.o)
    0x080017b2   0x080017b2   0x00000032   Code   RO          610    .text               c_w.l(defsig_general.o)
    0x080017e4   0x080017e4   0x00000080   Code   RO          612    .text               c_w.l(strcmpv7m.o)
    0x08001864   0x08001864   0x0000000e   Code   RO          634    .text               c_w.l(sys_wrch.o)
    0x08001872   0x08001872   0x00000002   PAD
    0x08001874   0x08001874   0x000000f2   Code   RO          101    .text.DHT_Display   main.o
    0x08001966   0x08001966   0x00000002   PAD
    0x08001968   0x08001968   0x00000072   Code   RO            4    .text.Delay_ms      mydelay.o
    0x080019da   0x080019da   0x00000002   PAD
    0x080019dc   0x080019dc   0x00000092   Code   RO           13    .text.I2C1_Init     mylcd.o
    0x08001a6e   0x08001a6e   0x00000002   PAD
    0x08001a70   0x08001a70   0x00000044   Code   RO           21    .text.I2C1_Send_Address  mylcd.o
    0x08001ab4   0x08001ab4   0x00000030   Code   RO           15    .text.I2C1_Start    mylcd.o
    0x08001ae4   0x08001ae4   0x00000012   Code   RO           17    .text.I2C1_Stop     mylcd.o
    0x08001af6   0x08001af6   0x00000002   PAD
    0x08001af8   0x08001af8   0x00000044   Code   RO           19    .text.I2C1_Write    mylcd.o
    0x08001b3c   0x08001b3c   0x00000052   Code   RO           23    .text.I2C1_Write_Buffer  mylcd.o
    0x08001b8e   0x08001b8e   0x00000002   PAD
    0x08001b90   0x08001b90   0x00000010   Code   RO           31    .text.LCD_I2C_Clear  mylcd.o
    0x08001ba0   0x08001ba0   0x0000003a   Code   RO           29    .text.LCD_I2C_Init  mylcd.o
    0x08001bda   0x08001bda   0x00000002   PAD
    0x08001bdc   0x08001bdc   0x00000040   Code   RO           33    .text.LCD_I2C_Location  mylcd.o
    0x08001c1c   0x08001c1c   0x00000048   Code   RO           25    .text.LCD_I2C_Write_CMD  mylcd.o
    0x08001c64   0x08001c64   0x0000004c   Code   RO           27    .text.LCD_I2C_Write_DATA  mylcd.o
    0x08001cb0   0x08001cb0   0x00000042   Code   RO           35    .text.LCD_I2C_Write_String  mylcd.o
    0x08001cf2   0x08001cf2   0x00000002   PAD
    0x08001cf4   0x08001cf4   0x000001ae   Code   RO           47    .text.PID_Controller  mypid.o
    0x08001ea2   0x08001ea2   0x00000002   PAD
    0x08001ea4   0x08001ea4   0x00000062   Code   RO           95    .text.PinConf       main.o
    0x08001f06   0x08001f06   0x00000002   PAD
    0x08001f08   0x08001f08   0x000000d4   Code   RO           99    .text.ReadDHT       main.o
    0x08001fdc   0x08001fdc   0x00000066   Code   RO           97    .text.SendStart     main.o
    0x08002042   0x08002042   0x00000002   PAD
    0x08002044   0x08002044   0x00000008   Code   RO          146    .text.SetSysClock   system_stm32f10x.o
    0x0800204c   0x0800204c   0x00000122   Code   RO          150    .text.SetSysClockTo72  system_stm32f10x.o
    0x0800216e   0x0800216e   0x00000002   PAD
    0x08002170   0x08002170   0x000000c8   Code   RO           70    .text.SysClkConf_72MHz  mysystemclockconfig.o
    0x08002238   0x08002238   0x00000066   Code   RO          144    .text.SystemInit    system_stm32f10x.o
    0x0800229e   0x0800229e   0x00000002   PAD
    0x080022a0   0x080022a0   0x00000138   Code   RO          107    .text.USART1_IRQHandler  main.o
    0x080023d8   0x080023d8   0x00000030   Code   RO           82    .text.__NVIC_EnableIRQ  myuart.o
    0x08002408   0x08002408   0x00000042   Code   RO           80    .text.__NVIC_SetPriority  myuart.o
    0x0800244a   0x0800244a   0x00000002   PAD
    0x0800244c   0x0800244c   0x00000022   Code   RO          105    .text.convertStringToDecimal  main.o
    0x0800246e   0x0800246e   0x00000002   PAD
    0x08002470   0x08002470   0x0000004e   Code   RO          103    .text.convertToFormattedString  main.o
    0x080024be   0x080024be   0x00000002   PAD
    0x080024c0   0x080024c0   0x000002a4   Code   RO           93    .text.main          main.o
    0x08002764   0x08002764   0x000000ac   Code   RO           59    .text.myPWM_Config  mypwm.o
    0x08002810   0x08002810   0x0000008c   Code   RO           78    .text.myUART_Config  myuart.o
    0x0800289c   0x0800289c   0x00000018   Code   RO           61    .text.setDutyCircle  mypwm.o
    0x080028b4   0x080028b4   0x0000005c   Code   RO           84    .text.uart_transmit_data  myuart.o
    0x08002910   0x08002910   0x0000003e   Code   RO          543    CL$$btod_d2e        c_w.l(btod.o)
    0x0800294e   0x0800294e   0x00000046   Code   RO          545    CL$$btod_d2e_denorm_low  c_w.l(btod.o)
    0x08002994   0x08002994   0x00000060   Code   RO          544    CL$$btod_d2e_norm_op1  c_w.l(btod.o)
    0x080029f4   0x080029f4   0x00000338   Code   RO          553    CL$$btod_div_common  c_w.l(btod.o)
    0x08002d2c   0x08002d2c   0x000000dc   Code   RO          550    CL$$btod_e2e        c_w.l(btod.o)
    0x08002e08   0x08002e08   0x0000002a   Code   RO          547    CL$$btod_ediv       c_w.l(btod.o)
    0x08002e32   0x08002e32   0x0000002a   Code   RO          546    CL$$btod_emul       c_w.l(btod.o)
    0x08002e5c   0x08002e5c   0x00000244   Code   RO          552    CL$$btod_mult_common  c_w.l(btod.o)
    0x080030a0   0x080030a0   0x00000028   Code   RO          591    i.__ARM_fpclassify  m_ws.l(fpclassify.o)
    0x080030c8   0x080030c8   0x0000000e   Code   RO          349    i._is_digit         c_w.l(__printf_wp.o)
    0x080030d6   0x080030d6   0x00000002   PAD
    0x080030d8   0x080030d8   0x0000002c   Code   RO          568    locale$$code        c_w.l(lc_ctype_c.o)
    0x08003104   0x08003104   0x0000002c   Code   RO          571    locale$$code        c_w.l(lc_numeric_c.o)
    0x08003130   0x08003130   0x00000150   Code   RO          234    x$fpl$dadd          fz_ws.l(daddsub_clz.o)
    0x08003280   0x08003280   0x00000018   Code   RO          517    x$fpl$dcmpinf       fz_ws.l(dcmpi.o)
    0x08003298   0x08003298   0x000002b4   Code   RO          243    x$fpl$ddiv          fz_ws.l(ddiv.o)
    0x0800354c   0x0800354c   0x00000078   Code   RO          388    x$fpl$deqf          fz_ws.l(deqf.o)
    0x080035c4   0x080035c4   0x0000005e   Code   RO          246    x$fpl$dfix          fz_ws.l(dfix.o)
    0x08003622   0x08003622   0x0000002e   Code   RO          251    x$fpl$dflt          fz_ws.l(dflt_clz.o)
    0x08003650   0x08003650   0x00000078   Code   RO          390    x$fpl$dgeqf         fz_ws.l(dgeqf.o)
    0x080036c8   0x080036c8   0x00000078   Code   RO          392    x$fpl$dleqf         fz_ws.l(dleqf.o)
    0x08003740   0x08003740   0x00000154   Code   RO          256    x$fpl$dmul          fz_ws.l(dmul.o)
    0x08003894   0x08003894   0x0000009c   Code   RO          394    x$fpl$dnaninf       fz_ws.l(dnaninf.o)
    0x08003930   0x08003930   0x0000000c   Code   RO          396    x$fpl$dretinf       fz_ws.l(dretinf.o)
    0x0800393c   0x0800393c   0x000001dc   Code   RO          236    x$fpl$dsub          fz_ws.l(daddsub_clz.o)
    0x08003b18   0x08003b18   0x00000054   Code   RO          240    x$fpl$fcmp          fz_ws.l(dcmp.o)
    0x08003b6c   0x08003b6c   0x00000004   Code   RO          398    x$fpl$printf1       fz_ws.l(printf1.o)
    0x08003b70   0x08003b70   0x00000004   Code   RO          400    x$fpl$printf2       fz_ws.l(printf2.o)
    0x08003b74   0x08003b74   0x00000000   Code   RO          406    x$fpl$usenofp       fz_ws.l(usenofp.o)
    0x08003b74   0x08003b74   0x00000008   Data   RO          308    .constdata          c_w.l(_printf_wctomb.o)
    0x08003b7c   0x08003b7c   0x00000028   Data   RO          337    .constdata          c_w.l(_printf_hex_int_ll_ptr.o)
    0x08003ba4   0x08003ba4   0x00000011   Data   RO          357    .constdata          c_w.l(__printf_flags_ss_wp.o)
    0x08003bb5   0x08003bb5   0x00000026   Data   RO          446    .constdata          c_w.l(_printf_fp_hex.o)
    0x08003bdb   0x08003bdb   0x00000001   PAD
    0x08003bdc   0x08003bdc   0x00000094   Data   RO          541    .constdata          c_w.l(bigflt0.o)
    0x08003c70   0x08003c70   0x00000023   Data   RO          122    .rodata.str1.1      main.o
    0x08003c93   0x08003c93   0x00000001   PAD
    0x08003c94   0x08003c94   0x00000020   Data   RO          669    Region$$Table       anon$$obj.o
    0x08003cb4   0x08003cb4   0x00000110   Data   RO          567    locale$$data        c_w.l(lc_ctype_c.o)
    0x08003dc4   0x08003dc4   0x0000001c   Data   RO          570    locale$$data        c_w.l(lc_numeric_c.o)


    Execution Region ER_RW (Exec base: 0x20000000, Load base: 0x08003de0, Size: 0x00000010, Max: 0xffffffff, ABSOLUTE)

    Exec Addr    Load Addr    Size         Type   Attr      Idx    E Section Name        Object

    0x20000000   0x08003de0   0x00000008   Data   RW          120    .data.humid_setpoint  main.o
    0x20000008   0x08003de8   0x00000008   Data   RW          119    .data.temp_setpoint  main.o


    Execution Region ER_ZI (Exec base: 0x20000010, Load base: 0x08003df0, Size: 0x000006d0, Max: 0xffffffff, ABSOLUTE)

    Exec Addr    Load Addr    Size         Type   Attr      Idx    E Section Name        Object

    0x20000010        -       0x00000060   Zero   RW          408    .bss                c_w.l(libspace.o)
    0x20000070        -       0x00000010   Zero   RW          117    .bss.DHT_DATA       main.o
    0x20000080        -       0x00000009   Zero   RW          121    .bss.DHT_format     main.o
    0x20000089        -       0x00000001   Zero   RW          114    .bss.checksum       main.o
    0x2000008a        -       0x00000005   Zero   RW          109    .bss.dht_data       main.o
    0x2000008f   0x08003df0   0x00000001   PAD
    0x20000090        -       0x00000002   Zero   RW           52    .bss.duty_cycle     mypid.o
    0x20000092   0x08003df0   0x00000006   PAD
    0x20000098        -       0x00000008   Zero   RW           49    .bss.error          mypid.o
    0x200000a0        -       0x00000008   Zero   RW           51    .bss.error_integral  mypid.o
    0x200000a8        -       0x00000004   Zero   RW          126    .bss.h              main.o
    0x200000ac   0x08003df0   0x00000004   PAD
    0x200000b0        -       0x00000008   Zero   RW          116    .bss.humid          main.o
    0x200000b8        -       0x00000001   Zero   RW          111    .bss.humidity_decimal  main.o
    0x200000b9        -       0x00000001   Zero   RW          110    .bss.humidity_integer  main.o
    0x200000ba   0x08003df0   0x00000006   PAD
    0x200000c0        -       0x00000008   Zero   RW           50    .bss.last_error     mypid.o
    0x200000c8        -       0x00000001   Zero   RW          118    .bss.mode_control   main.o
    0x200000c9   0x08003df0   0x00000003   PAD
    0x200000cc        -       0x00000004   Zero   RW          125    .bss.t              main.o
    0x200000d0        -       0x00000008   Zero   RW          115    .bss.temp           main.o
    0x200000d8        -       0x00000001   Zero   RW          113    .bss.temperature_decimal  main.o
    0x200000d9        -       0x00000001   Zero   RW          112    .bss.temperature_integer  main.o
    0x200000da        -       0x00000001   Zero   RW          124    .bss.uart_index     main.o
    0x200000db        -       0x00000005   Zero   RW          123    .bss.uart_receive   main.o
    0x200000e0        -       0x00000200   Zero   RW          135    HEAP                startup_stm32f10x_md.o
    0x200002e0        -       0x00000400   Zero   RW          134    STACK               startup_stm32f10x_md.o


==============================================================================

Image component sizes


      Code (inc. data)   RO Data    RW Data    ZI Data      Debug   Object Name

      1754         14         35         16         66       4346   main.o
       114          0          0          0          0       1099   mydelay.o
       782          0          0          0          0       3497   mylcd.o
       430          0          0          0         26        983   mypid.o
       196          0          0          0          0       2138   mypwm.o
       200          0          0          0          0       1025   mysystemclockconfig.o
       346          0          0          0          0       4192   myuart.o
        64         26        236          0       1536        852   startup_stm32f10x_md.o
       400          0          0          0          0       2940   system_stm32f10x.o

    ----------------------------------------------------------------------
      4316         40        304         16       1648      21072   Object Totals
         0          0         32          0          0          0   (incl. Generated)
        30          0          1          0         20          0   (incl. Padding)

    ----------------------------------------------------------------------

      Code (inc. data)   RO Data    RW Data    ZI Data      Debug   Library Member Name

         8          0          0          0          0         68   __main.o
       392          4         17          0          0         92   __printf_flags_ss_wp.o
        14          0          0          0          0         68   __printf_wp.o
         0          0          0          0          0          0   __rtentry.o
        12          0          0          0          0          0   __rtentry2.o
         6          0          0          0          0          0   __rtentry4.o
        94          8          0          0          0          0   __scatter.o
        26          0          0          0          0          0   __scatter_copy.o
        28          0          0          0          0          0   __scatter_zi.o
        72          0          0          0          0         96   _c16rtomb.o
        28          0          0          0          0         68   _chval.o
         6          0          0          0          0          0   _printf_a.o
         6          0          0          0          0          0   _printf_c.o
        44          0          0          0          0        108   _printf_char.o
        48          6          0          0          0         96   _printf_char_common.o
        40          0          0          0          0         68   _printf_charcount.o
         6          0          0          0          0          0   _printf_d.o
       120         16          0          0          0         92   _printf_dec.o
         6          0          0          0          0          0   _printf_e.o
         6          0          0          0          0          0   _printf_f.o
      1052          0          0          0          0        148   _printf_fp_dec.o
       764          8         38          0          0        100   _printf_fp_hex.o
       128         16          0          0          0         84   _printf_fp_infnan.o
         6          0          0          0          0          0   _printf_g.o
       148          4         40          0          0        160   _printf_hex_int_ll_ptr.o
         6          0          0          0          0          0   _printf_i.o
       178          0          0          0          0         88   _printf_intcommon.o
        10          0          0          0          0          0   _printf_l.o
         6          0          0          0          0          0   _printf_lc.o
        10          0          0          0          0          0   _printf_ll.o
         6          0          0          0          0          0   _printf_lld.o
         6          0          0          0          0          0   _printf_lli.o
         6          0          0          0          0          0   _printf_llo.o
         6          0          0          0          0          0   _printf_llu.o
         6          0          0          0          0          0   _printf_llx.o
       124         16          0          0          0         92   _printf_longlong_dec.o
         6          0          0          0          0          0   _printf_ls.o
         6          0          0          0          0          0   _printf_n.o
         6          0          0          0          0          0   _printf_o.o
       112          8          0          0          0        124   _printf_oct_int_ll.o
         6          0          0          0          0          0   _printf_p.o
        78          0          0          0          0        108   _printf_pad.o
         0          0          0          0          0          0   _printf_percent.o
         4          0          0          0          0          0   _printf_percent_end.o
         6          0          0          0          0          0   _printf_s.o
        82          0          0          0          0         80   _printf_str.o
        36          0          0          0          0         84   _printf_truncate.o
         6          0          0          0          0          0   _printf_u.o
        44          0          0          0          0        108   _printf_wchar.o
       188          6          8          0          0         92   _printf_wctomb.o
         6          0          0          0          0          0   _printf_x.o
        10          0          0          0          0         68   _sputc.o
       158          0          0          0          0         92   _strtoul.o
        26          0          0          0          0         80   atoi.o
       228          4        148          0          0         96   bigflt0.o
      1936        128          0          0          0        668   btod.o
        40          0          0          0          0         80   calloc.o
        10          0          0          0          0         68   defsig_exit.o
        50          0          0          0          0         88   defsig_general.o
        80         58          0          0          0         76   defsig_rtmem_inner.o
        14          0          0          0          0         80   defsig_rtmem_outer.o
        18          0          0          0          0         80   exit.o
        94          0          0          0          0         80   h1_alloc.o
        52          0          0          0          0         68   h1_extend.o
        78          0          0          0          0         80   h1_free.o
        12          0          0          0          0         84   h1_init.o
         6          0          0          0          0        152   heapauxi.o
         4          0          0          0          0        136   hguard.o
         0          0          0          0          0          0   indicate_semi.o
       138          0          0          0          0        168   init_alloc.o
        44         10        272          0          0         76   lc_ctype_c.o
        44         10         28          0          0         76   lc_numeric_c.o
         2          0          0          0          0          0   libinit.o
        38          0          0          0          0          0   libinit2.o
         2          0          0          0          0          0   libshutdown.o
         2          0          0          0          0          0   libshutdown2.o
         8          4          0          0         96         68   libspace.o
       138          0          0          0          0         80   lludiv10.o
         0          0          0          0          0          0   maybetermalloc1.o
        16          4          0          0          0         76   rt_ctype_table.o
         8          4          0          0          0         68   rt_errno_addr_intlibspace.o
         8          4          0          0          0         68   rt_heap_descriptor_intlibspace.o
         8          4          0          0          0         68   rt_locale_intlibspace.o
        68          0          0          0          0         68   rt_memclr.o
        78          0          0          0          0         80   rt_memclr_w.o
         2          0          0          0          0          0   rtexit.o
        10          0          0          0          0          0   rtexit2.o
        44          6          0          0          0         84   sprintf.o
        24          0          0          0          0         68   strcat.o
       128          0          0          0          0         68   strcmpv7m.o
        72          0          0          0          0         80   strcpy.o
        62          0          0          0          0         76   strlen.o
       112          0          0          0          0         88   strtol.o
        12          4          0          0          0         68   sys_exit.o
        74          0          0          0          0         80   sys_stackheap_outer.o
        14          0          0          0          0         76   sys_wrch.o
         2          0          0          0          0         68   use_no_semi.o
       812         16          0          0          0        296   daddsub_clz.o
        84          0          0          0          0        196   dcmp.o
        24          0          0          0          0         68   dcmpi.o
       692        140          0          0          0        216   ddiv.o
       120          4          0          0          0         92   deqf.o
        94          4          0          0          0         92   dfix.o
        46          0          0          0          0         68   dflt_clz.o
       120          4          0          0          0         92   dgeqf.o
       120          4          0          0          0         92   dleqf.o
       340         12          0          0          0        104   dmul.o
       156          4          0          0          0         92   dnaninf.o
        12          0          0          0          0         68   dretinf.o
         4          0          0          0          0         68   printf1.o
         4          0          0          0          0         68   printf2.o
         0          0          0          0          0          0   usenofp.o
        40          0          0          0          0         68   fpclassify.o

    ----------------------------------------------------------------------
     10668        520        552          0         96       7432   Library Totals
        16          0          1          0          0          0   (incl. Padding)

    ----------------------------------------------------------------------

      Code (inc. data)   RO Data    RW Data    ZI Data      Debug   Library Name

      7984        332        551          0         96       5752   c_w.l
      2628        188          0          0          0       1612   fz_ws.l
        40          0          0          0          0         68   m_ws.l

    ----------------------------------------------------------------------
     10668        520        552          0         96       7432   Library Totals

    ----------------------------------------------------------------------

==============================================================================


      Code (inc. data)   RO Data    RW Data    ZI Data      Debug   

     14984        560        856         16       1744      24372   Grand Totals
     14984        560        856         16       1744      24372   ELF Image Totals
     14984        560        856         16          0          0   ROM Totals

==============================================================================

    Total RO  Size (Code + RO Data)                15840 (  15.47kB)
    Total RW  Size (RW Data + ZI Data)              1760 (   1.72kB)
    Total ROM Size (Code + RO Data + RW Data)      15856 (  15.48kB)

==============================================================================

