<html>
<body>
<pre>
<h1>µVision Build Log</h1>
<h2>Tool Versions:</h2>
IDE-Version: µVision V5.39.0.0
Copyright (C) 2023 ARM Ltd and ARM Germany GmbH. All rights reserved.
License Information: Duc Mai, abc, LIC=----
 
Tool Versions:
Toolchain:       MDK-Lite  Version: 5.39.0.0
Toolchain Path:  C:\Keil_v5\ARM\ARMCLANG\Bin
C Compiler:      ArmClang.exe V6.21
Assembler:       Armasm.exe V6.21
Linker/Locator:  ArmLink.exe V6.21
Library Manager: ArmAr.exe V6.21
Hex Converter:   FromElf.exe V6.21
CPU DLL:         SARMCM3.DLL V5.39.0.0
Dialog DLL:      DCM.DLL V1.17.5.0
Target DLL:      STLink\ST-LINKIII-KEIL_SWO.dll V3.2.0.0
Dialog DLL:      TCM.DLL V1.56.4.0
 
<h2>Project:</h2>
E:\UET_CN2\3_junior\HK2\co_so_do_luong\homework\communication\RS485\rs485.uvprojx
Project File Date:  04/24/2024

<h2>Output:</h2>
*** Using Compiler 'V6.21', folder: 'C:\Keil_v5\ARM\ARMCLANG\Bin'
Build target 'Target 1'
rs485.c(3): warning: In file included from...
C:/Users/AD/AppData/Local/Arm/Packs/Keil/STM32F1xx_DFP/2.4.1/Device/Include\stm32f10x.h(18): warning: invalid UTF-8 in comment [-Winvalid-utf8]
   18 |   *              - To use or not the peripheral<92>s drivers in application code(i.e. 
      |                                                ^
C:/Users/AD/AppData/Local/Arm/Packs/Keil/STM32F1xx_DFP/2.4.1/Device/Include\stm32f10x.h(19): warning: invalid UTF-8 in comment [-Winvalid-utf8]
   19 |   *                code will be based on direct access to peripheral<92>s registers 
      |                                                                     ^
C:/Users/AD/AppData/Local/Arm/Packs/Keil/STM32F1xx_DFP/2.4.1/Device/Include\stm32f10x.h(26): warning: invalid UTF-8 in comment [-Winvalid-utf8]
   26 |   *           - Macros to access peripheral<92>s registers hardware
      |                                            ^
rs485.c(58): warning: implicit conversion changes signedness: 'int' to 'uint32_t' (aka 'unsigned int') [-Wsign-conversion]
   58 |         RCC->CR &= ~(0x01); // off HSION
      |                 ~~ ^~~~~~~
rs485.c(66): warning: a function declaration without a prototype is deprecated in all versions of C [-Wstrict-prototypes]
   66 | void PinConf(){
      |             ^
      |              void
rs485.c(68): warning: implicit conversion changes signedness: 'int' to 'uint32_t' (aka 'unsigned int') [-Wsign-conversion]
   68 |         GPIOC->CRH &= ~(0xF<<20);
      |                    ~~ ^~~~~~~~~~
rs485.c(70): warning: implicit conversion changes signedness: 'int' to 'uint32_t' (aka 'unsigned int') [-Wsign-conversion]
   70 |         GPIOC->ODR &= ~(1<<13);
      |                    ~~ ^~~~~~~~
rs485.c(72): warning: implicit conversion changes signedness: 'int' to 'uint32_t' (aka 'unsigned int') [-Wsign-conversion]
   72 |         GPIOA->CRH &= ~(0xFF<<4);
      |                    ~~ ^~~~~~~~~~
rs485.c(75): warning: implicit conversion changes signedness: 'int' to 'uint32_t' (aka 'unsigned int') [-Wsign-conversion]
   75 |         GPIOA->CRH &= ~(0xF<<0);
      |                    ~~ ^~~~~~~~~
rs485.c(77): warning: implicit conversion changes signedness: 'int' to 'uint32_t' (aka 'unsigned int') [-Wsign-conversion]
   77 |         GPIOA->ODR &= ~(1<<8);
      |                    ~~ ^~~~~~~
rs485.c(110): warning: implicit conversion changes signedness: 'int' to 'uint32_t' (aka 'unsigned int') [-Wsign-conversion]
  110 |                 GPIOA->ODR &= ~(1<<8);
      |                            ~~ ^~~~~~~
rs485.c(123): warning: implicit conversion changes signedness: 'int' to 'uint32_t' (aka 'unsigned int') [-Wsign-conversion]
  123 |         GPIOA->CRL &= ~(0xF<<4);
      |                    ~~ ^~~~~~~~~
rs485.c(126): warning: implicit conversion changes signedness: 'int' to 'uint32_t' (aka 'unsigned int') [-Wsign-conversion]
  126 |         AFIO->EXTICR[0] &= ~(0xF<<4); // EXTI A1
      |                         ~~ ^~~~~~~~~
rs485.c(129): warning: implicit conversion changes signedness: 'int' to 'uint32_t' (aka 'unsigned int') [-Wsign-conversion]
  129 |         EXTI->FTSR &= ~(1<<1);
      |                    ~~ ^~~~~~~
rs485.c(142): warning: no newline at end of file [-Wnewline-eof]
  142 | }
      |  ^
rs485.c(135): warning: no previous prototype for function 'EXTI1_IRQHandler' [-Wmissing-prototypes]
  135 | void EXTI1_IRQHandler(void){
      |      ^
rs485.c(135): note: declare 'static' if the function is not intended to be used outside of this translation unit
  135 | void EXTI1_IRQHandler(void){
      | ^
      | static 
rs485.c(20): warning: unused variable 'transmit_data' [-Wunused-variable]
   20 | static uint8_t transmit_data;
      |                ^~~~~~~~~~~~~
17 warnings generated.
compiling rs485.c...
linking...
Program Size: Code=1684 RO-data=252 RW-data=0 ZI-data=1640  
FromELF: creating hex file...
".\Objects\rs485.axf" - 0 Error(s), 17 Warning(s).

<h2>Software Packages used:</h2>

Package Vendor: ARM
                http://www.keil.com/pack/ARM.CMSIS.5.9.0.pack
                ARM::CMSIS@5.9.0
                CMSIS (Common Microcontroller Software Interface Standard)
   * Component: CORE Version: 5.6.0

Package Vendor: Keil
                https://www.keil.com/pack/Keil.STM32F1xx_DFP.2.4.1.pack
                Keil::STM32F1xx_DFP@2.4.1
                STMicroelectronics STM32F1 Series Device Support, Drivers and Examples
   * Component: Startup Version: 1.0.0

<h2>Collection of Component include folders:</h2>
  ./RTE/Device/STM32F103C8
  ./RTE/_Target_1
  C:/Users/AD/AppData/Local/Arm/Packs/ARM/CMSIS/5.9.0/CMSIS/Core/Include
  C:/Users/AD/AppData/Local/Arm/Packs/Keil/STM32F1xx_DFP/2.4.1/Device/Include

<h2>Collection of Component Files used:</h2>

   * Component: ARM::CMSIS:CORE@5.6.0

   * Component: Keil::Device:Startup@1.0.0
      Source file:   Device/Source/ARM/startup_stm32f10x_md.s
      Source file:   Device/Source/system_stm32f10x.c
      Include file:  RTE_Driver/Config/RTE_Device.h
      Source file:   Device/Source/ARM/STM32F1xx_OPT.s
Build Time Elapsed:  00:00:01
</pre>
</body>
</html>
