18:49:20 **** Incremental Build of configuration Debug for project PWM_test ****
make -j12 all 
arm-none-eabi-size  PWM_test.elf 
   text	   data	    bss	    dec	    hex	filename
   1048	     60	   1564	   2672	    a70	PWM_test.elf
Finished building: default.size.stdout
 
02:09:24 **** Incremental Build of configuration Debug for project PWM_test ****
make -j12 all 
arm-none-eabi-size  PWM_test.elf 
   text	   data	    bss	    dec	    hex	filename
   1048	     60	   1564	   2672	    a70	PWM_test.elf
Finished building: default.size.stdout
 
02:09:38 **** Incremental Build of configuration Debug for project PWM_test ****
make -j12 all 
arm-none-eabi-size  PWM_test.elf 
   text	   data	    bss	    dec	    hex	filename
   1048	     60	   1564	   2672	    a70	PWM_test.elf
Finished building: default.size.stdout
 
