20:18:17 **** Incremental Build of configuration Debug for project motor_test ****
make -j12 all 
arm-none-eabi-gcc "../Src/main.c" -mcpu=cortex-m3 -std=gnu11 -g3 -DDEBUG -DSTM32 -DSTM32F1 -DSTM32F103C8Tx -c -I../Inc -O0 -ffunction-sections -fdata-sections -Wall -fstack-usage -fcyclomatic-complexity -MMD -MP -MF"Src/main.d" -MT"Src/main.o" --specs=nano.specs -mfloat-abi=soft -mthumb -o "Src/main.o"
arm-none-eabi-gcc -o "motor_test.elf" @"objects.list"   -mcpu=cortex-m3 -T"E:\UET_CN2\3_junior\HK2\co_so_do_luong\homework\motor_L298\motor_test\STM32F103C8TX_FLASH.ld" --specs=nosys.specs -Wl,-Map="motor_test.map" -Wl,--gc-sections -static --specs=nano.specs -mfloat-abi=soft -mthumb -Wl,--start-group -lc -lm -Wl,--end-group
Finished building target: motor_test.elf
 
arm-none-eabi-size  motor_test.elf 
arm-none-eabi-objdump -h -S motor_test.elf  > "motor_test.list"
   text	   data	    bss	    dec	    hex	filename
    736	     40	   1568	   2344	    928	motor_test.elf
Finished building: default.size.stdout
 
Finished building: motor_test.list
 

20:18:17 Build Finished. 0 errors, 0 warnings. (took 469ms)

