Component: Arm Compiler for Embedded 6.21 Tool: armlink [5ec1fa00]

==============================================================================

Section Cross References

    adc_dac_fi1.o(.text.main) refers to adc_dac_fi1.o(.text.SineTable_Init) for SineTable_Init
    adc_dac_fi1.o(.text.main) refers to adc_dac_fi1.o(.text.TriangleTable_Init) for TriangleTable_Init
    adc_dac_fi1.o(.text.main) refers to adc_dac_fi1.o(.text.SquareTable_Init) for SquareTable_Init
    adc_dac_fi1.o(.text.main) refers to adc_dac_fi1.o(.text.SysClkConf) for SysClkConf
    adc_dac_fi1.o(.text.main) refers to adc_dac_fi1.o(.text.PinConf) for PinConf
    adc_dac_fi1.o(.text.main) refers to adc_dac_fi1.o(.text.Timer3_DAC_Config) for Timer3_DAC_Config
    adc_dac_fi1.o(.text.main) refers to adc_dac_fi1.o(.text.EXTI_Config) for EXTI_Config
    adc_dac_fi1.o(.text.main) refers to adc_dac_fi1.o(.text.ADC_conf) for ADC_conf
    adc_dac_fi1.o(.text.main) refers to adc_dac_fi1.o(.text.ADC_start) for ADC_start
    adc_dac_fi1.o(.text.main) refers to dflt_clz.o(x$fpl$dfltu) for __aeabi_ui2d
    adc_dac_fi1.o(.text.main) refers to dmul.o(x$fpl$dmul) for __aeabi_dmul
    adc_dac_fi1.o(.text.main) refers to dfixu.o(x$fpl$dfixu) for __aeabi_d2uiz
    adc_dac_fi1.o(.text.main) refers to adc_dac_fi1.o(.bss.vol) for vol
    adc_dac_fi1.o(.text.main) refers to adc_dac_fi1.o(.bss.CR_value) for CR_value
    adc_dac_fi1.o(.text.main) refers to adc_dac_fi1.o(.bss.CFGR_value) for CFGR_value
    adc_dac_fi1.o(.text.main) refers to adc_dac_fi1.o(.bss.ODR_value) for ODR_value
    adc_dac_fi1.o(.text.main) refers to adc_dac_fi1.o(.bss.freq_choice_changed) for freq_choice_changed
    adc_dac_fi1.o(.text.main) refers to adc_dac_fi1.o(.bss.freq_choice) for freq_choice
    adc_dac_fi1.o(.text.main) refers to adc_dac_fi1.o(.data.freq_table) for freq_table
    adc_dac_fi1.o(.ARM.exidx.text.main) refers to adc_dac_fi1.o(.text.main) for [Anonymous Symbol]
    adc_dac_fi1.o(.text.SineTable_Init) refers to dflt_clz.o(x$fpl$dflt) for __aeabi_i2d
    adc_dac_fi1.o(.text.SineTable_Init) refers to dmul.o(x$fpl$dmul) for __aeabi_dmul
    adc_dac_fi1.o(.text.SineTable_Init) refers to ddiv.o(x$fpl$ddiv) for __aeabi_ddiv
    adc_dac_fi1.o(.text.SineTable_Init) refers to sin.o(i.sin) for sin
    adc_dac_fi1.o(.text.SineTable_Init) refers to daddsub_clz.o(x$fpl$dadd) for __aeabi_dadd
    adc_dac_fi1.o(.text.SineTable_Init) refers to dfix.o(x$fpl$dfix) for __aeabi_d2iz
    adc_dac_fi1.o(.text.SineTable_Init) refers to adc_dac_fi1.o(.bss.sine_table) for sine_table
    adc_dac_fi1.o(.ARM.exidx.text.SineTable_Init) refers to adc_dac_fi1.o(.text.SineTable_Init) for [Anonymous Symbol]
    adc_dac_fi1.o(.text.TriangleTable_Init) refers to adc_dac_fi1.o(.bss.triangle_table) for triangle_table
    adc_dac_fi1.o(.ARM.exidx.text.TriangleTable_Init) refers to adc_dac_fi1.o(.text.TriangleTable_Init) for [Anonymous Symbol]
    adc_dac_fi1.o(.text.SquareTable_Init) refers to adc_dac_fi1.o(.bss.square_table) for square_table
    adc_dac_fi1.o(.ARM.exidx.text.SquareTable_Init) refers to adc_dac_fi1.o(.text.SquareTable_Init) for [Anonymous Symbol]
    adc_dac_fi1.o(.ARM.exidx.text.SysClkConf) refers to adc_dac_fi1.o(.text.SysClkConf) for [Anonymous Symbol]
    adc_dac_fi1.o(.ARM.exidx.text.PinConf) refers to adc_dac_fi1.o(.text.PinConf) for [Anonymous Symbol]
    adc_dac_fi1.o(.text.Timer3_DAC_Config) refers to adc_dac_fi1.o(.bss.freq_choice) for freq_choice
    adc_dac_fi1.o(.text.Timer3_DAC_Config) refers to adc_dac_fi1.o(.data.freq_table) for freq_table
    adc_dac_fi1.o(.text.Timer3_DAC_Config) refers to adc_dac_fi1.o(.text.__NVIC_SetPriority) for __NVIC_SetPriority
    adc_dac_fi1.o(.text.Timer3_DAC_Config) refers to adc_dac_fi1.o(.text.__NVIC_EnableIRQ) for __NVIC_EnableIRQ
    adc_dac_fi1.o(.ARM.exidx.text.Timer3_DAC_Config) refers to adc_dac_fi1.o(.text.Timer3_DAC_Config) for [Anonymous Symbol]
    adc_dac_fi1.o(.text.EXTI_Config) refers to adc_dac_fi1.o(.text.__NVIC_SetPriority) for __NVIC_SetPriority
    adc_dac_fi1.o(.text.EXTI_Config) refers to adc_dac_fi1.o(.text.__NVIC_EnableIRQ) for __NVIC_EnableIRQ
    adc_dac_fi1.o(.ARM.exidx.text.EXTI_Config) refers to adc_dac_fi1.o(.text.EXTI_Config) for [Anonymous Symbol]
    adc_dac_fi1.o(.text.ADC_conf) refers to adc_dac_fi1.o(.text.__NVIC_SetPriority) for __NVIC_SetPriority
    adc_dac_fi1.o(.text.ADC_conf) refers to adc_dac_fi1.o(.text.__NVIC_EnableIRQ) for __NVIC_EnableIRQ
    adc_dac_fi1.o(.ARM.exidx.text.ADC_conf) refers to adc_dac_fi1.o(.text.ADC_conf) for [Anonymous Symbol]
    adc_dac_fi1.o(.text.ADC_start) refers to adc_dac_fi1.o(.text.delay_ms) for delay_ms
    adc_dac_fi1.o(.ARM.exidx.text.ADC_start) refers to adc_dac_fi1.o(.text.ADC_start) for [Anonymous Symbol]
    adc_dac_fi1.o(.ARM.exidx.text.delay_ms) refers to adc_dac_fi1.o(.text.delay_ms) for [Anonymous Symbol]
    adc_dac_fi1.o(.ARM.exidx.text.__NVIC_SetPriority) refers to adc_dac_fi1.o(.text.__NVIC_SetPriority) for [Anonymous Symbol]
    adc_dac_fi1.o(.ARM.exidx.text.__NVIC_EnableIRQ) refers to adc_dac_fi1.o(.text.__NVIC_EnableIRQ) for [Anonymous Symbol]
    adc_dac_fi1.o(.text.ADC1_2_IRQHandler) refers to adc_dac_fi1.o(.bss.DR_value) for DR_value
    adc_dac_fi1.o(.ARM.exidx.text.ADC1_2_IRQHandler) refers to adc_dac_fi1.o(.text.ADC1_2_IRQHandler) for [Anonymous Symbol]
    adc_dac_fi1.o(.text.TIM3_IRQHandler) refers to adc_dac_fi1.o(.bss.choice) for choice
    adc_dac_fi1.o(.text.TIM3_IRQHandler) refers to adc_dac_fi1.o(.bss.triangle_index) for triangle_index
    adc_dac_fi1.o(.text.TIM3_IRQHandler) refers to adc_dac_fi1.o(.bss.triangle_table) for triangle_table
    adc_dac_fi1.o(.text.TIM3_IRQHandler) refers to adc_dac_fi1.o(.bss.sine_index) for sine_index
    adc_dac_fi1.o(.text.TIM3_IRQHandler) refers to adc_dac_fi1.o(.bss.sine_table) for sine_table
    adc_dac_fi1.o(.text.TIM3_IRQHandler) refers to adc_dac_fi1.o(.bss.square_index) for square_index
    adc_dac_fi1.o(.text.TIM3_IRQHandler) refers to adc_dac_fi1.o(.bss.square_table) for square_table
    adc_dac_fi1.o(.ARM.exidx.text.TIM3_IRQHandler) refers to adc_dac_fi1.o(.text.TIM3_IRQHandler) for [Anonymous Symbol]
    adc_dac_fi1.o(.text.EXTI15_10_IRQHandler) refers to adc_dac_fi1.o(.bss.choice) for choice
    adc_dac_fi1.o(.text.EXTI15_10_IRQHandler) refers to adc_dac_fi1.o(.text.reset_pusle_index) for reset_pusle_index
    adc_dac_fi1.o(.text.EXTI15_10_IRQHandler) refers to adc_dac_fi1.o(.bss.freq_choice) for freq_choice
    adc_dac_fi1.o(.text.EXTI15_10_IRQHandler) refers to adc_dac_fi1.o(.bss.freq_choice_changed) for freq_choice_changed
    adc_dac_fi1.o(.ARM.exidx.text.EXTI15_10_IRQHandler) refers to adc_dac_fi1.o(.text.EXTI15_10_IRQHandler) for [Anonymous Symbol]
    adc_dac_fi1.o(.text.reset_pusle_index) refers to adc_dac_fi1.o(.bss.square_index) for square_index
    adc_dac_fi1.o(.text.reset_pusle_index) refers to adc_dac_fi1.o(.bss.sine_index) for sine_index
    adc_dac_fi1.o(.text.reset_pusle_index) refers to adc_dac_fi1.o(.bss.triangle_index) for triangle_index
    adc_dac_fi1.o(.ARM.exidx.text.reset_pusle_index) refers to adc_dac_fi1.o(.text.reset_pusle_index) for [Anonymous Symbol]
    startup_stm32f10x_md.o(STACK) refers (Special) to heapauxi.o(.text) for __use_two_region_memory
    startup_stm32f10x_md.o(HEAP) refers (Special) to heapauxi.o(.text) for __use_two_region_memory
    startup_stm32f10x_md.o(RESET) refers (Special) to heapauxi.o(.text) for __use_two_region_memory
    startup_stm32f10x_md.o(RESET) refers to startup_stm32f10x_md.o(STACK) for __initial_sp
    startup_stm32f10x_md.o(RESET) refers to startup_stm32f10x_md.o(.text) for Reset_Handler
    startup_stm32f10x_md.o(RESET) refers to adc_dac_fi1.o(.text.ADC1_2_IRQHandler) for ADC1_2_IRQHandler
    startup_stm32f10x_md.o(RESET) refers to adc_dac_fi1.o(.text.TIM3_IRQHandler) for TIM3_IRQHandler
    startup_stm32f10x_md.o(RESET) refers to adc_dac_fi1.o(.text.EXTI15_10_IRQHandler) for EXTI15_10_IRQHandler
    startup_stm32f10x_md.o(.text) refers (Special) to heapauxi.o(.text) for __use_two_region_memory
    startup_stm32f10x_md.o(.text) refers to system_stm32f10x.o(.text.SystemInit) for SystemInit
    startup_stm32f10x_md.o(.text) refers to __main.o(!!!main) for __main
    startup_stm32f10x_md.o(.text) refers to startup_stm32f10x_md.o(HEAP) for Heap_Mem
    startup_stm32f10x_md.o(.text) refers to startup_stm32f10x_md.o(STACK) for Stack_Mem
    system_stm32f10x.o(.text.SystemInit) refers to system_stm32f10x.o(.text.SetSysClock) for SetSysClock
    system_stm32f10x.o(.ARM.exidx.text.SystemInit) refers to system_stm32f10x.o(.text.SystemInit) for [Anonymous Symbol]
    system_stm32f10x.o(.text.SetSysClock) refers to system_stm32f10x.o(.text.SetSysClockTo72) for SetSysClockTo72
    system_stm32f10x.o(.ARM.exidx.text.SetSysClock) refers to system_stm32f10x.o(.text.SetSysClock) for [Anonymous Symbol]
    system_stm32f10x.o(.text.SystemCoreClockUpdate) refers to system_stm32f10x.o(.data.SystemCoreClock) for SystemCoreClock
    system_stm32f10x.o(.text.SystemCoreClockUpdate) refers to system_stm32f10x.o(.rodata.AHBPrescTable) for AHBPrescTable
    system_stm32f10x.o(.ARM.exidx.text.SystemCoreClockUpdate) refers to system_stm32f10x.o(.text.SystemCoreClockUpdate) for [Anonymous Symbol]
    system_stm32f10x.o(.ARM.exidx.text.SetSysClockTo72) refers to system_stm32f10x.o(.text.SetSysClockTo72) for [Anonymous Symbol]
    __main.o(!!!main) refers to __rtentry.o(.ARM.Collect$$rtentry$$00000000) for __rt_entry
    daddsub_clz.o(x$fpl$dadd) refers (Special) to usenofp.o(x$fpl$usenofp) for __I$use$fp
    daddsub_clz.o(x$fpl$dadd) refers to daddsub_clz.o(x$fpl$dsub) for _dsub1
    daddsub_clz.o(x$fpl$dadd) refers to dretinf.o(x$fpl$dretinf) for __fpl_dretinf
    daddsub_clz.o(x$fpl$dadd) refers to dnaninf.o(x$fpl$dnaninf) for __fpl_dnaninf
    daddsub_clz.o(x$fpl$drsb) refers (Special) to usenofp.o(x$fpl$usenofp) for __I$use$fp
    daddsub_clz.o(x$fpl$drsb) refers to daddsub_clz.o(x$fpl$dadd) for _dadd1
    daddsub_clz.o(x$fpl$drsb) refers to daddsub_clz.o(x$fpl$dsub) for _dsub1
    daddsub_clz.o(x$fpl$dsub) refers (Special) to usenofp.o(x$fpl$usenofp) for __I$use$fp
    daddsub_clz.o(x$fpl$dsub) refers to daddsub_clz.o(x$fpl$dadd) for _dadd1
    daddsub_clz.o(x$fpl$dsub) refers to dnaninf.o(x$fpl$dnaninf) for __fpl_dnaninf
    ddiv.o(x$fpl$drdiv) refers (Special) to usenofp.o(x$fpl$usenofp) for __I$use$fp
    ddiv.o(x$fpl$drdiv) refers to ddiv.o(x$fpl$ddiv) for ddiv_entry
    ddiv.o(x$fpl$ddiv) refers (Special) to usenofp.o(x$fpl$usenofp) for __I$use$fp
    ddiv.o(x$fpl$ddiv) refers to dretinf.o(x$fpl$dretinf) for __fpl_dretinf
    ddiv.o(x$fpl$ddiv) refers to dnaninf.o(x$fpl$dnaninf) for __fpl_dnaninf
    dfix.o(x$fpl$dfix) refers (Special) to usenofp.o(x$fpl$usenofp) for __I$use$fp
    dfix.o(x$fpl$dfix) refers to dnaninf.o(x$fpl$dnaninf) for __fpl_dnaninf
    dfix.o(x$fpl$dfixr) refers (Special) to usenofp.o(x$fpl$usenofp) for __I$use$fp
    dfix.o(x$fpl$dfixr) refers to dnaninf.o(x$fpl$dnaninf) for __fpl_dnaninf
    dfixu.o(x$fpl$dfixu) refers (Special) to usenofp.o(x$fpl$usenofp) for __I$use$fp
    dfixu.o(x$fpl$dfixu) refers to dnaninf.o(x$fpl$dnaninf) for __fpl_dnaninf
    dfixu.o(x$fpl$dfixur) refers (Special) to usenofp.o(x$fpl$usenofp) for __I$use$fp
    dfixu.o(x$fpl$dfixur) refers to dnaninf.o(x$fpl$dnaninf) for __fpl_dnaninf
    dflt_clz.o(x$fpl$dfltu) refers (Special) to usenofp.o(x$fpl$usenofp) for __I$use$fp
    dflt_clz.o(x$fpl$dflt) refers (Special) to usenofp.o(x$fpl$usenofp) for __I$use$fp
    dflt_clz.o(x$fpl$dfltn) refers (Special) to usenofp.o(x$fpl$usenofp) for __I$use$fp
    dmul.o(x$fpl$dmul) refers (Special) to usenofp.o(x$fpl$usenofp) for __I$use$fp
    dmul.o(x$fpl$dmul) refers to dretinf.o(x$fpl$dretinf) for __fpl_dretinf
    dmul.o(x$fpl$dmul) refers to dnaninf.o(x$fpl$dnaninf) for __fpl_dnaninf
    sin.o(i.__softfp_sin) refers (Special) to usenofp.o(x$fpl$usenofp) for __I$use$fp
    sin.o(i.__softfp_sin) refers to sin.o(i.sin) for sin
    sin.o(i.sin) refers (Special) to usenofp.o(x$fpl$usenofp) for __I$use$fp
    sin.o(i.sin) refers to _rserrno.o(.text) for __set_errno
    sin.o(i.sin) refers to dunder.o(i.__mathlib_dbl_invalid) for __mathlib_dbl_invalid
    sin.o(i.sin) refers to dunder.o(i.__mathlib_dbl_infnan) for __mathlib_dbl_infnan
    sin.o(i.sin) refers to rred.o(i.__ieee754_rem_pio2) for __ieee754_rem_pio2
    sin.o(i.sin) refers to cos_i.o(i.__kernel_cos) for __kernel_cos
    sin.o(i.sin) refers to sin_i.o(i.__kernel_sin) for __kernel_sin
    __rtentry.o(.ARM.Collect$$rtentry$$00000000) refers (Special) to __rtentry2.o(.ARM.Collect$$rtentry$$0000000A) for __rt_entry_li
    __rtentry.o(.ARM.Collect$$rtentry$$00000000) refers (Special) to __rtentry2.o(.ARM.Collect$$rtentry$$0000000D) for __rt_entry_main
    __rtentry.o(.ARM.Collect$$rtentry$$00000000) refers (Special) to __rtentry2.o(.ARM.Collect$$rtentry$$0000000C) for __rt_entry_postli_1
    __rtentry.o(.ARM.Collect$$rtentry$$00000000) refers (Special) to __rtentry2.o(.ARM.Collect$$rtentry$$00000009) for __rt_entry_postsh_1
    __rtentry.o(.ARM.Collect$$rtentry$$00000000) refers (Special) to __rtentry2.o(.ARM.Collect$$rtentry$$00000002) for __rt_entry_presh_1
    __rtentry.o(.ARM.Collect$$rtentry$$00000000) refers (Special) to __rtentry4.o(.ARM.Collect$$rtentry$$00000004) for __rt_entry_sh
    _rserrno.o(.text) refers to rt_errno_addr_intlibspace.o(.text) for __aeabi_errno_addr
    dnaninf.o(x$fpl$dnaninf) refers (Special) to usenofp.o(x$fpl$usenofp) for __I$use$fp
    dretinf.o(x$fpl$dretinf) refers (Special) to usenofp.o(x$fpl$usenofp) for __I$use$fp
    cos_i.o(i.__kernel_cos) refers (Special) to usenofp.o(x$fpl$usenofp) for __I$use$fp
    cos_i.o(i.__kernel_cos) refers to dfix.o(x$fpl$dfix) for __aeabi_d2iz
    cos_i.o(i.__kernel_cos) refers to dmul.o(x$fpl$dmul) for __aeabi_dmul
    cos_i.o(i.__kernel_cos) refers to poly.o(i.__kernel_poly) for __kernel_poly
    cos_i.o(i.__kernel_cos) refers to daddsub_clz.o(x$fpl$dsub) for __aeabi_dsub
    cos_i.o(i.__kernel_cos) refers to scalbn.o(x$fpl$scalbn) for __ARM_scalbn
    cos_i.o(i.__kernel_cos) refers to daddsub_clz.o(x$fpl$drsb) for __aeabi_drsub
    cos_i.o(i.__kernel_cos) refers to cos_i.o(.constdata) for .constdata
    cos_i.o(.constdata) refers (Special) to usenofp.o(x$fpl$usenofp) for __I$use$fp
    dunder.o(i.__mathlib_dbl_divzero) refers to ddiv.o(x$fpl$ddiv) for __aeabi_ddiv
    dunder.o(i.__mathlib_dbl_infnan) refers to scalbn.o(x$fpl$scalbn) for __ARM_scalbn
    dunder.o(i.__mathlib_dbl_infnan2) refers to daddsub_clz.o(x$fpl$dadd) for __aeabi_dadd
    dunder.o(i.__mathlib_dbl_invalid) refers to ddiv.o(x$fpl$ddiv) for __aeabi_ddiv
    dunder.o(i.__mathlib_dbl_overflow) refers to scalbn.o(x$fpl$scalbn) for __ARM_scalbn
    dunder.o(i.__mathlib_dbl_posinfnan) refers to dmul.o(x$fpl$dmul) for __aeabi_dmul
    dunder.o(i.__mathlib_dbl_underflow) refers to scalbn.o(x$fpl$scalbn) for __ARM_scalbn
    rred.o(i.__ieee754_rem_pio2) refers (Special) to usenofp.o(x$fpl$usenofp) for __I$use$fp
    rred.o(i.__ieee754_rem_pio2) refers to daddsub_clz.o(x$fpl$dsub) for __aeabi_dsub
    rred.o(i.__ieee754_rem_pio2) refers to daddsub_clz.o(x$fpl$dadd) for __aeabi_dadd
    rred.o(i.__ieee754_rem_pio2) refers to dmul.o(x$fpl$dmul) for __aeabi_dmul
    rred.o(i.__ieee754_rem_pio2) refers to dfix.o(x$fpl$dfix) for __aeabi_d2iz
    rred.o(i.__ieee754_rem_pio2) refers to dflt_clz.o(x$fpl$dflt) for __aeabi_i2d
    rred.o(i.__ieee754_rem_pio2) refers to daddsub_clz.o(x$fpl$drsb) for __aeabi_drsub
    rred.o(i.__ieee754_rem_pio2) refers to dflt_clz.o(x$fpl$dfltu) for __aeabi_ui2d
    rred.o(i.__ieee754_rem_pio2) refers to scalbn.o(x$fpl$scalbn) for __ARM_scalbn
    rred.o(i.__ieee754_rem_pio2) refers to rred.o(.constdata) for .constdata
    rred.o(i.__use_accurate_range_reduction) refers (Special) to usenofp.o(x$fpl$usenofp) for __I$use$fp
    rred.o(.constdata) refers (Special) to usenofp.o(x$fpl$usenofp) for __I$use$fp
    sin_i.o(i.__kernel_sin) refers (Special) to usenofp.o(x$fpl$usenofp) for __I$use$fp
    sin_i.o(i.__kernel_sin) refers to fpclassify.o(i.__ARM_fpclassify) for __ARM_fpclassify
    sin_i.o(i.__kernel_sin) refers to dunder.o(i.__mathlib_dbl_underflow) for __mathlib_dbl_underflow
    sin_i.o(i.__kernel_sin) refers to dmul.o(x$fpl$dmul) for __aeabi_dmul
    sin_i.o(i.__kernel_sin) refers to poly.o(i.__kernel_poly) for __kernel_poly
    sin_i.o(i.__kernel_sin) refers to scalbn.o(x$fpl$scalbn) for __ARM_scalbn
    sin_i.o(i.__kernel_sin) refers to daddsub_clz.o(x$fpl$dsub) for __aeabi_dsub
    sin_i.o(i.__kernel_sin) refers to daddsub_clz.o(x$fpl$drsb) for __aeabi_drsub
    sin_i.o(i.__kernel_sin) refers to daddsub_clz.o(x$fpl$dadd) for __aeabi_dadd
    sin_i.o(i.__kernel_sin) refers to sin_i.o(.constdata) for .constdata
    sin_i.o(.constdata) refers (Special) to usenofp.o(x$fpl$usenofp) for __I$use$fp
    __rtentry2.o(.ARM.Collect$$rtentry$$00000008) refers to boardinit2.o(.text) for _platform_post_stackheap_init
    __rtentry2.o(.ARM.Collect$$rtentry$$0000000A) refers to libinit.o(.ARM.Collect$$libinit$$00000000) for __rt_lib_init
    __rtentry2.o(.ARM.Collect$$rtentry$$0000000B) refers to boardinit3.o(.text) for _platform_post_lib_init
    __rtentry2.o(.ARM.Collect$$rtentry$$0000000D) refers to adc_dac_fi1.o(.text.main) for main
    __rtentry2.o(.ARM.Collect$$rtentry$$0000000D) refers to exit.o(.text) for exit
    __rtentry2.o(.ARM.exidx) refers to __rtentry2.o(.ARM.Collect$$rtentry$$00000001) for .ARM.Collect$$rtentry$$00000001
    __rtentry2.o(.ARM.exidx) refers to __rtentry2.o(.ARM.Collect$$rtentry$$00000008) for .ARM.Collect$$rtentry$$00000008
    __rtentry2.o(.ARM.exidx) refers to __rtentry2.o(.ARM.Collect$$rtentry$$0000000A) for .ARM.Collect$$rtentry$$0000000A
    __rtentry2.o(.ARM.exidx) refers to __rtentry2.o(.ARM.Collect$$rtentry$$0000000B) for .ARM.Collect$$rtentry$$0000000B
    __rtentry2.o(.ARM.exidx) refers to __rtentry2.o(.ARM.Collect$$rtentry$$0000000D) for .ARM.Collect$$rtentry$$0000000D
    __rtentry4.o(.ARM.Collect$$rtentry$$00000004) refers to sys_stackheap_outer.o(.text) for __user_setup_stackheap
    __rtentry4.o(.ARM.exidx) refers to __rtentry4.o(.ARM.Collect$$rtentry$$00000004) for .ARM.Collect$$rtentry$$00000004
    rt_errno_addr.o(.text) refers to rt_errno_addr.o(.bss) for __aeabi_errno_addr_data
    rt_errno_addr_intlibspace.o(.text) refers to libspace.o(.bss) for __libspace_start
    scalbn.o(x$fpl$scalbn) refers (Special) to usenofp.o(x$fpl$usenofp) for __I$use$fp
    scalbn.o(x$fpl$scalbn) refers to dcheck1.o(x$fpl$dcheck1) for __fpl_dcheck_NaN1
    fpclassify.o(i.__ARM_fpclassify) refers (Special) to usenofp.o(x$fpl$usenofp) for __I$use$fp
    poly.o(i.__kernel_poly) refers (Special) to usenofp.o(x$fpl$usenofp) for __I$use$fp
    poly.o(i.__kernel_poly) refers to dmul.o(x$fpl$dmul) for __aeabi_dmul
    poly.o(i.__kernel_poly) refers to daddsub_clz.o(x$fpl$dadd) for __aeabi_dadd
    libspace.o(.text) refers to libspace.o(.bss) for __libspace_start
    sys_stackheap_outer.o(.text) refers to libspace.o(.text) for __user_perproc_libspace
    sys_stackheap_outer.o(.text) refers to startup_stm32f10x_md.o(.text) for __user_initial_stackheap
    exit.o(.text) refers to rtexit.o(.ARM.Collect$$rtexit$$00000000) for __rt_exit
    libinit.o(.ARM.Collect$$libinit$$00000000) refers (Special) to libinit2.o(.ARM.Collect$$libinit$$00000030) for __rt_lib_init_alloca_1
    libinit.o(.ARM.Collect$$libinit$$00000000) refers (Special) to libinit2.o(.ARM.Collect$$libinit$$0000002E) for __rt_lib_init_argv_1
    libinit.o(.ARM.Collect$$libinit$$00000000) refers (Special) to libinit2.o(.ARM.Collect$$libinit$$0000001D) for __rt_lib_init_atexit_1
    libinit.o(.ARM.Collect$$libinit$$00000000) refers (Special) to libinit2.o(.ARM.Collect$$libinit$$00000023) for __rt_lib_init_clock_1
    libinit.o(.ARM.Collect$$libinit$$00000000) refers (Special) to libinit2.o(.ARM.Collect$$libinit$$00000034) for __rt_lib_init_cpp_1
    libinit.o(.ARM.Collect$$libinit$$00000000) refers (Special) to libinit2.o(.ARM.Collect$$libinit$$00000032) for __rt_lib_init_exceptions_1
    libinit.o(.ARM.Collect$$libinit$$00000000) refers (Special) to libinit2.o(.ARM.Collect$$libinit$$00000002) for __rt_lib_init_fp_1
    libinit.o(.ARM.Collect$$libinit$$00000000) refers (Special) to libinit2.o(.ARM.Collect$$libinit$$00000021) for __rt_lib_init_fp_trap_1
    libinit.o(.ARM.Collect$$libinit$$00000000) refers (Special) to libinit2.o(.ARM.Collect$$libinit$$00000025) for __rt_lib_init_getenv_1
    libinit.o(.ARM.Collect$$libinit$$00000000) refers (Special) to libinit2.o(.ARM.Collect$$libinit$$0000000C) for __rt_lib_init_heap_1
    libinit.o(.ARM.Collect$$libinit$$00000000) refers (Special) to libinit2.o(.ARM.Collect$$libinit$$00000013) for __rt_lib_init_lc_collate_1
    libinit.o(.ARM.Collect$$libinit$$00000000) refers (Special) to libinit2.o(.ARM.Collect$$libinit$$00000015) for __rt_lib_init_lc_ctype_1
    libinit.o(.ARM.Collect$$libinit$$00000000) refers (Special) to libinit2.o(.ARM.Collect$$libinit$$00000017) for __rt_lib_init_lc_monetary_1
    libinit.o(.ARM.Collect$$libinit$$00000000) refers (Special) to libinit2.o(.ARM.Collect$$libinit$$00000019) for __rt_lib_init_lc_numeric_1
    libinit.o(.ARM.Collect$$libinit$$00000000) refers (Special) to libinit2.o(.ARM.Collect$$libinit$$0000001B) for __rt_lib_init_lc_time_1
    libinit.o(.ARM.Collect$$libinit$$00000000) refers (Special) to libinit2.o(.ARM.Collect$$libinit$$00000006) for __rt_lib_init_preinit_1
    libinit.o(.ARM.Collect$$libinit$$00000000) refers (Special) to libinit2.o(.ARM.Collect$$libinit$$00000010) for __rt_lib_init_rand_1
    libinit.o(.ARM.Collect$$libinit$$00000000) refers (Special) to libinit2.o(.ARM.Collect$$libinit$$00000004) for __rt_lib_init_relocate_pie_1
    libinit.o(.ARM.Collect$$libinit$$00000000) refers (Special) to libinit2.o(.ARM.Collect$$libinit$$00000035) for __rt_lib_init_return
    libinit.o(.ARM.Collect$$libinit$$00000000) refers (Special) to libinit2.o(.ARM.Collect$$libinit$$0000001F) for __rt_lib_init_signal_1
    libinit.o(.ARM.Collect$$libinit$$00000000) refers (Special) to libinit2.o(.ARM.Collect$$libinit$$00000027) for __rt_lib_init_stdio_1
    libinit.o(.ARM.Collect$$libinit$$00000000) refers (Special) to libinit2.o(.ARM.Collect$$libinit$$0000000E) for __rt_lib_init_user_alloc_1
    dcheck1.o(x$fpl$dcheck1) refers (Special) to usenofp.o(x$fpl$usenofp) for __I$use$fp
    dcheck1.o(x$fpl$dcheck1) refers to retnan.o(x$fpl$retnan) for __fpl_return_NaN
    rtexit.o(.ARM.Collect$$rtexit$$00000000) refers (Special) to rtexit2.o(.ARM.Collect$$rtexit$$00000004) for __rt_exit_exit
    rtexit.o(.ARM.Collect$$rtexit$$00000000) refers (Special) to rtexit2.o(.ARM.Collect$$rtexit$$00000003) for __rt_exit_ls
    rtexit.o(.ARM.Collect$$rtexit$$00000000) refers (Special) to rtexit2.o(.ARM.Collect$$rtexit$$00000002) for __rt_exit_prels_1
    rtexit.o(.ARM.exidx) refers (Special) to rtexit2.o(.ARM.Collect$$rtexit$$00000004) for __rt_exit_exit
    rtexit.o(.ARM.exidx) refers (Special) to rtexit2.o(.ARM.Collect$$rtexit$$00000003) for __rt_exit_ls
    rtexit.o(.ARM.exidx) refers (Special) to rtexit2.o(.ARM.Collect$$rtexit$$00000002) for __rt_exit_prels_1
    rtexit.o(.ARM.exidx) refers to rtexit.o(.ARM.Collect$$rtexit$$00000000) for .ARM.Collect$$rtexit$$00000000
    libinit2.o(.ARM.Collect$$libinit$$00000012) refers to libinit2.o(.ARM.Collect$$libinit$$00000011) for .ARM.Collect$$libinit$$00000011
    libinit2.o(.ARM.Collect$$libinit$$00000014) refers to libinit2.o(.ARM.Collect$$libinit$$00000011) for .ARM.Collect$$libinit$$00000011
    libinit2.o(.ARM.Collect$$libinit$$00000016) refers to libinit2.o(.ARM.Collect$$libinit$$00000011) for .ARM.Collect$$libinit$$00000011
    libinit2.o(.ARM.Collect$$libinit$$00000018) refers to libinit2.o(.ARM.Collect$$libinit$$00000011) for .ARM.Collect$$libinit$$00000011
    libinit2.o(.ARM.Collect$$libinit$$0000001A) refers to libinit2.o(.ARM.Collect$$libinit$$00000011) for .ARM.Collect$$libinit$$00000011
    libinit2.o(.ARM.Collect$$libinit$$00000028) refers to argv_veneer.o(.emb_text) for __ARM_argv_veneer
    libinit2.o(.ARM.Collect$$libinit$$00000029) refers to argv_veneer.o(.emb_text) for __ARM_argv_veneer
    retnan.o(x$fpl$retnan) refers (Special) to usenofp.o(x$fpl$usenofp) for __I$use$fp
    retnan.o(x$fpl$retnan) refers to trapv.o(x$fpl$trapveneer) for __fpl_cmpreturn
    rtexit2.o(.ARM.Collect$$rtexit$$00000003) refers to libshutdown.o(.ARM.Collect$$libshutdown$$00000000) for __rt_lib_shutdown
    rtexit2.o(.ARM.Collect$$rtexit$$00000004) refers to sys_exit.o(.text) for _sys_exit
    rtexit2.o(.ARM.exidx) refers to rtexit2.o(.ARM.Collect$$rtexit$$00000001) for .ARM.Collect$$rtexit$$00000001
    rtexit2.o(.ARM.exidx) refers to rtexit2.o(.ARM.Collect$$rtexit$$00000003) for .ARM.Collect$$rtexit$$00000003
    rtexit2.o(.ARM.exidx) refers to rtexit2.o(.ARM.Collect$$rtexit$$00000004) for .ARM.Collect$$rtexit$$00000004
    argv_veneer.o(.emb_text) refers to no_argv.o(.text) for __ARM_get_argv
    trapv.o(x$fpl$trapveneer) refers (Special) to usenofp.o(x$fpl$usenofp) for __I$use$fp
    sys_exit.o(.text) refers (Special) to use_no_semi.o(.text) for __I$use$semihosting
    sys_exit.o(.text) refers (Special) to indicate_semi.o(.text) for __semihosting_library_function
    sys_exit_hlt.o(.text) refers (Special) to use_no_semi.o(.text) for __I$use$semihosting
    sys_exit_hlt.o(.text) refers (Special) to indicate_semi.o(.text) for __semihosting_library_function
    _get_argv_nomalloc.o(.text) refers (Special) to hrguard.o(.text) for __heap_region$guard
    _get_argv_nomalloc.o(.text) refers to defsig_rtmem_outer.o(.text) for __rt_SIGRTMEM
    _get_argv_nomalloc.o(.text) refers to sys_command.o(.text) for _sys_command_string
    libshutdown.o(.ARM.Collect$$libshutdown$$00000000) refers (Special) to libshutdown2.o(.ARM.Collect$$libshutdown$$00000002) for __rt_lib_shutdown_cpp_1
    libshutdown.o(.ARM.Collect$$libshutdown$$00000000) refers (Special) to libshutdown2.o(.ARM.Collect$$libshutdown$$00000007) for __rt_lib_shutdown_fp_trap_1
    libshutdown.o(.ARM.Collect$$libshutdown$$00000000) refers (Special) to libshutdown2.o(.ARM.Collect$$libshutdown$$0000000F) for __rt_lib_shutdown_heap_1
    libshutdown.o(.ARM.Collect$$libshutdown$$00000000) refers (Special) to libshutdown2.o(.ARM.Collect$$libshutdown$$00000010) for __rt_lib_shutdown_return
    libshutdown.o(.ARM.Collect$$libshutdown$$00000000) refers (Special) to libshutdown2.o(.ARM.Collect$$libshutdown$$0000000A) for __rt_lib_shutdown_signal_1
    libshutdown.o(.ARM.Collect$$libshutdown$$00000000) refers (Special) to libshutdown2.o(.ARM.Collect$$libshutdown$$00000004) for __rt_lib_shutdown_stdio_1
    libshutdown.o(.ARM.Collect$$libshutdown$$00000000) refers (Special) to libshutdown2.o(.ARM.Collect$$libshutdown$$0000000C) for __rt_lib_shutdown_user_alloc_1
    sys_command.o(.text) refers (Special) to use_no_semi.o(.text) for __I$use$semihosting
    sys_command.o(.text) refers (Special) to indicate_semi.o(.text) for __semihosting_library_function
    sys_command_hlt.o(.text) refers (Special) to use_no_semi.o(.text) for __I$use$semihosting
    sys_command_hlt.o(.text) refers (Special) to indicate_semi.o(.text) for __semihosting_library_function
    defsig_rtmem_outer.o(.text) refers to defsig_rtmem_inner.o(.text) for __rt_SIGRTMEM_inner
    defsig_rtmem_outer.o(.text) refers to defsig_exit.o(.text) for __sig_exit
    defsig_rtmem_formal.o(.text) refers to rt_raise.o(.text) for __rt_raise
    rt_raise.o(.text) refers to __raise.o(.text) for __raise
    rt_raise.o(.text) refers to sys_exit.o(.text) for _sys_exit
    defsig_exit.o(.text) refers to sys_exit.o(.text) for _sys_exit
    defsig_rtmem_inner.o(.text) refers to defsig_general.o(.text) for __default_signal_display
    __raise.o(.text) refers to defsig.o(CL$$defsig) for __default_signal_handler
    defsig_general.o(.text) refers to sys_wrch.o(.text) for _ttywrch
    sys_wrch.o(.text) refers (Special) to use_no_semi.o(.text) for __I$use$semihosting
    sys_wrch.o(.text) refers (Special) to indicate_semi.o(.text) for __semihosting_library_function
    sys_wrch_hlt.o(.text) refers (Special) to use_no_semi.o(.text) for __I$use$semihosting
    sys_wrch_hlt.o(.text) refers (Special) to indicate_semi.o(.text) for __semihosting_library_function
    defsig.o(CL$$defsig) refers to defsig_rtmem_inner.o(.text) for __rt_SIGRTMEM_inner
    defsig_abrt_inner.o(.text) refers to defsig_general.o(.text) for __default_signal_display
    defsig_fpe_inner.o(.text) refers to defsig_general.o(.text) for __default_signal_display
    defsig_rtred_inner.o(.text) refers to defsig_general.o(.text) for __default_signal_display
    defsig_stak_inner.o(.text) refers to defsig_general.o(.text) for __default_signal_display
    defsig_pvfn_inner.o(.text) refers to defsig_general.o(.text) for __default_signal_display
    defsig_cppl_inner.o(.text) refers to defsig_general.o(.text) for __default_signal_display
    defsig_segv_inner.o(.text) refers to defsig_general.o(.text) for __default_signal_display
    defsig_other.o(.text) refers to defsig_general.o(.text) for __default_signal_display


==============================================================================

Removing Unused input sections from the image.

    Removing adc_dac_fi1.o(.text), (0 bytes).
    Removing adc_dac_fi1.o(.ARM.exidx.text.main), (8 bytes).
    Removing adc_dac_fi1.o(.ARM.exidx.text.SineTable_Init), (8 bytes).
    Removing adc_dac_fi1.o(.ARM.exidx.text.TriangleTable_Init), (8 bytes).
    Removing adc_dac_fi1.o(.ARM.exidx.text.SquareTable_Init), (8 bytes).
    Removing adc_dac_fi1.o(.ARM.exidx.text.SysClkConf), (8 bytes).
    Removing adc_dac_fi1.o(.ARM.exidx.text.PinConf), (8 bytes).
    Removing adc_dac_fi1.o(.ARM.exidx.text.Timer3_DAC_Config), (8 bytes).
    Removing adc_dac_fi1.o(.ARM.exidx.text.EXTI_Config), (8 bytes).
    Removing adc_dac_fi1.o(.ARM.exidx.text.ADC_conf), (8 bytes).
    Removing adc_dac_fi1.o(.ARM.exidx.text.ADC_start), (8 bytes).
    Removing adc_dac_fi1.o(.ARM.exidx.text.delay_ms), (8 bytes).
    Removing adc_dac_fi1.o(.ARM.exidx.text.__NVIC_SetPriority), (8 bytes).
    Removing adc_dac_fi1.o(.ARM.exidx.text.__NVIC_EnableIRQ), (8 bytes).
    Removing adc_dac_fi1.o(.ARM.exidx.text.ADC1_2_IRQHandler), (8 bytes).
    Removing adc_dac_fi1.o(.ARM.exidx.text.TIM3_IRQHandler), (8 bytes).
    Removing adc_dac_fi1.o(.ARM.exidx.text.EXTI15_10_IRQHandler), (8 bytes).
    Removing adc_dac_fi1.o(.ARM.exidx.text.reset_pusle_index), (8 bytes).
    Removing adc_dac_fi1.o(.ARM.use_no_argv), (4 bytes).
    Removing system_stm32f10x.o(.text), (0 bytes).
    Removing system_stm32f10x.o(.ARM.exidx.text.SystemInit), (8 bytes).
    Removing system_stm32f10x.o(.ARM.exidx.text.SetSysClock), (8 bytes).
    Removing system_stm32f10x.o(.text.SystemCoreClockUpdate), (290 bytes).
    Removing system_stm32f10x.o(.ARM.exidx.text.SystemCoreClockUpdate), (8 bytes).
    Removing system_stm32f10x.o(.ARM.exidx.text.SetSysClockTo72), (8 bytes).
    Removing system_stm32f10x.o(.data.SystemCoreClock), (4 bytes).
    Removing system_stm32f10x.o(.rodata.AHBPrescTable), (16 bytes).

27 unused section(s) (total 482 bytes) removed from the image.

==============================================================================

Image Symbol Table

    Local Symbols

    Symbol Name                              Value     Ov Type        Size  Object(Section)

    ../clib/angel/boardlib.s                 0x00000000   Number         0  boardinit1.o ABSOLUTE
    ../clib/angel/boardlib.s                 0x00000000   Number         0  boardinit2.o ABSOLUTE
    ../clib/angel/boardlib.s                 0x00000000   Number         0  boardinit3.o ABSOLUTE
    ../clib/angel/boardlib.s                 0x00000000   Number         0  boardshut.o ABSOLUTE
    ../clib/angel/handlers.s                 0x00000000   Number         0  __scatter_copy.o ABSOLUTE
    ../clib/angel/handlers.s                 0x00000000   Number         0  __scatter_zi.o ABSOLUTE
    ../clib/angel/kernel.s                   0x00000000   Number         0  __rtentry.o ABSOLUTE
    ../clib/angel/kernel.s                   0x00000000   Number         0  __rtentry2.o ABSOLUTE
    ../clib/angel/kernel.s                   0x00000000   Number         0  __rtentry4.o ABSOLUTE
    ../clib/angel/kernel.s                   0x00000000   Number         0  rtexit.o ABSOLUTE
    ../clib/angel/kernel.s                   0x00000000   Number         0  rtexit2.o ABSOLUTE
    ../clib/angel/rt.s                       0x00000000   Number         0  rt_errno_addr.o ABSOLUTE
    ../clib/angel/rt.s                       0x00000000   Number         0  rt_errno_addr_intlibspace.o ABSOLUTE
    ../clib/angel/rt.s                       0x00000000   Number         0  rt_raise.o ABSOLUTE
    ../clib/angel/scatter.s                  0x00000000   Number         0  __scatter.o ABSOLUTE
    ../clib/angel/startup.s                  0x00000000   Number         0  __main.o ABSOLUTE
    ../clib/angel/sys.s                      0x00000000   Number         0  libspace.o ABSOLUTE
    ../clib/angel/sys.s                      0x00000000   Number         0  sys_stackheap_outer.o ABSOLUTE
    ../clib/angel/sys.s                      0x00000000   Number         0  use_no_semi.o ABSOLUTE
    ../clib/angel/sys.s                      0x00000000   Number         0  indicate_semi.o ABSOLUTE
    ../clib/angel/sysapp.c                   0x00000000   Number         0  sys_exit.o ABSOLUTE
    ../clib/angel/sysapp.c                   0x00000000   Number         0  sys_exit_hlt.o ABSOLUTE
    ../clib/angel/sysapp.c                   0x00000000   Number         0  sys_command.o ABSOLUTE
    ../clib/angel/sysapp.c                   0x00000000   Number         0  sys_command_hlt.o ABSOLUTE
    ../clib/angel/sysapp.c                   0x00000000   Number         0  sys_wrch.o ABSOLUTE
    ../clib/angel/sysapp.c                   0x00000000   Number         0  sys_wrch_hlt.o ABSOLUTE
    ../clib/armsys.c                         0x00000000   Number         0  argv_veneer.o ABSOLUTE
    ../clib/armsys.c                         0x00000000   Number         0  argv_veneer.o ABSOLUTE
    ../clib/armsys.c                         0x00000000   Number         0  _get_argv_nomalloc.o ABSOLUTE
    ../clib/armsys.c                         0x00000000   Number         0  no_argv.o ABSOLUTE
    ../clib/fenv.c                           0x00000000   Number         0  _rserrno.o ABSOLUTE
    ../clib/heapalloc.c                      0x00000000   Number         0  hrguard.o ABSOLUTE
    ../clib/heapaux.c                        0x00000000   Number         0  heapauxi.o ABSOLUTE
    ../clib/libinit.s                        0x00000000   Number         0  libinit.o ABSOLUTE
    ../clib/libinit.s                        0x00000000   Number         0  libinit2.o ABSOLUTE
    ../clib/libinit.s                        0x00000000   Number         0  libshutdown.o ABSOLUTE
    ../clib/libinit.s                        0x00000000   Number         0  libshutdown2.o ABSOLUTE
    ../clib/signal.c                         0x00000000   Number         0  defsig_rtmem_outer.o ABSOLUTE
    ../clib/signal.c                         0x00000000   Number         0  defsig_rtmem_formal.o ABSOLUTE
    ../clib/signal.c                         0x00000000   Number         0  defsig_exit.o ABSOLUTE
    ../clib/signal.c                         0x00000000   Number         0  defsig_rtmem_inner.o ABSOLUTE
    ../clib/signal.c                         0x00000000   Number         0  __raise.o ABSOLUTE
    ../clib/signal.c                         0x00000000   Number         0  defsig_general.o ABSOLUTE
    ../clib/signal.c                         0x00000000   Number         0  defsig_abrt_inner.o ABSOLUTE
    ../clib/signal.c                         0x00000000   Number         0  defsig_fpe_inner.o ABSOLUTE
    ../clib/signal.c                         0x00000000   Number         0  defsig_rtred_inner.o ABSOLUTE
    ../clib/signal.c                         0x00000000   Number         0  defsig_stak_inner.o ABSOLUTE
    ../clib/signal.c                         0x00000000   Number         0  defsig_pvfn_inner.o ABSOLUTE
    ../clib/signal.c                         0x00000000   Number         0  defsig_cppl_inner.o ABSOLUTE
    ../clib/signal.c                         0x00000000   Number         0  defsig_segv_inner.o ABSOLUTE
    ../clib/signal.c                         0x00000000   Number         0  defsig_other.o ABSOLUTE
    ../clib/signal.s                         0x00000000   Number         0  defsig.o ABSOLUTE
    ../clib/stdlib.c                         0x00000000   Number         0  exit.o ABSOLUTE
    ../fplib/daddsub.s                       0x00000000   Number         0  daddsub_clz.o ABSOLUTE
    ../fplib/dcheck1.s                       0x00000000   Number         0  dcheck1.o ABSOLUTE
    ../fplib/ddiv.s                          0x00000000   Number         0  ddiv.o ABSOLUTE
    ../fplib/dfix.s                          0x00000000   Number         0  dfix.o ABSOLUTE
    ../fplib/dfixu.s                         0x00000000   Number         0  dfixu.o ABSOLUTE
    ../fplib/dflt.s                          0x00000000   Number         0  dflt_clz.o ABSOLUTE
    ../fplib/dmul.s                          0x00000000   Number         0  dmul.o ABSOLUTE
    ../fplib/dnaninf.s                       0x00000000   Number         0  dnaninf.o ABSOLUTE
    ../fplib/dretinf.s                       0x00000000   Number         0  dretinf.o ABSOLUTE
    ../fplib/fpinit.s                        0x00000000   Number         0  fpinit.o ABSOLUTE
    ../fplib/fpinit_empty.s                  0x00000000   Number         0  fpinit_empty.o ABSOLUTE
    ../fplib/retnan.s                        0x00000000   Number         0  retnan.o ABSOLUTE
    ../fplib/scalbn.s                        0x00000000   Number         0  scalbn.o ABSOLUTE
    ../fplib/trapv.s                         0x00000000   Number         0  trapv.o ABSOLUTE
    ../fplib/usenofp.s                       0x00000000   Number         0  usenofp.o ABSOLUTE
    ../mathlib/cos_i.c                       0x00000000   Number         0  cos_i.o ABSOLUTE
    ../mathlib/dunder.c                      0x00000000   Number         0  dunder.o ABSOLUTE
    ../mathlib/fpclassify.c                  0x00000000   Number         0  fpclassify.o ABSOLUTE
    ../mathlib/poly.c                        0x00000000   Number         0  poly.o ABSOLUTE
    ../mathlib/rred.c                        0x00000000   Number         0  rred.o ABSOLUTE
    ../mathlib/sin.c                         0x00000000   Number         0  sin.o ABSOLUTE
    ../mathlib/sin_i.c                       0x00000000   Number         0  sin_i.o ABSOLUTE
    ADC_DAC_fi1.c                            0x00000000   Number         0  adc_dac_fi1.o ABSOLUTE
    RTE/Device/STM32F103C8/startup_stm32f10x_md.s 0x00000000   Number         0  startup_stm32f10x_md.o ABSOLUTE
    dc.s                                     0x00000000   Number         0  dc.o ABSOLUTE
    system_stm32f10x.c                       0x00000000   Number         0  system_stm32f10x.o ABSOLUTE
    RESET                                    0x08000000   Section      236  startup_stm32f10x_md.o(RESET)
    !!!main                                  0x080000ec   Section        8  __main.o(!!!main)
    !!!scatter                               0x080000f4   Section       92  __scatter.o(!!!scatter)
    !!handler_copy                           0x08000150   Section       26  __scatter_copy.o(!!handler_copy)
    !!handler_null                           0x0800016c   Section        2  __scatter.o(!!handler_null)
    !!handler_zi                             0x08000170   Section       28  __scatter_zi.o(!!handler_zi)
    .ARM.Collect$$libinit$$00000000          0x0800018c   Section        2  libinit.o(.ARM.Collect$$libinit$$00000000)
    .ARM.Collect$$libinit$$00000002          0x0800018e   Section        0  libinit2.o(.ARM.Collect$$libinit$$00000002)
    .ARM.Collect$$libinit$$00000004          0x0800018e   Section        0  libinit2.o(.ARM.Collect$$libinit$$00000004)
    .ARM.Collect$$libinit$$00000006          0x0800018e   Section        0  libinit2.o(.ARM.Collect$$libinit$$00000006)
    .ARM.Collect$$libinit$$0000000C          0x0800018e   Section        0  libinit2.o(.ARM.Collect$$libinit$$0000000C)
    .ARM.Collect$$libinit$$0000000E          0x0800018e   Section        0  libinit2.o(.ARM.Collect$$libinit$$0000000E)
    .ARM.Collect$$libinit$$00000010          0x0800018e   Section        0  libinit2.o(.ARM.Collect$$libinit$$00000010)
    .ARM.Collect$$libinit$$00000013          0x0800018e   Section        0  libinit2.o(.ARM.Collect$$libinit$$00000013)
    .ARM.Collect$$libinit$$00000015          0x0800018e   Section        0  libinit2.o(.ARM.Collect$$libinit$$00000015)
    .ARM.Collect$$libinit$$00000017          0x0800018e   Section        0  libinit2.o(.ARM.Collect$$libinit$$00000017)
    .ARM.Collect$$libinit$$00000019          0x0800018e   Section        0  libinit2.o(.ARM.Collect$$libinit$$00000019)
    .ARM.Collect$$libinit$$0000001B          0x0800018e   Section        0  libinit2.o(.ARM.Collect$$libinit$$0000001B)
    .ARM.Collect$$libinit$$0000001D          0x0800018e   Section        0  libinit2.o(.ARM.Collect$$libinit$$0000001D)
    .ARM.Collect$$libinit$$0000001F          0x0800018e   Section        0  libinit2.o(.ARM.Collect$$libinit$$0000001F)
    .ARM.Collect$$libinit$$00000021          0x0800018e   Section        0  libinit2.o(.ARM.Collect$$libinit$$00000021)
    .ARM.Collect$$libinit$$00000023          0x0800018e   Section        0  libinit2.o(.ARM.Collect$$libinit$$00000023)
    .ARM.Collect$$libinit$$00000025          0x0800018e   Section        0  libinit2.o(.ARM.Collect$$libinit$$00000025)
    .ARM.Collect$$libinit$$00000027          0x0800018e   Section        0  libinit2.o(.ARM.Collect$$libinit$$00000027)
    .ARM.Collect$$libinit$$0000002E          0x0800018e   Section        0  libinit2.o(.ARM.Collect$$libinit$$0000002E)
    .ARM.Collect$$libinit$$00000030          0x0800018e   Section        0  libinit2.o(.ARM.Collect$$libinit$$00000030)
    .ARM.Collect$$libinit$$00000032          0x0800018e   Section        0  libinit2.o(.ARM.Collect$$libinit$$00000032)
    .ARM.Collect$$libinit$$00000034          0x0800018e   Section        0  libinit2.o(.ARM.Collect$$libinit$$00000034)
    .ARM.Collect$$libinit$$00000035          0x0800018e   Section        2  libinit2.o(.ARM.Collect$$libinit$$00000035)
    .ARM.Collect$$libshutdown$$00000000      0x08000190   Section        2  libshutdown.o(.ARM.Collect$$libshutdown$$00000000)
    .ARM.Collect$$libshutdown$$00000002      0x08000192   Section        0  libshutdown2.o(.ARM.Collect$$libshutdown$$00000002)
    .ARM.Collect$$libshutdown$$00000004      0x08000192   Section        0  libshutdown2.o(.ARM.Collect$$libshutdown$$00000004)
    .ARM.Collect$$libshutdown$$00000007      0x08000192   Section        0  libshutdown2.o(.ARM.Collect$$libshutdown$$00000007)
    .ARM.Collect$$libshutdown$$0000000A      0x08000192   Section        0  libshutdown2.o(.ARM.Collect$$libshutdown$$0000000A)
    .ARM.Collect$$libshutdown$$0000000C      0x08000192   Section        0  libshutdown2.o(.ARM.Collect$$libshutdown$$0000000C)
    .ARM.Collect$$libshutdown$$0000000F      0x08000192   Section        0  libshutdown2.o(.ARM.Collect$$libshutdown$$0000000F)
    .ARM.Collect$$libshutdown$$00000010      0x08000192   Section        2  libshutdown2.o(.ARM.Collect$$libshutdown$$00000010)
    .ARM.Collect$$rtentry$$00000000          0x08000194   Section        0  __rtentry.o(.ARM.Collect$$rtentry$$00000000)
    .ARM.Collect$$rtentry$$00000002          0x08000194   Section        0  __rtentry2.o(.ARM.Collect$$rtentry$$00000002)
    .ARM.Collect$$rtentry$$00000004          0x08000194   Section        6  __rtentry4.o(.ARM.Collect$$rtentry$$00000004)
    .ARM.Collect$$rtentry$$00000009          0x0800019a   Section        0  __rtentry2.o(.ARM.Collect$$rtentry$$00000009)
    .ARM.Collect$$rtentry$$0000000A          0x0800019a   Section        4  __rtentry2.o(.ARM.Collect$$rtentry$$0000000A)
    .ARM.Collect$$rtentry$$0000000C          0x0800019e   Section        0  __rtentry2.o(.ARM.Collect$$rtentry$$0000000C)
    .ARM.Collect$$rtentry$$0000000D          0x0800019e   Section        8  __rtentry2.o(.ARM.Collect$$rtentry$$0000000D)
    .ARM.Collect$$rtexit$$00000000           0x080001a6   Section        2  rtexit.o(.ARM.Collect$$rtexit$$00000000)
    .ARM.Collect$$rtexit$$00000002           0x080001a8   Section        0  rtexit2.o(.ARM.Collect$$rtexit$$00000002)
    .ARM.Collect$$rtexit$$00000003           0x080001a8   Section        4  rtexit2.o(.ARM.Collect$$rtexit$$00000003)
    .ARM.Collect$$rtexit$$00000004           0x080001ac   Section        6  rtexit2.o(.ARM.Collect$$rtexit$$00000004)
    .text                                    0x080001b4   Section       64  startup_stm32f10x_md.o(.text)
    .text                                    0x080001f4   Section        0  heapauxi.o(.text)
    .text                                    0x080001fa   Section        0  _rserrno.o(.text)
    .text                                    0x08000210   Section        8  rt_errno_addr_intlibspace.o(.text)
    .text                                    0x08000218   Section        8  libspace.o(.text)
    .text                                    0x08000220   Section       74  sys_stackheap_outer.o(.text)
    .text                                    0x0800026a   Section        0  exit.o(.text)
    .text                                    0x0800027c   Section        0  sys_exit.o(.text)
    .text                                    0x08000288   Section        2  use_no_semi.o(.text)
    .text                                    0x0800028a   Section        0  indicate_semi.o(.text)
    [Anonymous Symbol]                       0x0800028c   Section        0  adc_dac_fi1.o(.text.ADC1_2_IRQHandler)
    [Anonymous Symbol]                       0x080002c8   Section        0  adc_dac_fi1.o(.text.ADC_conf)
    [Anonymous Symbol]                       0x0800032c   Section        0  adc_dac_fi1.o(.text.ADC_start)
    [Anonymous Symbol]                       0x08000364   Section        0  adc_dac_fi1.o(.text.EXTI15_10_IRQHandler)
    [Anonymous Symbol]                       0x0800042c   Section        0  adc_dac_fi1.o(.text.EXTI_Config)
    [Anonymous Symbol]                       0x080004a4   Section        0  adc_dac_fi1.o(.text.PinConf)
    SetSysClock                              0x0800050d   Thumb Code     8  system_stm32f10x.o(.text.SetSysClock)
    [Anonymous Symbol]                       0x0800050c   Section        0  system_stm32f10x.o(.text.SetSysClock)
    SetSysClockTo72                          0x08000515   Thumb Code   290  system_stm32f10x.o(.text.SetSysClockTo72)
    [Anonymous Symbol]                       0x08000514   Section        0  system_stm32f10x.o(.text.SetSysClockTo72)
    [Anonymous Symbol]                       0x08000638   Section        0  adc_dac_fi1.o(.text.SineTable_Init)
    [Anonymous Symbol]                       0x080006bc   Section        0  adc_dac_fi1.o(.text.SquareTable_Init)
    [Anonymous Symbol]                       0x08000714   Section        0  adc_dac_fi1.o(.text.SysClkConf)
    [Anonymous Symbol]                       0x0800080c   Section        0  system_stm32f10x.o(.text.SystemInit)
    [Anonymous Symbol]                       0x08000874   Section        0  adc_dac_fi1.o(.text.TIM3_IRQHandler)
    [Anonymous Symbol]                       0x08000980   Section        0  adc_dac_fi1.o(.text.Timer3_DAC_Config)
    [Anonymous Symbol]                       0x080009f4   Section        0  adc_dac_fi1.o(.text.TriangleTable_Init)
    __NVIC_EnableIRQ                         0x08000a6d   Thumb Code    48  adc_dac_fi1.o(.text.__NVIC_EnableIRQ)
    [Anonymous Symbol]                       0x08000a6c   Section        0  adc_dac_fi1.o(.text.__NVIC_EnableIRQ)
    __NVIC_SetPriority                       0x08000a9d   Thumb Code    66  adc_dac_fi1.o(.text.__NVIC_SetPriority)
    [Anonymous Symbol]                       0x08000a9c   Section        0  adc_dac_fi1.o(.text.__NVIC_SetPriority)
    [Anonymous Symbol]                       0x08000ae0   Section        0  adc_dac_fi1.o(.text.delay_ms)
    [Anonymous Symbol]                       0x08000b18   Section        0  adc_dac_fi1.o(.text.main)
    [Anonymous Symbol]                       0x08000bf4   Section        0  adc_dac_fi1.o(.text.reset_pusle_index)
    i.__ARM_fpclassify                       0x08000c16   Section        0  fpclassify.o(i.__ARM_fpclassify)
    i.__ieee754_rem_pio2                     0x08000c40   Section        0  rred.o(i.__ieee754_rem_pio2)
    i.__kernel_cos                           0x08000fc8   Section        0  cos_i.o(i.__kernel_cos)
    i.__kernel_poly                          0x080010c4   Section        0  poly.o(i.__kernel_poly)
    i.__kernel_sin                           0x08001170   Section        0  sin_i.o(i.__kernel_sin)
    i.__mathlib_dbl_infnan                   0x0800125c   Section        0  dunder.o(i.__mathlib_dbl_infnan)
    i.__mathlib_dbl_invalid                  0x08001262   Section        0  dunder.o(i.__mathlib_dbl_invalid)
    i.__mathlib_dbl_underflow                0x08001270   Section        0  dunder.o(i.__mathlib_dbl_underflow)
    i.sin                                    0x08001280   Section        0  sin.o(i.sin)
    x$fpl$dadd                               0x08001320   Section      336  daddsub_clz.o(x$fpl$dadd)
    _dadd1                                   0x08001331   Thumb Code     0  daddsub_clz.o(x$fpl$dadd)
    x$fpl$dcheck1                            0x08001470   Section       16  dcheck1.o(x$fpl$dcheck1)
    x$fpl$ddiv                               0x08001480   Section      692  ddiv.o(x$fpl$ddiv)
    ddiv_entry                               0x08001487   Thumb Code     0  ddiv.o(x$fpl$ddiv)
    x$fpl$dfix                               0x08001734   Section       94  dfix.o(x$fpl$dfix)
    x$fpl$dfixu                              0x08001794   Section       90  dfixu.o(x$fpl$dfixu)
    x$fpl$dflt                               0x080017ee   Section       46  dflt_clz.o(x$fpl$dflt)
    x$fpl$dfltu                              0x0800181c   Section       38  dflt_clz.o(x$fpl$dfltu)
    x$fpl$dmul                               0x08001844   Section      340  dmul.o(x$fpl$dmul)
    x$fpl$dnaninf                            0x08001998   Section      156  dnaninf.o(x$fpl$dnaninf)
    x$fpl$dretinf                            0x08001a34   Section       12  dretinf.o(x$fpl$dretinf)
    x$fpl$drsb                               0x08001a40   Section       22  daddsub_clz.o(x$fpl$drsb)
    x$fpl$dsub                               0x08001a58   Section      476  daddsub_clz.o(x$fpl$dsub)
    _dsub1                                   0x08001a69   Thumb Code     0  daddsub_clz.o(x$fpl$dsub)
    x$fpl$retnan                             0x08001c34   Section      100  retnan.o(x$fpl$retnan)
    x$fpl$scalbn                             0x08001c98   Section       92  scalbn.o(x$fpl$scalbn)
    x$fpl$trapveneer                         0x08001cf4   Section       48  trapv.o(x$fpl$trapveneer)
    x$fpl$usenofp                            0x08001d24   Section        0  usenofp.o(x$fpl$usenofp)
    C                                        0x08001d28   Data          48  cos_i.o(.constdata)
    .constdata                               0x08001d28   Section       48  cos_i.o(.constdata)
    pio2s                                    0x08001d58   Data          48  rred.o(.constdata)
    .constdata                               0x08001d58   Section      204  rred.o(.constdata)
    twooverpi                                0x08001d88   Data         156  rred.o(.constdata)
    S                                        0x08001e28   Data          40  sin_i.o(.constdata)
    .constdata                               0x08001e28   Section       40  sin_i.o(.constdata)
    freq_table                               0x20000000   Data          12  adc_dac_fi1.o(.data.freq_table)
    [Anonymous Symbol]                       0x20000000   Section        0  adc_dac_fi1.o(.data.freq_table)
    .bss                                     0x20000010   Section       96  libspace.o(.bss)
    CFGR_value                               0x20000070   Data           4  adc_dac_fi1.o(.bss.CFGR_value)
    [Anonymous Symbol]                       0x20000070   Section        0  adc_dac_fi1.o(.bss.CFGR_value)
    CR_value                                 0x20000074   Data           4  adc_dac_fi1.o(.bss.CR_value)
    [Anonymous Symbol]                       0x20000074   Section        0  adc_dac_fi1.o(.bss.CR_value)
    DR_value                                 0x20000078   Data           4  adc_dac_fi1.o(.bss.DR_value)
    [Anonymous Symbol]                       0x20000078   Section        0  adc_dac_fi1.o(.bss.DR_value)
    ODR_value                                0x2000007c   Data           4  adc_dac_fi1.o(.bss.ODR_value)
    [Anonymous Symbol]                       0x2000007c   Section        0  adc_dac_fi1.o(.bss.ODR_value)
    choice                                   0x20000080   Data           4  adc_dac_fi1.o(.bss.choice)
    [Anonymous Symbol]                       0x20000080   Section        0  adc_dac_fi1.o(.bss.choice)
    freq_choice                              0x20000084   Data           4  adc_dac_fi1.o(.bss.freq_choice)
    [Anonymous Symbol]                       0x20000084   Section        0  adc_dac_fi1.o(.bss.freq_choice)
    freq_choice_changed                      0x20000088   Data           4  adc_dac_fi1.o(.bss.freq_choice_changed)
    [Anonymous Symbol]                       0x20000088   Section        0  adc_dac_fi1.o(.bss.freq_choice_changed)
    sine_index                               0x2000008c   Data           2  adc_dac_fi1.o(.bss.sine_index)
    [Anonymous Symbol]                       0x2000008c   Section        0  adc_dac_fi1.o(.bss.sine_index)
    sine_table                               0x2000008e   Data         512  adc_dac_fi1.o(.bss.sine_table)
    [Anonymous Symbol]                       0x2000008e   Section        0  adc_dac_fi1.o(.bss.sine_table)
    square_index                             0x2000028e   Data           2  adc_dac_fi1.o(.bss.square_index)
    [Anonymous Symbol]                       0x2000028e   Section        0  adc_dac_fi1.o(.bss.square_index)
    square_table                             0x20000290   Data         512  adc_dac_fi1.o(.bss.square_table)
    [Anonymous Symbol]                       0x20000290   Section        0  adc_dac_fi1.o(.bss.square_table)
    triangle_index                           0x20000490   Data           2  adc_dac_fi1.o(.bss.triangle_index)
    [Anonymous Symbol]                       0x20000490   Section        0  adc_dac_fi1.o(.bss.triangle_index)
    triangle_table                           0x20000492   Data         512  adc_dac_fi1.o(.bss.triangle_table)
    [Anonymous Symbol]                       0x20000492   Section        0  adc_dac_fi1.o(.bss.triangle_table)
    vol                                      0x20000694   Data           4  adc_dac_fi1.o(.bss.vol)
    [Anonymous Symbol]                       0x20000694   Section        0  adc_dac_fi1.o(.bss.vol)
    Heap_Mem                                 0x20000698   Data         512  startup_stm32f10x_md.o(HEAP)
    HEAP                                     0x20000698   Section      512  startup_stm32f10x_md.o(HEAP)
    Stack_Mem                                0x20000898   Data        1024  startup_stm32f10x_md.o(STACK)
    STACK                                    0x20000898   Section     1024  startup_stm32f10x_md.o(STACK)
    __initial_sp                             0x20000c98   Data           0  startup_stm32f10x_md.o(STACK)

    Global Symbols

    Symbol Name                              Value     Ov Type        Size  Object(Section)

    BuildAttributes$$THM_ISAv4$P$D$K$B$S$PE$A:L22UL41UL21$X:L11$S22US41US21$IEEE1$IW$~IW$USESV6$~STKCKD$USESV7$~SHL$OTIME$ROPI$IEEEX$EBA8$UX$STANDARDLIB$REQ8$PRES8$EABIv2 0x00000000   Number         0  anon$$obj.o ABSOLUTE
    __fp_init_empty                          0x00000000   Number         0  fpinit_empty.o ABSOLUTE
    __ARM_exceptions_init                     - Undefined Weak Reference
    __alloca_initialize                       - Undefined Weak Reference
    __arm_preinit_                            - Undefined Weak Reference
    __arm_relocate_pie_                       - Undefined Weak Reference
    __cpp_initialize__aeabi_                  - Undefined Weak Reference
    __cxa_finalize                            - Undefined Weak Reference
    __rt_locale                               - Undefined Weak Reference
    __sigvec_lookup                           - Undefined Weak Reference
    _atexit_init                              - Undefined Weak Reference
    _call_atexit_fns                          - Undefined Weak Reference
    _clock_init                               - Undefined Weak Reference
    _fp_trap_init                             - Undefined Weak Reference
    _fp_trap_shutdown                         - Undefined Weak Reference
    _get_lc_collate                           - Undefined Weak Reference
    _get_lc_ctype                             - Undefined Weak Reference
    _get_lc_monetary                          - Undefined Weak Reference
    _get_lc_numeric                           - Undefined Weak Reference
    _get_lc_time                              - Undefined Weak Reference
    _getenv_init                              - Undefined Weak Reference
    _handle_redirection                       - Undefined Weak Reference
    _init_alloc                               - Undefined Weak Reference
    _init_user_alloc                          - Undefined Weak Reference
    _initio                                   - Undefined Weak Reference
    _rand_init                                - Undefined Weak Reference
    _signal_finish                            - Undefined Weak Reference
    _signal_init                              - Undefined Weak Reference
    _terminate_alloc                          - Undefined Weak Reference
    _terminate_user_alloc                     - Undefined Weak Reference
    _terminateio                              - Undefined Weak Reference
    __Vectors_Size                           0x000000ec   Number         0  startup_stm32f10x_md.o ABSOLUTE
    __Vectors                                0x08000000   Data           4  startup_stm32f10x_md.o(RESET)
    __Vectors_End                            0x080000ec   Data           0  startup_stm32f10x_md.o(RESET)
    __main                                   0x080000ed   Thumb Code     8  __main.o(!!!main)
    __scatterload                            0x080000f5   Thumb Code     0  __scatter.o(!!!scatter)
    __scatterload_rt2                        0x080000f5   Thumb Code    84  __scatter.o(!!!scatter)
    __scatterload_rt2_thumb_only             0x080000f5   Thumb Code     0  __scatter.o(!!!scatter)
    __scatterload_loop                       0x080000ff   Thumb Code     0  __scatter.o(!!!scatter)
    __scatterload_copy                       0x08000151   Thumb Code    26  __scatter_copy.o(!!handler_copy)
    __scatterload_null                       0x0800016d   Thumb Code     2  __scatter.o(!!handler_null)
    __scatterload_zeroinit                   0x08000171   Thumb Code    28  __scatter_zi.o(!!handler_zi)
    __rt_lib_init                            0x0800018d   Thumb Code     0  libinit.o(.ARM.Collect$$libinit$$00000000)
    __rt_lib_init_alloca_1                   0x0800018f   Thumb Code     0  libinit2.o(.ARM.Collect$$libinit$$00000030)
    __rt_lib_init_argv_1                     0x0800018f   Thumb Code     0  libinit2.o(.ARM.Collect$$libinit$$0000002E)
    __rt_lib_init_atexit_1                   0x0800018f   Thumb Code     0  libinit2.o(.ARM.Collect$$libinit$$0000001D)
    __rt_lib_init_clock_1                    0x0800018f   Thumb Code     0  libinit2.o(.ARM.Collect$$libinit$$00000023)
    __rt_lib_init_cpp_1                      0x0800018f   Thumb Code     0  libinit2.o(.ARM.Collect$$libinit$$00000034)
    __rt_lib_init_exceptions_1               0x0800018f   Thumb Code     0  libinit2.o(.ARM.Collect$$libinit$$00000032)
    __rt_lib_init_fp_1                       0x0800018f   Thumb Code     0  libinit2.o(.ARM.Collect$$libinit$$00000002)
    __rt_lib_init_fp_trap_1                  0x0800018f   Thumb Code     0  libinit2.o(.ARM.Collect$$libinit$$00000021)
    __rt_lib_init_getenv_1                   0x0800018f   Thumb Code     0  libinit2.o(.ARM.Collect$$libinit$$00000025)
    __rt_lib_init_heap_1                     0x0800018f   Thumb Code     0  libinit2.o(.ARM.Collect$$libinit$$0000000C)
    __rt_lib_init_lc_collate_1               0x0800018f   Thumb Code     0  libinit2.o(.ARM.Collect$$libinit$$00000013)
    __rt_lib_init_lc_ctype_1                 0x0800018f   Thumb Code     0  libinit2.o(.ARM.Collect$$libinit$$00000015)
    __rt_lib_init_lc_monetary_1              0x0800018f   Thumb Code     0  libinit2.o(.ARM.Collect$$libinit$$00000017)
    __rt_lib_init_lc_numeric_1               0x0800018f   Thumb Code     0  libinit2.o(.ARM.Collect$$libinit$$00000019)
    __rt_lib_init_lc_time_1                  0x0800018f   Thumb Code     0  libinit2.o(.ARM.Collect$$libinit$$0000001B)
    __rt_lib_init_preinit_1                  0x0800018f   Thumb Code     0  libinit2.o(.ARM.Collect$$libinit$$00000006)
    __rt_lib_init_rand_1                     0x0800018f   Thumb Code     0  libinit2.o(.ARM.Collect$$libinit$$00000010)
    __rt_lib_init_relocate_pie_1             0x0800018f   Thumb Code     0  libinit2.o(.ARM.Collect$$libinit$$00000004)
    __rt_lib_init_return                     0x0800018f   Thumb Code     0  libinit2.o(.ARM.Collect$$libinit$$00000035)
    __rt_lib_init_signal_1                   0x0800018f   Thumb Code     0  libinit2.o(.ARM.Collect$$libinit$$0000001F)
    __rt_lib_init_stdio_1                    0x0800018f   Thumb Code     0  libinit2.o(.ARM.Collect$$libinit$$00000027)
    __rt_lib_init_user_alloc_1               0x0800018f   Thumb Code     0  libinit2.o(.ARM.Collect$$libinit$$0000000E)
    __rt_lib_shutdown                        0x08000191   Thumb Code     0  libshutdown.o(.ARM.Collect$$libshutdown$$00000000)
    __rt_lib_shutdown_cpp_1                  0x08000193   Thumb Code     0  libshutdown2.o(.ARM.Collect$$libshutdown$$00000002)
    __rt_lib_shutdown_fp_trap_1              0x08000193   Thumb Code     0  libshutdown2.o(.ARM.Collect$$libshutdown$$00000007)
    __rt_lib_shutdown_heap_1                 0x08000193   Thumb Code     0  libshutdown2.o(.ARM.Collect$$libshutdown$$0000000F)
    __rt_lib_shutdown_return                 0x08000193   Thumb Code     0  libshutdown2.o(.ARM.Collect$$libshutdown$$00000010)
    __rt_lib_shutdown_signal_1               0x08000193   Thumb Code     0  libshutdown2.o(.ARM.Collect$$libshutdown$$0000000A)
    __rt_lib_shutdown_stdio_1                0x08000193   Thumb Code     0  libshutdown2.o(.ARM.Collect$$libshutdown$$00000004)
    __rt_lib_shutdown_user_alloc_1           0x08000193   Thumb Code     0  libshutdown2.o(.ARM.Collect$$libshutdown$$0000000C)
    __rt_entry                               0x08000195   Thumb Code     0  __rtentry.o(.ARM.Collect$$rtentry$$00000000)
    __rt_entry_presh_1                       0x08000195   Thumb Code     0  __rtentry2.o(.ARM.Collect$$rtentry$$00000002)
    __rt_entry_sh                            0x08000195   Thumb Code     0  __rtentry4.o(.ARM.Collect$$rtentry$$00000004)
    __rt_entry_li                            0x0800019b   Thumb Code     0  __rtentry2.o(.ARM.Collect$$rtentry$$0000000A)
    __rt_entry_postsh_1                      0x0800019b   Thumb Code     0  __rtentry2.o(.ARM.Collect$$rtentry$$00000009)
    __rt_entry_main                          0x0800019f   Thumb Code     0  __rtentry2.o(.ARM.Collect$$rtentry$$0000000D)
    __rt_entry_postli_1                      0x0800019f   Thumb Code     0  __rtentry2.o(.ARM.Collect$$rtentry$$0000000C)
    __rt_exit                                0x080001a7   Thumb Code     0  rtexit.o(.ARM.Collect$$rtexit$$00000000)
    __rt_exit_ls                             0x080001a9   Thumb Code     0  rtexit2.o(.ARM.Collect$$rtexit$$00000003)
    __rt_exit_prels_1                        0x080001a9   Thumb Code     0  rtexit2.o(.ARM.Collect$$rtexit$$00000002)
    __rt_exit_exit                           0x080001ad   Thumb Code     0  rtexit2.o(.ARM.Collect$$rtexit$$00000004)
    Reset_Handler                            0x080001b5   Thumb Code     8  startup_stm32f10x_md.o(.text)
    NMI_Handler                              0x080001bd   Thumb Code     2  startup_stm32f10x_md.o(.text)
    HardFault_Handler                        0x080001bf   Thumb Code     2  startup_stm32f10x_md.o(.text)
    MemManage_Handler                        0x080001c1   Thumb Code     2  startup_stm32f10x_md.o(.text)
    BusFault_Handler                         0x080001c3   Thumb Code     2  startup_stm32f10x_md.o(.text)
    UsageFault_Handler                       0x080001c5   Thumb Code     2  startup_stm32f10x_md.o(.text)
    SVC_Handler                              0x080001c7   Thumb Code     2  startup_stm32f10x_md.o(.text)
    DebugMon_Handler                         0x080001c9   Thumb Code     2  startup_stm32f10x_md.o(.text)
    PendSV_Handler                           0x080001cb   Thumb Code     2  startup_stm32f10x_md.o(.text)
    SysTick_Handler                          0x080001cd   Thumb Code     2  startup_stm32f10x_md.o(.text)
    CAN1_RX1_IRQHandler                      0x080001cf   Thumb Code     0  startup_stm32f10x_md.o(.text)
    CAN1_SCE_IRQHandler                      0x080001cf   Thumb Code     0  startup_stm32f10x_md.o(.text)
    DMA1_Channel1_IRQHandler                 0x080001cf   Thumb Code     0  startup_stm32f10x_md.o(.text)
    DMA1_Channel2_IRQHandler                 0x080001cf   Thumb Code     0  startup_stm32f10x_md.o(.text)
    DMA1_Channel3_IRQHandler                 0x080001cf   Thumb Code     0  startup_stm32f10x_md.o(.text)
    DMA1_Channel4_IRQHandler                 0x080001cf   Thumb Code     0  startup_stm32f10x_md.o(.text)
    DMA1_Channel5_IRQHandler                 0x080001cf   Thumb Code     0  startup_stm32f10x_md.o(.text)
    DMA1_Channel6_IRQHandler                 0x080001cf   Thumb Code     0  startup_stm32f10x_md.o(.text)
    DMA1_Channel7_IRQHandler                 0x080001cf   Thumb Code     0  startup_stm32f10x_md.o(.text)
    EXTI0_IRQHandler                         0x080001cf   Thumb Code     0  startup_stm32f10x_md.o(.text)
    EXTI1_IRQHandler                         0x080001cf   Thumb Code     0  startup_stm32f10x_md.o(.text)
    EXTI2_IRQHandler                         0x080001cf   Thumb Code     0  startup_stm32f10x_md.o(.text)
    EXTI3_IRQHandler                         0x080001cf   Thumb Code     0  startup_stm32f10x_md.o(.text)
    EXTI4_IRQHandler                         0x080001cf   Thumb Code     0  startup_stm32f10x_md.o(.text)
    EXTI9_5_IRQHandler                       0x080001cf   Thumb Code     0  startup_stm32f10x_md.o(.text)
    FLASH_IRQHandler                         0x080001cf   Thumb Code     0  startup_stm32f10x_md.o(.text)
    I2C1_ER_IRQHandler                       0x080001cf   Thumb Code     0  startup_stm32f10x_md.o(.text)
    I2C1_EV_IRQHandler                       0x080001cf   Thumb Code     0  startup_stm32f10x_md.o(.text)
    I2C2_ER_IRQHandler                       0x080001cf   Thumb Code     0  startup_stm32f10x_md.o(.text)
    I2C2_EV_IRQHandler                       0x080001cf   Thumb Code     0  startup_stm32f10x_md.o(.text)
    PVD_IRQHandler                           0x080001cf   Thumb Code     0  startup_stm32f10x_md.o(.text)
    RCC_IRQHandler                           0x080001cf   Thumb Code     0  startup_stm32f10x_md.o(.text)
    RTCAlarm_IRQHandler                      0x080001cf   Thumb Code     0  startup_stm32f10x_md.o(.text)
    RTC_IRQHandler                           0x080001cf   Thumb Code     0  startup_stm32f10x_md.o(.text)
    SPI1_IRQHandler                          0x080001cf   Thumb Code     0  startup_stm32f10x_md.o(.text)
    SPI2_IRQHandler                          0x080001cf   Thumb Code     0  startup_stm32f10x_md.o(.text)
    TAMPER_IRQHandler                        0x080001cf   Thumb Code     0  startup_stm32f10x_md.o(.text)
    TIM1_BRK_IRQHandler                      0x080001cf   Thumb Code     0  startup_stm32f10x_md.o(.text)
    TIM1_CC_IRQHandler                       0x080001cf   Thumb Code     0  startup_stm32f10x_md.o(.text)
    TIM1_TRG_COM_IRQHandler                  0x080001cf   Thumb Code     0  startup_stm32f10x_md.o(.text)
    TIM1_UP_IRQHandler                       0x080001cf   Thumb Code     0  startup_stm32f10x_md.o(.text)
    TIM2_IRQHandler                          0x080001cf   Thumb Code     0  startup_stm32f10x_md.o(.text)
    TIM4_IRQHandler                          0x080001cf   Thumb Code     0  startup_stm32f10x_md.o(.text)
    USART1_IRQHandler                        0x080001cf   Thumb Code     0  startup_stm32f10x_md.o(.text)
    USART2_IRQHandler                        0x080001cf   Thumb Code     0  startup_stm32f10x_md.o(.text)
    USART3_IRQHandler                        0x080001cf   Thumb Code     0  startup_stm32f10x_md.o(.text)
    USBWakeUp_IRQHandler                     0x080001cf   Thumb Code     0  startup_stm32f10x_md.o(.text)
    USB_HP_CAN1_TX_IRQHandler                0x080001cf   Thumb Code     0  startup_stm32f10x_md.o(.text)
    USB_LP_CAN1_RX0_IRQHandler               0x080001cf   Thumb Code     0  startup_stm32f10x_md.o(.text)
    WWDG_IRQHandler                          0x080001cf   Thumb Code     0  startup_stm32f10x_md.o(.text)
    __user_initial_stackheap                 0x080001d1   Thumb Code     0  startup_stm32f10x_md.o(.text)
    __use_two_region_memory                  0x080001f5   Thumb Code     2  heapauxi.o(.text)
    __rt_heap_escrow$2region                 0x080001f7   Thumb Code     2  heapauxi.o(.text)
    __rt_heap_expand$2region                 0x080001f9   Thumb Code     2  heapauxi.o(.text)
    __read_errno                             0x080001fb   Thumb Code    10  _rserrno.o(.text)
    __set_errno                              0x08000205   Thumb Code    12  _rserrno.o(.text)
    __aeabi_errno_addr                       0x08000211   Thumb Code     8  rt_errno_addr_intlibspace.o(.text)
    __errno$intlibspace                      0x08000211   Thumb Code     0  rt_errno_addr_intlibspace.o(.text)
    __rt_errno_addr$intlibspace              0x08000211   Thumb Code     0  rt_errno_addr_intlibspace.o(.text)
    __user_libspace                          0x08000219   Thumb Code     8  libspace.o(.text)
    __user_perproc_libspace                  0x08000219   Thumb Code     0  libspace.o(.text)
    __user_perthread_libspace                0x08000219   Thumb Code     0  libspace.o(.text)
    __user_setup_stackheap                   0x08000221   Thumb Code    74  sys_stackheap_outer.o(.text)
    exit                                     0x0800026b   Thumb Code    18  exit.o(.text)
    _sys_exit                                0x0800027d   Thumb Code     8  sys_exit.o(.text)
    __I$use$semihosting                      0x08000289   Thumb Code     0  use_no_semi.o(.text)
    __use_no_semihosting_swi                 0x08000289   Thumb Code     2  use_no_semi.o(.text)
    __semihosting_library_function           0x0800028b   Thumb Code     0  indicate_semi.o(.text)
    ADC1_2_IRQHandler                        0x0800028d   Thumb Code    58  adc_dac_fi1.o(.text.ADC1_2_IRQHandler)
    ADC_conf                                 0x080002c9   Thumb Code    98  adc_dac_fi1.o(.text.ADC_conf)
    ADC_start                                0x0800032d   Thumb Code    56  adc_dac_fi1.o(.text.ADC_start)
    EXTI15_10_IRQHandler                     0x08000365   Thumb Code   200  adc_dac_fi1.o(.text.EXTI15_10_IRQHandler)
    EXTI_Config                              0x0800042d   Thumb Code   118  adc_dac_fi1.o(.text.EXTI_Config)
    PinConf                                  0x080004a5   Thumb Code   102  adc_dac_fi1.o(.text.PinConf)
    SineTable_Init                           0x08000639   Thumb Code   130  adc_dac_fi1.o(.text.SineTable_Init)
    SquareTable_Init                         0x080006bd   Thumb Code    88  adc_dac_fi1.o(.text.SquareTable_Init)
    SysClkConf                               0x08000715   Thumb Code   248  adc_dac_fi1.o(.text.SysClkConf)
    SystemInit                               0x0800080d   Thumb Code   102  system_stm32f10x.o(.text.SystemInit)
    TIM3_IRQHandler                          0x08000875   Thumb Code   266  adc_dac_fi1.o(.text.TIM3_IRQHandler)
    Timer3_DAC_Config                        0x08000981   Thumb Code   116  adc_dac_fi1.o(.text.Timer3_DAC_Config)
    TriangleTable_Init                       0x080009f5   Thumb Code   118  adc_dac_fi1.o(.text.TriangleTable_Init)
    delay_ms                                 0x08000ae1   Thumb Code    54  adc_dac_fi1.o(.text.delay_ms)
    main                                     0x08000b19   Thumb Code   218  adc_dac_fi1.o(.text.main)
    reset_pusle_index                        0x08000bf5   Thumb Code    34  adc_dac_fi1.o(.text.reset_pusle_index)
    __ARM_fpclassify                         0x08000c17   Thumb Code    40  fpclassify.o(i.__ARM_fpclassify)
    __ieee754_rem_pio2                       0x08000c41   Thumb Code   828  rred.o(i.__ieee754_rem_pio2)
    __kernel_cos                             0x08000fc9   Thumb Code   230  cos_i.o(i.__kernel_cos)
    __kernel_poly                            0x080010c5   Thumb Code   170  poly.o(i.__kernel_poly)
    __kernel_sin                             0x08001171   Thumb Code   224  sin_i.o(i.__kernel_sin)
    __mathlib_dbl_infnan                     0x0800125d   Thumb Code     6  dunder.o(i.__mathlib_dbl_infnan)
    __mathlib_dbl_invalid                    0x08001263   Thumb Code    12  dunder.o(i.__mathlib_dbl_invalid)
    __mathlib_dbl_underflow                  0x08001271   Thumb Code    10  dunder.o(i.__mathlib_dbl_underflow)
    sin                                      0x08001281   Thumb Code   150  sin.o(i.sin)
    __aeabi_dadd                             0x08001321   Thumb Code     0  daddsub_clz.o(x$fpl$dadd)
    _dadd                                    0x08001321   Thumb Code   332  daddsub_clz.o(x$fpl$dadd)
    __fpl_dcheck_NaN1                        0x08001471   Thumb Code    10  dcheck1.o(x$fpl$dcheck1)
    __aeabi_ddiv                             0x08001481   Thumb Code     0  ddiv.o(x$fpl$ddiv)
    _ddiv                                    0x08001481   Thumb Code   556  ddiv.o(x$fpl$ddiv)
    __aeabi_d2iz                             0x08001735   Thumb Code     0  dfix.o(x$fpl$dfix)
    _dfix                                    0x08001735   Thumb Code    94  dfix.o(x$fpl$dfix)
    __aeabi_d2uiz                            0x08001795   Thumb Code     0  dfixu.o(x$fpl$dfixu)
    _dfixu                                   0x08001795   Thumb Code    90  dfixu.o(x$fpl$dfixu)
    __aeabi_i2d                              0x080017ef   Thumb Code     0  dflt_clz.o(x$fpl$dflt)
    _dflt                                    0x080017ef   Thumb Code    46  dflt_clz.o(x$fpl$dflt)
    __aeabi_ui2d                             0x0800181d   Thumb Code     0  dflt_clz.o(x$fpl$dfltu)
    _dfltu                                   0x0800181d   Thumb Code    38  dflt_clz.o(x$fpl$dfltu)
    __aeabi_dmul                             0x08001845   Thumb Code     0  dmul.o(x$fpl$dmul)
    _dmul                                    0x08001845   Thumb Code   332  dmul.o(x$fpl$dmul)
    __fpl_dnaninf                            0x08001999   Thumb Code   156  dnaninf.o(x$fpl$dnaninf)
    __fpl_dretinf                            0x08001a35   Thumb Code    12  dretinf.o(x$fpl$dretinf)
    __aeabi_drsub                            0x08001a41   Thumb Code     0  daddsub_clz.o(x$fpl$drsb)
    _drsb                                    0x08001a41   Thumb Code    22  daddsub_clz.o(x$fpl$drsb)
    __aeabi_dsub                             0x08001a59   Thumb Code     0  daddsub_clz.o(x$fpl$dsub)
    _dsub                                    0x08001a59   Thumb Code   472  daddsub_clz.o(x$fpl$dsub)
    __fpl_return_NaN                         0x08001c35   Thumb Code   100  retnan.o(x$fpl$retnan)
    __ARM_scalbn                             0x08001c99   Thumb Code    92  scalbn.o(x$fpl$scalbn)
    __fpl_cmpreturn                          0x08001cf5   Thumb Code    48  trapv.o(x$fpl$trapveneer)
    __I$use$fp                               0x08001d24   Number         0  usenofp.o(x$fpl$usenofp)
    Region$$Table$$Base                      0x08001e50   Number         0  anon$$obj.o(Region$$Table)
    Region$$Table$$Limit                     0x08001e70   Number         0  anon$$obj.o(Region$$Table)
    __libspace_start                         0x20000010   Data          96  libspace.o(.bss)
    __temporary_stack_top$libspace           0x20000070   Data           0  libspace.o(.bss)



==============================================================================

Memory Map of the image

  Image Entry point : 0x080001b5

  Load Region LR_1 (Base: 0x08000000, Size: 0x00001e7c, Max: 0xffffffff, ABSOLUTE)

    Execution Region ER_RO (Exec base: 0x08000000, Load base: 0x08000000, Size: 0x00001e70, Max: 0xffffffff, ABSOLUTE)

    Exec Addr    Load Addr    Size         Type   Attr      Idx    E Section Name        Object

    0x08000000   0x08000000   0x000000ec   Data   RO           60    RESET               startup_stm32f10x_md.o
    0x080000ec   0x080000ec   0x00000008   Code   RO           88  * !!!main             c_w.l(__main.o)
    0x080000f4   0x080000f4   0x0000005c   Code   RO          332    !!!scatter          c_w.l(__scatter.o)
    0x08000150   0x08000150   0x0000001a   Code   RO          336    !!handler_copy      c_w.l(__scatter_copy.o)
    0x0800016a   0x0800016a   0x00000002   PAD
    0x0800016c   0x0800016c   0x00000002   Code   RO          333    !!handler_null      c_w.l(__scatter.o)
    0x0800016e   0x0800016e   0x00000002   PAD
    0x08000170   0x08000170   0x0000001c   Code   RO          338    !!handler_zi        c_w.l(__scatter_zi.o)
    0x0800018c   0x0800018c   0x00000002   Code   RO          191    .ARM.Collect$$libinit$$00000000  c_w.l(libinit.o)
    0x0800018e   0x0800018e   0x00000000   Code   RO          197    .ARM.Collect$$libinit$$00000002  c_w.l(libinit2.o)
    0x0800018e   0x0800018e   0x00000000   Code   RO          199    .ARM.Collect$$libinit$$00000004  c_w.l(libinit2.o)
    0x0800018e   0x0800018e   0x00000000   Code   RO          201    .ARM.Collect$$libinit$$00000006  c_w.l(libinit2.o)
    0x0800018e   0x0800018e   0x00000000   Code   RO          204    .ARM.Collect$$libinit$$0000000C  c_w.l(libinit2.o)
    0x0800018e   0x0800018e   0x00000000   Code   RO          206    .ARM.Collect$$libinit$$0000000E  c_w.l(libinit2.o)
    0x0800018e   0x0800018e   0x00000000   Code   RO          208    .ARM.Collect$$libinit$$00000010  c_w.l(libinit2.o)
    0x0800018e   0x0800018e   0x00000000   Code   RO          211    .ARM.Collect$$libinit$$00000013  c_w.l(libinit2.o)
    0x0800018e   0x0800018e   0x00000000   Code   RO          213    .ARM.Collect$$libinit$$00000015  c_w.l(libinit2.o)
    0x0800018e   0x0800018e   0x00000000   Code   RO          215    .ARM.Collect$$libinit$$00000017  c_w.l(libinit2.o)
    0x0800018e   0x0800018e   0x00000000   Code   RO          217    .ARM.Collect$$libinit$$00000019  c_w.l(libinit2.o)
    0x0800018e   0x0800018e   0x00000000   Code   RO          219    .ARM.Collect$$libinit$$0000001B  c_w.l(libinit2.o)
    0x0800018e   0x0800018e   0x00000000   Code   RO          221    .ARM.Collect$$libinit$$0000001D  c_w.l(libinit2.o)
    0x0800018e   0x0800018e   0x00000000   Code   RO          223    .ARM.Collect$$libinit$$0000001F  c_w.l(libinit2.o)
    0x0800018e   0x0800018e   0x00000000   Code   RO          225    .ARM.Collect$$libinit$$00000021  c_w.l(libinit2.o)
    0x0800018e   0x0800018e   0x00000000   Code   RO          227    .ARM.Collect$$libinit$$00000023  c_w.l(libinit2.o)
    0x0800018e   0x0800018e   0x00000000   Code   RO          229    .ARM.Collect$$libinit$$00000025  c_w.l(libinit2.o)
    0x0800018e   0x0800018e   0x00000000   Code   RO          231    .ARM.Collect$$libinit$$00000027  c_w.l(libinit2.o)
    0x0800018e   0x0800018e   0x00000000   Code   RO          235    .ARM.Collect$$libinit$$0000002E  c_w.l(libinit2.o)
    0x0800018e   0x0800018e   0x00000000   Code   RO          237    .ARM.Collect$$libinit$$00000030  c_w.l(libinit2.o)
    0x0800018e   0x0800018e   0x00000000   Code   RO          239    .ARM.Collect$$libinit$$00000032  c_w.l(libinit2.o)
    0x0800018e   0x0800018e   0x00000000   Code   RO          241    .ARM.Collect$$libinit$$00000034  c_w.l(libinit2.o)
    0x0800018e   0x0800018e   0x00000002   Code   RO          242    .ARM.Collect$$libinit$$00000035  c_w.l(libinit2.o)
    0x08000190   0x08000190   0x00000002   Code   RO          268    .ARM.Collect$$libshutdown$$00000000  c_w.l(libshutdown.o)
    0x08000192   0x08000192   0x00000000   Code   RO          283    .ARM.Collect$$libshutdown$$00000002  c_w.l(libshutdown2.o)
    0x08000192   0x08000192   0x00000000   Code   RO          285    .ARM.Collect$$libshutdown$$00000004  c_w.l(libshutdown2.o)
    0x08000192   0x08000192   0x00000000   Code   RO          288    .ARM.Collect$$libshutdown$$00000007  c_w.l(libshutdown2.o)
    0x08000192   0x08000192   0x00000000   Code   RO          291    .ARM.Collect$$libshutdown$$0000000A  c_w.l(libshutdown2.o)
    0x08000192   0x08000192   0x00000000   Code   RO          293    .ARM.Collect$$libshutdown$$0000000C  c_w.l(libshutdown2.o)
    0x08000192   0x08000192   0x00000000   Code   RO          296    .ARM.Collect$$libshutdown$$0000000F  c_w.l(libshutdown2.o)
    0x08000192   0x08000192   0x00000002   Code   RO          297    .ARM.Collect$$libshutdown$$00000010  c_w.l(libshutdown2.o)
    0x08000194   0x08000194   0x00000000   Code   RO          120    .ARM.Collect$$rtentry$$00000000  c_w.l(__rtentry.o)
    0x08000194   0x08000194   0x00000000   Code   RO          154    .ARM.Collect$$rtentry$$00000002  c_w.l(__rtentry2.o)
    0x08000194   0x08000194   0x00000006   Code   RO          166    .ARM.Collect$$rtentry$$00000004  c_w.l(__rtentry4.o)
    0x0800019a   0x0800019a   0x00000000   Code   RO          156    .ARM.Collect$$rtentry$$00000009  c_w.l(__rtentry2.o)
    0x0800019a   0x0800019a   0x00000004   Code   RO          157    .ARM.Collect$$rtentry$$0000000A  c_w.l(__rtentry2.o)
    0x0800019e   0x0800019e   0x00000000   Code   RO          159    .ARM.Collect$$rtentry$$0000000C  c_w.l(__rtentry2.o)
    0x0800019e   0x0800019e   0x00000008   Code   RO          160    .ARM.Collect$$rtentry$$0000000D  c_w.l(__rtentry2.o)
    0x080001a6   0x080001a6   0x00000002   Code   RO          194    .ARM.Collect$$rtexit$$00000000  c_w.l(rtexit.o)
    0x080001a8   0x080001a8   0x00000000   Code   RO          246    .ARM.Collect$$rtexit$$00000002  c_w.l(rtexit2.o)
    0x080001a8   0x080001a8   0x00000004   Code   RO          247    .ARM.Collect$$rtexit$$00000003  c_w.l(rtexit2.o)
    0x080001ac   0x080001ac   0x00000006   Code   RO          248    .ARM.Collect$$rtexit$$00000004  c_w.l(rtexit2.o)
    0x080001b2   0x080001b2   0x00000002   PAD
    0x080001b4   0x080001b4   0x00000040   Code   RO           61  * .text               startup_stm32f10x_md.o
    0x080001f4   0x080001f4   0x00000006   Code   RO           86    .text               c_w.l(heapauxi.o)
    0x080001fa   0x080001fa   0x00000016   Code   RO          121    .text               c_w.l(_rserrno.o)
    0x08000210   0x08000210   0x00000008   Code   RO          171    .text               c_w.l(rt_errno_addr_intlibspace.o)
    0x08000218   0x08000218   0x00000008   Code   RO          179    .text               c_w.l(libspace.o)
    0x08000220   0x08000220   0x0000004a   Code   RO          182    .text               c_w.l(sys_stackheap_outer.o)
    0x0800026a   0x0800026a   0x00000012   Code   RO          184    .text               c_w.l(exit.o)
    0x0800027c   0x0800027c   0x0000000c   Code   RO          258    .text               c_w.l(sys_exit.o)
    0x08000288   0x08000288   0x00000002   Code   RO          273    .text               c_w.l(use_no_semi.o)
    0x0800028a   0x0800028a   0x00000000   Code   RO          275    .text               c_w.l(indicate_semi.o)
    0x0800028a   0x0800028a   0x00000002   PAD
    0x0800028c   0x0800028c   0x0000003a   Code   RO           28    .text.ADC1_2_IRQHandler  adc_dac_fi1.o
    0x080002c6   0x080002c6   0x00000002   PAD
    0x080002c8   0x080002c8   0x00000062   Code   RO           18    .text.ADC_conf      adc_dac_fi1.o
    0x0800032a   0x0800032a   0x00000002   PAD
    0x0800032c   0x0800032c   0x00000038   Code   RO           20    .text.ADC_start     adc_dac_fi1.o
    0x08000364   0x08000364   0x000000c8   Code   RO           32    .text.EXTI15_10_IRQHandler  adc_dac_fi1.o
    0x0800042c   0x0800042c   0x00000076   Code   RO           16    .text.EXTI_Config   adc_dac_fi1.o
    0x080004a2   0x080004a2   0x00000002   PAD
    0x080004a4   0x080004a4   0x00000066   Code   RO           12    .text.PinConf       adc_dac_fi1.o
    0x0800050a   0x0800050a   0x00000002   PAD
    0x0800050c   0x0800050c   0x00000008   Code   RO           70    .text.SetSysClock   system_stm32f10x.o
    0x08000514   0x08000514   0x00000122   Code   RO           74    .text.SetSysClockTo72  system_stm32f10x.o
    0x08000636   0x08000636   0x00000002   PAD
    0x08000638   0x08000638   0x00000082   Code   RO            4    .text.SineTable_Init  adc_dac_fi1.o
    0x080006ba   0x080006ba   0x00000002   PAD
    0x080006bc   0x080006bc   0x00000058   Code   RO            8    .text.SquareTable_Init  adc_dac_fi1.o
    0x08000714   0x08000714   0x000000f8   Code   RO           10    .text.SysClkConf    adc_dac_fi1.o
    0x0800080c   0x0800080c   0x00000066   Code   RO           68    .text.SystemInit    system_stm32f10x.o
    0x08000872   0x08000872   0x00000002   PAD
    0x08000874   0x08000874   0x0000010a   Code   RO           30    .text.TIM3_IRQHandler  adc_dac_fi1.o
    0x0800097e   0x0800097e   0x00000002   PAD
    0x08000980   0x08000980   0x00000074   Code   RO           14    .text.Timer3_DAC_Config  adc_dac_fi1.o
    0x080009f4   0x080009f4   0x00000076   Code   RO            6    .text.TriangleTable_Init  adc_dac_fi1.o
    0x08000a6a   0x08000a6a   0x00000002   PAD
    0x08000a6c   0x08000a6c   0x00000030   Code   RO           26    .text.__NVIC_EnableIRQ  adc_dac_fi1.o
    0x08000a9c   0x08000a9c   0x00000042   Code   RO           24    .text.__NVIC_SetPriority  adc_dac_fi1.o
    0x08000ade   0x08000ade   0x00000002   PAD
    0x08000ae0   0x08000ae0   0x00000036   Code   RO           22    .text.delay_ms      adc_dac_fi1.o
    0x08000b16   0x08000b16   0x00000002   PAD
    0x08000b18   0x08000b18   0x000000da   Code   RO            2    .text.main          adc_dac_fi1.o
    0x08000bf2   0x08000bf2   0x00000002   PAD
    0x08000bf4   0x08000bf4   0x00000022   Code   RO           34    .text.reset_pusle_index  adc_dac_fi1.o
    0x08000c16   0x08000c16   0x00000028   Code   RO          175    i.__ARM_fpclassify  m_ws.l(fpclassify.o)
    0x08000c3e   0x08000c3e   0x00000002   PAD
    0x08000c40   0x08000c40   0x00000388   Code   RO          145    i.__ieee754_rem_pio2  m_ws.l(rred.o)
    0x08000fc8   0x08000fc8   0x000000fc   Code   RO          128    i.__kernel_cos      m_ws.l(cos_i.o)
    0x080010c4   0x080010c4   0x000000aa   Code   RO          177    i.__kernel_poly     m_ws.l(poly.o)
    0x0800116e   0x0800116e   0x00000002   PAD
    0x08001170   0x08001170   0x000000ec   Code   RO          150    i.__kernel_sin      m_ws.l(sin_i.o)
    0x0800125c   0x0800125c   0x00000006   Code   RO          132    i.__mathlib_dbl_infnan  m_ws.l(dunder.o)
    0x08001262   0x08001262   0x0000000c   Code   RO          134    i.__mathlib_dbl_invalid  m_ws.l(dunder.o)
    0x0800126e   0x0800126e   0x00000002   PAD
    0x08001270   0x08001270   0x00000010   Code   RO          137    i.__mathlib_dbl_underflow  m_ws.l(dunder.o)
    0x08001280   0x08001280   0x000000a0   Code   RO          117    i.sin               m_ws.l(sin.o)
    0x08001320   0x08001320   0x00000150   Code   RO           90    x$fpl$dadd          fz_ws.l(daddsub_clz.o)
    0x08001470   0x08001470   0x00000010   Code   RO          192    x$fpl$dcheck1       fz_ws.l(dcheck1.o)
    0x08001480   0x08001480   0x000002b4   Code   RO           97    x$fpl$ddiv          fz_ws.l(ddiv.o)
    0x08001734   0x08001734   0x0000005e   Code   RO          100    x$fpl$dfix          fz_ws.l(dfix.o)
    0x08001792   0x08001792   0x00000002   PAD
    0x08001794   0x08001794   0x0000005a   Code   RO          104    x$fpl$dfixu         fz_ws.l(dfixu.o)
    0x080017ee   0x080017ee   0x0000002e   Code   RO          109    x$fpl$dflt          fz_ws.l(dflt_clz.o)
    0x0800181c   0x0800181c   0x00000026   Code   RO          108    x$fpl$dfltu         fz_ws.l(dflt_clz.o)
    0x08001842   0x08001842   0x00000002   PAD
    0x08001844   0x08001844   0x00000154   Code   RO          114    x$fpl$dmul          fz_ws.l(dmul.o)
    0x08001998   0x08001998   0x0000009c   Code   RO          123    x$fpl$dnaninf       fz_ws.l(dnaninf.o)
    0x08001a34   0x08001a34   0x0000000c   Code   RO          125    x$fpl$dretinf       fz_ws.l(dretinf.o)
    0x08001a40   0x08001a40   0x00000016   Code   RO           91    x$fpl$drsb          fz_ws.l(daddsub_clz.o)
    0x08001a56   0x08001a56   0x00000002   PAD
    0x08001a58   0x08001a58   0x000001dc   Code   RO           92    x$fpl$dsub          fz_ws.l(daddsub_clz.o)
    0x08001c34   0x08001c34   0x00000064   Code   RO          243    x$fpl$retnan        fz_ws.l(retnan.o)
    0x08001c98   0x08001c98   0x0000005c   Code   RO          173    x$fpl$scalbn        fz_ws.l(scalbn.o)
    0x08001cf4   0x08001cf4   0x00000030   Code   RO          256    x$fpl$trapveneer    fz_ws.l(trapv.o)
    0x08001d24   0x08001d24   0x00000000   Code   RO          127    x$fpl$usenofp       fz_ws.l(usenofp.o)
    0x08001d24   0x08001d24   0x00000004   PAD
    0x08001d28   0x08001d28   0x00000030   Data   RO          129    .constdata          m_ws.l(cos_i.o)
    0x08001d58   0x08001d58   0x000000cc   Data   RO          147    .constdata          m_ws.l(rred.o)
    0x08001e24   0x08001e24   0x00000004   PAD
    0x08001e28   0x08001e28   0x00000028   Data   RO          151    .constdata          m_ws.l(sin_i.o)
    0x08001e50   0x08001e50   0x00000020   Data   RO          331    Region$$Table       anon$$obj.o


    Execution Region ER_RW (Exec base: 0x20000000, Load base: 0x08001e70, Size: 0x0000000c, Max: 0xffffffff, ABSOLUTE)

    Exec Addr    Load Addr    Size         Type   Attr      Idx    E Section Name        Object

    0x20000000   0x08001e70   0x0000000c   Data   RW           41    .data.freq_table    adc_dac_fi1.o


    Execution Region ER_ZI (Exec base: 0x20000010, Load base: 0x08001e7c, Size: 0x00000c88, Max: 0xffffffff, ABSOLUTE)

    Exec Addr    Load Addr    Size         Type   Attr      Idx    E Section Name        Object

    0x20000010        -       0x00000060   Zero   RW          180    .bss                c_w.l(libspace.o)
    0x20000070        -       0x00000004   Zero   RW           38    .bss.CFGR_value     adc_dac_fi1.o
    0x20000074        -       0x00000004   Zero   RW           37    .bss.CR_value       adc_dac_fi1.o
    0x20000078        -       0x00000004   Zero   RW           43    .bss.DR_value       adc_dac_fi1.o
    0x2000007c        -       0x00000004   Zero   RW           39    .bss.ODR_value      adc_dac_fi1.o
    0x20000080        -       0x00000004   Zero   RW           47    .bss.choice         adc_dac_fi1.o
    0x20000084        -       0x00000004   Zero   RW           42    .bss.freq_choice    adc_dac_fi1.o
    0x20000088        -       0x00000004   Zero   RW           40    .bss.freq_choice_changed  adc_dac_fi1.o
    0x2000008c        -       0x00000002   Zero   RW           49    .bss.sine_index     adc_dac_fi1.o
    0x2000008e        -       0x00000200   Zero   RW           44    .bss.sine_table     adc_dac_fi1.o
    0x2000028e        -       0x00000002   Zero   RW           50    .bss.square_index   adc_dac_fi1.o
    0x20000290        -       0x00000200   Zero   RW           46    .bss.square_table   adc_dac_fi1.o
    0x20000490        -       0x00000002   Zero   RW           48    .bss.triangle_index  adc_dac_fi1.o
    0x20000492        -       0x00000200   Zero   RW           45    .bss.triangle_table  adc_dac_fi1.o
    0x20000692   0x08001e7c   0x00000002   PAD
    0x20000694        -       0x00000004   Zero   RW           36    .bss.vol            adc_dac_fi1.o
    0x20000698        -       0x00000200   Zero   RW           59    HEAP                startup_stm32f10x_md.o
    0x20000898        -       0x00000400   Zero   RW           58    STACK               startup_stm32f10x_md.o


==============================================================================

Image component sizes


      Code (inc. data)   RO Data    RW Data    ZI Data      Debug   Object Name

      2018          0          0         12       1574       7878   adc_dac_fi1.o
        64         26        236          0       1536        848   startup_stm32f10x_md.o
       400          0          0          0          0       2874   system_stm32f10x.o

    ----------------------------------------------------------------------
      2506         26        268         12       3112      11600   Object Totals
         0          0         32          0          0          0   (incl. Generated)
        24          0          0          0          2          0   (incl. Padding)

    ----------------------------------------------------------------------

      Code (inc. data)   RO Data    RW Data    ZI Data      Debug   Library Member Name

         8          0          0          0          0         68   __main.o
         0          0          0          0          0          0   __rtentry.o
        12          0          0          0          0          0   __rtentry2.o
         6          0          0          0          0          0   __rtentry4.o
        94          8          0          0          0          0   __scatter.o
        26          0          0          0          0          0   __scatter_copy.o
        28          0          0          0          0          0   __scatter_zi.o
        22          0          0          0          0        100   _rserrno.o
        18          0          0          0          0         80   exit.o
         6          0          0          0          0        152   heapauxi.o
         0          0          0          0          0          0   indicate_semi.o
         2          0          0          0          0          0   libinit.o
         2          0          0          0          0          0   libinit2.o
         2          0          0          0          0          0   libshutdown.o
         2          0          0          0          0          0   libshutdown2.o
         8          4          0          0         96         68   libspace.o
         8          4          0          0          0         68   rt_errno_addr_intlibspace.o
         2          0          0          0          0          0   rtexit.o
        10          0          0          0          0          0   rtexit2.o
        12          4          0          0          0         68   sys_exit.o
        74          0          0          0          0         80   sys_stackheap_outer.o
         2          0          0          0          0         68   use_no_semi.o
       834         16          0          0          0        372   daddsub_clz.o
        16          4          0          0          0         68   dcheck1.o
       692        140          0          0          0        216   ddiv.o
        94          4          0          0          0         92   dfix.o
        90          4          0          0          0         92   dfixu.o
        84          0          0          0          0        136   dflt_clz.o
       340         12          0          0          0        104   dmul.o
       156          4          0          0          0         92   dnaninf.o
        12          0          0          0          0         68   dretinf.o
       100          0          0          0          0         68   retnan.o
        92          0          0          0          0         68   scalbn.o
        48          0          0          0          0         68   trapv.o
         0          0          0          0          0          0   usenofp.o
       252         22         48          0          0        124   cos_i.o
        34          6          0          0          0        204   dunder.o
        40          0          0          0          0         68   fpclassify.o
       170          0          0          0          0         96   poly.o
       904         76        204          0          0        140   rred.o
       160         10          0          0          0        108   sin.o
       236         12         40          0          0        128   sin_i.o

    ----------------------------------------------------------------------
      4722        330        296          0         96       3064   Library Totals
        24          0          4          0          0          0   (incl. Padding)

    ----------------------------------------------------------------------

      Code (inc. data)   RO Data    RW Data    ZI Data      Debug   Library Name

       344         20          0          0         96        752   c_w.l
      2558        184          0          0          0       1444   fz_ws.l
      1796        126        292          0          0        868   m_ws.l

    ----------------------------------------------------------------------
      4722        330        296          0         96       3064   Library Totals

    ----------------------------------------------------------------------

==============================================================================


      Code (inc. data)   RO Data    RW Data    ZI Data      Debug   

      7228        356        564         12       3208      13252   Grand Totals
      7228        356        564         12       3208      13252   ELF Image Totals
      7228        356        564         12          0          0   ROM Totals

==============================================================================

    Total RO  Size (Code + RO Data)                 7792 (   7.61kB)
    Total RW  Size (RW Data + ZI Data)              3220 (   3.14kB)
    Total ROM Size (Code + RO Data + RW Data)       7804 (   7.62kB)

==============================================================================

