Component: Arm Compiler for Embedded 6.21 Tool: armlink [5ec1fa00]

==============================================================================

Section Cross References

    mpu6050.o(.text.main) refers to mysystemclockconfig.o(.text.SysClkConf_72MHz) for SysClkConf_72MHz
    mpu6050.o(.text.main) refers to mpu6050.o(.text.PinConfig) for PinConfig
    mpu6050.o(.text.main) refers to mytimer.o(.text.TIM2_Setup) for TIM2_Setup
    mpu6050.o(.text.main) refers to mytimer.o(.text.TIM3_Setup) for TIM3_Setup
    mpu6050.o(.text.main) refers to mytimer.o(.text.TIM2_SetInterrupt) for TIM2_SetInterrupt
    mpu6050.o(.text.main) refers to mytimer.o(.text.TIM3_SetInterrupt) for TIM3_SetInterrupt
    mpu6050.o(.text.main) refers to mytimer.o(.text.TIM3_GreenState) for TIM3_GreenState
    mpu6050.o(.text.main) refers to myi2c.o(.text.I2C1_Init) for I2C1_Init
    mpu6050.o(.text.main) refers to mylcd.o(.text.LCD_I2C_Init) for LCD_I2C_Init
    mpu6050.o(.text.main) refers to mylcd.o(.text.LCD_I2C_Clear) for LCD_I2C_Clear
    mpu6050.o(.text.main) refers to mpu6050.o(.text.LCD_Display) for LCD_Display
    mpu6050.o(.text.main) refers to mpu6050.o(.text.MPU_Init) for MPU_Init
    mpu6050.o(.text.main) refers to mydelay.o(.text.Delay_ms) for Delay_ms
    mpu6050.o(.text.main) refers to mpu6050.o(.text.EXTI_config) for EXTI_config
    mpu6050.o(.text.main) refers to mpu6050.o(.bss.system_started) for system_started
    mpu6050.o(.text.main) refers to mpu6050.o(.data.State) for State
    mpu6050.o(.text.main) refers to mpu6050.o(.text.Enter_Stop_Mode) for Enter_Stop_Mode
    mpu6050.o(.text.main) refers to mytimer.o(.text.TIM2_RedState) for TIM2_RedState
    mpu6050.o(.ARM.exidx.text.main) refers to mpu6050.o(.text.main) for [Anonymous Symbol]
    mpu6050.o(.ARM.exidx.text.PinConfig) refers to mpu6050.o(.text.PinConfig) for [Anonymous Symbol]
    mpu6050.o(.text.LCD_Display) refers to mylcd.o(.text.LCD_I2C_Location) for LCD_I2C_Location
    mpu6050.o(.text.LCD_Display) refers to mpu6050.o(.rodata.str1.1) for .L.str.1
    mpu6050.o(.text.LCD_Display) refers to mylcd.o(.text.LCD_I2C_Write_String) for LCD_I2C_Write_String
    mpu6050.o(.ARM.exidx.text.LCD_Display) refers to mpu6050.o(.text.LCD_Display) for [Anonymous Symbol]
    mpu6050.o(.text.MPU_Init) refers to myi2c.o(.text.I2C1_send1Byte) for I2C1_send1Byte
    mpu6050.o(.ARM.exidx.text.MPU_Init) refers to mpu6050.o(.text.MPU_Init) for [Anonymous Symbol]
    mpu6050.o(.text.EXTI_config) refers to mpu6050.o(.text.__NVIC_SetPriority) for __NVIC_SetPriority
    mpu6050.o(.text.EXTI_config) refers to mpu6050.o(.text.__NVIC_SetPendingIRQ) for __NVIC_SetPendingIRQ
    mpu6050.o(.text.EXTI_config) refers to mpu6050.o(.text.__NVIC_EnableIRQ) for __NVIC_EnableIRQ
    mpu6050.o(.ARM.exidx.text.EXTI_config) refers to mpu6050.o(.text.EXTI_config) for [Anonymous Symbol]
    mpu6050.o(.text.Enter_Stop_Mode) refers to mpu6050.o(.text.__NVIC_DisableIRQ) for __NVIC_DisableIRQ
    mpu6050.o(.text.Enter_Stop_Mode) refers to mysystemclockconfig.o(.text.SysClkConf_72MHz) for SysClkConf_72MHz
    mpu6050.o(.text.Enter_Stop_Mode) refers to mpu6050.o(.text.__NVIC_EnableIRQ) for __NVIC_EnableIRQ
    mpu6050.o(.ARM.exidx.text.Enter_Stop_Mode) refers to mpu6050.o(.text.Enter_Stop_Mode) for [Anonymous Symbol]
    mpu6050.o(.ARM.exidx.text.__NVIC_SetPriority) refers to mpu6050.o(.text.__NVIC_SetPriority) for [Anonymous Symbol]
    mpu6050.o(.ARM.exidx.text.__NVIC_SetPendingIRQ) refers to mpu6050.o(.text.__NVIC_SetPendingIRQ) for [Anonymous Symbol]
    mpu6050.o(.ARM.exidx.text.__NVIC_EnableIRQ) refers to mpu6050.o(.text.__NVIC_EnableIRQ) for [Anonymous Symbol]
    mpu6050.o(.ARM.exidx.text.__NVIC_DisableIRQ) refers to mpu6050.o(.text.__NVIC_DisableIRQ) for [Anonymous Symbol]
    mpu6050.o(.text.EXTI0_IRQHandler) refers to mpu6050.o(.data.State) for State
    mpu6050.o(.ARM.exidx.text.EXTI0_IRQHandler) refers to mpu6050.o(.text.EXTI0_IRQHandler) for [Anonymous Symbol]
    mpu6050.o(.text.EXTI1_IRQHandler) refers to mpu6050.o(.bss.acc_buffer) for acc_buffer
    mpu6050.o(.text.EXTI1_IRQHandler) refers to mpu6050.o(.text.MPU_read_multi) for MPU_read_multi
    mpu6050.o(.text.EXTI1_IRQHandler) refers to mpu6050.o(.bss.gyro_buffer) for gyro_buffer
    mpu6050.o(.text.EXTI1_IRQHandler) refers to fflt_clz.o(x$fpl$fflt) for __aeabi_i2f
    mpu6050.o(.text.EXTI1_IRQHandler) refers to f2d.o(x$fpl$f2d) for __aeabi_f2d
    mpu6050.o(.text.EXTI1_IRQHandler) refers to ddiv.o(x$fpl$ddiv) for __aeabi_ddiv
    mpu6050.o(.text.EXTI1_IRQHandler) refers to d2f.o(x$fpl$d2f) for __aeabi_d2f
    mpu6050.o(.text.EXTI1_IRQHandler) refers to mpu6050.o(.bss.ax) for ax
    mpu6050.o(.text.EXTI1_IRQHandler) refers to mpu6050.o(.bss.ay) for ay
    mpu6050.o(.text.EXTI1_IRQHandler) refers to mpu6050.o(.bss.az) for az
    mpu6050.o(.text.EXTI1_IRQHandler) refers to daddsub_clz.o(x$fpl$dadd) for __aeabi_dadd
    mpu6050.o(.text.EXTI1_IRQHandler) refers to mpu6050.o(.bss.gx) for gx
[...]
    .text                                    0x0800155c   Section        0  sys_exit.o(.text)
    .text                                    0x08001568   Section        0  defsig_general.o(.text)
    .text                                    0x0800159c   Section      128  strcmpv7m.o(.text)
    .text                                    0x0800161c   Section        0  sys_wrch.o(.text)
    [Anonymous Symbol]                       0x0800162c   Section        0  mydelay.o(.text.Delay_ms)
    [Anonymous Symbol]                       0x08001690   Section        0  mpu6050.o(.text.EXTI0_IRQHandler)
    [Anonymous Symbol]                       0x080016d4   Section        0  mpu6050.o(.text.EXTI1_IRQHandler)
    [Anonymous Symbol]                       0x080019e4   Section        0  mpu6050.o(.text.EXTI_config)
    [Anonymous Symbol]                       0x08001a9c   Section        0  mpu6050.o(.text.Enter_Stop_Mode)
    [Anonymous Symbol]                       0x08001b08   Section        0  myi2c.o(.text.I2C1_Init)
    [Anonymous Symbol]                       0x08001bc4   Section        0  myi2c.o(.text.I2C1_ReadMulti)
    [Anonymous Symbol]                       0x08001c98   Section        0  myi2c.o(.text.I2C1_Send_Address)
    [Anonymous Symbol]                       0x08001cdc   Section        0  myi2c.o(.text.I2C1_Start)
    [Anonymous Symbol]                       0x08001d04   Section        0  myi2c.o(.text.I2C1_Stop)
    [Anonymous Symbol]                       0x08001d18   Section        0  myi2c.o(.text.I2C1_Write)
    [Anonymous Symbol]                       0x08001d5c   Section        0  myi2c.o(.text.I2C1_Write_Buffer)
    [Anonymous Symbol]                       0x08001db4   Section        0  myi2c.o(.text.I2C1_disACK)
    [Anonymous Symbol]                       0x08001dc8   Section        0  myi2c.o(.text.I2C1_enACK)
    [Anonymous Symbol]                       0x08001ddc   Section        0  myi2c.o(.text.I2C1_send1Byte)
    [Anonymous Symbol]                       0x08001e14   Section        0  mpu6050.o(.text.LCD_Display)
    [Anonymous Symbol]                       0x08001e48   Section        0  mylcd.o(.text.LCD_I2C_Clear)
    [Anonymous Symbol]                       0x08001e58   Section        0  mylcd.o(.text.LCD_I2C_Init)
    [Anonymous Symbol]                       0x08001e94   Section        0  mylcd.o(.text.LCD_I2C_Location)
    [Anonymous Symbol]                       0x08001ed4   Section        0  mylcd.o(.text.LCD_I2C_Write_CMD)
    [Anonymous Symbol]                       0x08001f1c   Section        0  mylcd.o(.text.LCD_I2C_Write_DATA)
    [Anonymous Symbol]                       0x08001f68   Section        0  mylcd.o(.text.LCD_I2C_Write_String)
    [Anonymous Symbol]                       0x08001fac   Section        0  mpu6050.o(.text.MPU_Display)
    [Anonymous Symbol]                       0x08002034   Section        0  mpu6050.o(.text.MPU_Init)
    [Anonymous Symbol]                       0x08002088   Section        0  mpu6050.o(.text.MPU_read_multi)
    [Anonymous Symbol]                       0x080020b8   Section        0  mpu6050.o(.text.PinConfig)
    SetSysClock                              0x080020fd   Thumb Code     8  system_stm32f10x.o(.text.SetSysClock)
    [Anonymous Symbol]                       0x080020fc   Section        0  system_stm32f10x.o(.text.SetSysClock)
    SetSysClockTo72                          0x08002105   Thumb Code   290  system_stm32f10x.o(.text.SetSysClockTo72)
    [Anonymous Symbol]                       0x08002104   Section        0  system_stm32f10x.o(.text.SetSysClockTo72)
    [Anonymous Symbol]                       0x08002228   Section        0  mysystemclockconfig.o(.text.SysClkConf_72MHz)
    [Anonymous Symbol]                       0x080022f0   Section        0  mydelay.o(.text.SysTick_Handler)
    [Anonymous Symbol]                       0x08002310   Section        0  system_stm32f10x.o(.text.SystemInit)
    [Anonymous Symbol]                       0x08002378   Section        0  mpu6050.o(.text.TIM2_IRQHandler)
    [Anonymous Symbol]                       0x080023a8   Section        0  mytimer.o(.text.TIM2_RedState)
    [Anonymous Symbol]                       0x080023d8   Section        0  mytimer.o(.text.TIM2_SetInterrupt)
    [Anonymous Symbol]                       0x080023f8   Section        0  mytimer.o(.text.TIM2_Setup)
    [Anonymous Symbol]                       0x08002440   Section        0  mytimer.o(.text.TIM3_GreenState)
    [Anonymous Symbol]                       0x08002478   Section        0  mpu6050.o(.text.TIM3_IRQHandler)
    [Anonymous Symbol]                       0x080024ac   Section        0  mytimer.o(.text.TIM3_SetInterrupt)
    [Anonymous Symbol]                       0x080024cc   Section        0  mytimer.o(.text.TIM3_Setup)
    __NVIC_DisableIRQ                        0x0800251d   Thumb Code    56  mpu6050.o(.text.__NVIC_DisableIRQ)
    [Anonymous Symbol]                       0x0800251c   Section        0  mpu6050.o(.text.__NVIC_DisableIRQ)
    __NVIC_EnableIRQ                         0x08002555   Thumb Code    48  mpu6050.o(.text.__NVIC_EnableIRQ)
    [Anonymous Symbol]                       0x08002554   Section        0  mpu6050.o(.text.__NVIC_EnableIRQ)
    __NVIC_EnableIRQ                         0x08002585   Thumb Code    48  mytimer.o(.text.__NVIC_EnableIRQ)
    [Anonymous Symbol]                       0x08002584   Section        0  mytimer.o(.text.__NVIC_EnableIRQ)
    __NVIC_SetPendingIRQ                     0x080025b5   Thumb Code    48  mpu6050.o(.text.__NVIC_SetPendingIRQ)
    [Anonymous Symbol]                       0x080025b4   Section        0  mpu6050.o(.text.__NVIC_SetPendingIRQ)
    __NVIC_SetPriority                       0x080025e5   Thumb Code    66  mpu6050.o(.text.__NVIC_SetPriority)
    [Anonymous Symbol]                       0x080025e4   Section        0  mpu6050.o(.text.__NVIC_SetPriority)
    __NVIC_SetPriority                       0x08002629   Thumb Code    66  mytimer.o(.text.__NVIC_SetPriority)
    [Anonymous Symbol]                       0x08002628   Section        0  mytimer.o(.text.__NVIC_SetPriority)
    [Anonymous Symbol]                       0x0800266c   Section        0  mpu6050.o(.text.detectFall)
    [Anonymous Symbol]                       0x08002774   Section        0  mpu6050.o(.text.main)
    CL$$btod_d2e                             0x0800284e   Section       62  btod.o(CL$$btod_d2e)
    CL$$btod_d2e_denorm_low                  0x0800288c   Section       70  btod.o(CL$$btod_d2e_denorm_low)
    CL$$btod_d2e_norm_op1                    0x080028d2   Section       96  btod.o(CL$$btod_d2e_norm_op1)
    CL$$btod_div_common                      0x08002934   Section      824  btod.o(CL$$btod_div_common)
    CL$$btod_e2e                             0x08002c6c   Section      220  btod.o(CL$$btod_e2e)
    CL$$btod_ediv                            0x08002d48   Section       42  btod.o(CL$$btod_ediv)
    CL$$btod_emul                            0x08002d72   Section       42  btod.o(CL$$btod_emul)
    CL$$btod_mult_common                     0x08002d9c   Section      580  btod.o(CL$$btod_mult_common)
    i.__ARM_fpclassify                       0x08002fe0   Section        0  fpclassify.o(i.__ARM_fpclassify)
    i._is_digit                              0x08003008   Section        0  __printf_wp.o(i._is_digit)
    i.sqrt                                   0x08003016   Section        0  sqrt.o(i.sqrt)
    locale$$code                             0x08003064   Section       44  lc_numeric_c.o(locale$$code)
    locale$$code                             0x08003090   Section       44  lc_ctype_c.o(locale$$code)
    x$fpl$d2f                                0x080030bc   Section       98  d2f.o(x$fpl$d2f)
    x$fpl$dadd                               0x08003120   Section      336  daddsub_clz.o(x$fpl$dadd)
    _dadd1                                   0x08003131   Thumb Code     0  daddsub_clz.o(x$fpl$dadd)
    x$fpl$dcmpinf                            0x08003270   Section       24  dcmpi.o(x$fpl$dcmpinf)
    x$fpl$ddiv                               0x08003288   Section      692  ddiv.o(x$fpl$ddiv)
    ddiv_entry                               0x0800328f   Thumb Code     0  ddiv.o(x$fpl$ddiv)
    x$fpl$deqf                               0x0800353c   Section      120  deqf.o(x$fpl$deqf)
    x$fpl$dgeqf                              0x080035b4   Section      120  dgeqf.o(x$fpl$dgeqf)
    x$fpl$dleqf                              0x0800362c   Section      120  dleqf.o(x$fpl$dleqf)
    x$fpl$dmul                               0x080036a4   Section      340  dmul.o(x$fpl$dmul)
    x$fpl$dnaninf                            0x080037f8   Section      156  dnaninf.o(x$fpl$dnaninf)
    x$fpl$dretinf                            0x08003894   Section       12  dretinf.o(x$fpl$dretinf)
    x$fpl$dsqrt                              0x080038a0   Section      460  dsqrt_noumaal.o(x$fpl$dsqrt)
    x$fpl$dsub                               0x08003a6c   Section      476  daddsub_clz.o(x$fpl$dsub)
    _dsub1                                   0x08003a7d   Thumb Code     0  daddsub_clz.o(x$fpl$dsub)
    x$fpl$f2d                                0x08003c48   Section       86  f2d.o(x$fpl$f2d)
    x$fpl$fadd                               0x08003ca0   Section      196  faddsub_clz.o(x$fpl$fadd)
    _fadd1                                   0x08003caf   Thumb Code     0  faddsub_clz.o(x$fpl$fadd)
    x$fpl$fcmp                               0x08003d64   Section       84  dcmp.o(x$fpl$fcmp)
    x$fpl$fflt                               0x08003db8   Section       48  fflt_clz.o(x$fpl$fflt)
    x$fpl$fmul                               0x08003de8   Section      258  fmul.o(x$fpl$fmul)
    x$fpl$fnaninf                            0x08003eea   Section      140  fnaninf.o(x$fpl$fnaninf)
    x$fpl$fretinf                            0x08003f76   Section       10  fretinf.o(x$fpl$fretinf)
    x$fpl$fsub                               0x08003f80   Section      234  faddsub_clz.o(x$fpl$fsub)
    _fsub1                                   0x08003f8f   Thumb Code     0  faddsub_clz.o(x$fpl$fsub)
    x$fpl$printf1                            0x0800406a   Section        4  printf1.o(x$fpl$printf1)
    x$fpl$printf2                            0x0800406e   Section        4  printf2.o(x$fpl$printf2)
    x$fpl$usenofp                            0x08004072   Section        0  usenofp.o(x$fpl$usenofp)
    initial_mbstate                          0x08004074   Data           8  _printf_wctomb.o(.constdata)
    .constdata                               0x08004074   Section        8  _printf_wctomb.o(.constdata)
    uc_hextab                                0x0800407c   Data          20  _printf_hex_int_ll_ptr.o(.constdata)
    .constdata                               0x0800407c   Section       40  _printf_hex_int_ll_ptr.o(.constdata)
    lc_hextab                                0x08004090   Data          20  _printf_hex_int_ll_ptr.o(.constdata)
    maptable                                 0x080040a4   Data          17  __printf_flags_ss_wp.o(.constdata)
    .constdata                               0x080040a4   Section       17  __printf_flags_ss_wp.o(.constdata)
    lc_hextab                                0x080040b5   Data          19  _printf_fp_hex.o(.constdata)
    .constdata                               0x080040b5   Section       38  _printf_fp_hex.o(.constdata)
    uc_hextab                                0x080040c8   Data          19  _printf_fp_hex.o(.constdata)
    tenpwrs_x                                0x080040dc   Data          60  bigflt0.o(.constdata)
    .constdata                               0x080040dc   Section      148  bigflt0.o(.constdata)
    tenpwrs_i                                0x08004118   Data          64  bigflt0.o(.constdata)
    .L.str.1                                 0x08004170   Data           6  mpu6050.o(.rodata.str1.1)
    [Anonymous Symbol]                       0x08004170   Section        0  mpu6050.o(.rodata.str1.1)
    .L.str.2                                 0x08004176   Data           7  mpu6050.o(.rodata.str1.1)
    .L.str                                   0x0800417d   Data           5  mpu6050.o(.rodata.str1.1)
    locale$$data                             0x080041a4   Section       28  lc_numeric_c.o(locale$$data)
    __lcnum_c_name                           0x080041a8   Data           2  lc_numeric_c.o(locale$$data)
    __lcnum_c_start                          0x080041b0   Data           0  lc_numeric_c.o(locale$$data)
    __lcnum_c_point                          0x080041bc   Data           0  lc_numeric_c.o(locale$$data)
    __lcnum_c_thousands                      0x080041be   Data           0  lc_numeric_c.o(locale$$data)
    __lcnum_c_grouping                       0x080041bf   Data           0  lc_numeric_c.o(locale$$data)
    __lcnum_c_end                            0x080041c0   Data           0  lc_numeric_c.o(locale$$data)
    locale$$data                             0x080041c0   Section      272  lc_ctype_c.o(locale$$data)
    __lcctype_c_name                         0x080041c4   Data           2  lc_ctype_c.o(locale$$data)
    __lcctype_c_start                        0x080041cc   Data           0  lc_ctype_c.o(locale$$data)
    __lcctype_c_end                          0x080042d0   Data           0  lc_ctype_c.o(locale$$data)
    .bss                                     0x20000008   Section       96  libspace.o(.bss)
    acc_buffer                               0x20000068   Data           6  mpu6050.o(.bss.acc_buffer)
    [Anonymous Symbol]                       0x20000068   Section        0  mpu6050.o(.bss.acc_buffer)
    ax                                       0x20000070   Data           4  mpu6050.o(.bss.ax)
    [Anonymous Symbol]                       0x20000070   Section        0  mpu6050.o(.bss.ax)
    ay                                       0x20000074   Data           4  mpu6050.o(.bss.ay)
    [Anonymous Symbol]                       0x20000074   Section        0  mpu6050.o(.bss.ay)
    az                                       0x20000078   Data           4  mpu6050.o(.bss.az)
    [Anonymous Symbol]                       0x20000078   Section        0  mpu6050.o(.bss.az)
    check_collide1                           0x2000007c   Data           4  mpu6050.o(.bss.check_collide1)
    [Anonymous Symbol]                       0x2000007c   Section        0  mpu6050.o(.bss.check_collide1)
    check_collide2                           0x20000080   Data           4  mpu6050.o(.bss.check_collide2)
    [Anonymous Symbol]                       0x20000080   Section        0  mpu6050.o(.bss.check_collide2)
    fall_detected                            0x20000084   Data           4  mpu6050.o(.bss.fall_detected)
    [Anonymous Symbol]                       0x20000084   Section        0  mpu6050.o(.bss.fall_detected)
    gx                                       0x20000088   Data           4  mpu6050.o(.bss.gx)
    [Anonymous Symbol]                       0x20000088   Section        0  mpu6050.o(.bss.gx)
    gy                                       0x2000008c   Data           4  mpu6050.o(.bss.gy)
    [Anonymous Symbol]                       0x2000008c   Section        0  mpu6050.o(.bss.gy)
    gyro_buffer                              0x20000090   Data           6  mpu6050.o(.bss.gyro_buffer)
    [Anonymous Symbol]                       0x20000090   Section        0  mpu6050.o(.bss.gyro_buffer)
    gz                                       0x20000098   Data           4  mpu6050.o(.bss.gz)
    [Anonymous Symbol]                       0x20000098   Section        0  mpu6050.o(.bss.gz)
    in_free_fall                             0x2000009c   Data           4  mpu6050.o(.bss.in_free_fall)
    [Anonymous Symbol]                       0x2000009c   Section        0  mpu6050.o(.bss.in_free_fall)
    system_started                           0x200000a0   Data           4  mpu6050.o(.bss.system_started)
    [Anonymous Symbol]                       0x200000a0   Section        0  mpu6050.o(.bss.system_started)
    tick_count                               0x200000a4   Data           4  mpu6050.o(.bss.tick_count)
    [Anonymous Symbol]                       0x200000a4   Section        0  mpu6050.o(.bss.tick_count)
    timeTick                                 0x200000a8   Data           4  mydelay.o(.bss.timeTick)
    [Anonymous Symbol]                       0x200000a8   Section        0  mydelay.o(.bss.timeTick)
    total_acceleration                       0x200000ac   Data           4  mpu6050.o(.bss.total_acceleration)
    [Anonymous Symbol]                       0x200000ac   Section        0  mpu6050.o(.bss.total_acceleration)
    total_gyro                               0x200000b0   Data           4  mpu6050.o(.bss.total_gyro)
    [Anonymous Symbol]                       0x200000b0   Section        0  mpu6050.o(.bss.total_gyro)
    Heap_Mem                                 0x200000b8   Data         512  startup_stm32f10x_md.o(HEAP)
    HEAP                                     0x200000b8   Section      512  startup_stm32f10x_md.o(HEAP)
    Stack_Mem                                0x200002b8   Data        1024  startup_stm32f10x_md.o(STACK)
    STACK                                    0x200002b8   Section     1024  startup_stm32f10x_md.o(STACK)
    __initial_sp                             0x200006b8   Data           0  startup_stm32f10x_md.o(STACK)

    Global Symbols

    Symbol Name                              Value     Ov Type        Size  Object(Section)

    BuildAttributes$$THM_ISAv4$P$D$K$B$S$PE$A:L22UL41UL21$X:L11$S22US41US21$IEEE1$IW$~IW$USESV6$~STKCKD$USESV7$~SHL$OTIME$ROPI$IEEEJ$EBA8$UX$STANDARDLIB$REQ8$PRES8$EABIv2 0x00000000   Number         0  anon$$obj.o ABSOLUTE
    __fp_init_empty                          0x00000000   Number         0  fpinit_empty.o ABSOLUTE
    _printf_flags                            0x00000000   Number         0  printf_stubs.o ABSOLUTE
    _printf_return_value                     0x00000000   Number         0  printf_stubs.o ABSOLUTE
    _printf_sizespec                         0x00000000   Number         0  printf_stubs.o ABSOLUTE
    _printf_widthprec                        0x00000000   Number         0  printf_stubs.o ABSOLUTE
    __ARM_exceptions_init                     - Undefined Weak Reference
    __alloca_initialize                       - Undefined Weak Reference
    __arm_preinit_                            - Undefined Weak Reference
    __arm_relocate_pie_                       - Undefined Weak Reference
    __cpp_initialize__aeabi_                  - Undefined Weak Reference
    __cxa_finalize                            - Undefined Weak Reference
    __sigvec_lookup                           - Undefined Weak Reference
    __user_heap_extent                        - Undefined Weak Reference
    _atexit_init                              - Undefined Weak Reference
    _call_atexit_fns                          - Undefined Weak Reference
    _clock_init                               - Undefined Weak Reference
    _fp_trap_init                             - Undefined Weak Reference
    _fp_trap_shutdown                         - Undefined Weak Reference
    _get_lc_collate                           - Undefined Weak Reference
    _get_lc_monetary                          - Undefined Weak Reference
    _get_lc_time                              - Undefined Weak Reference
    _getenv_init                              - Undefined Weak Reference
    _handle_redirection                       - Undefined Weak Reference
    _initio                                   - Undefined Weak Reference
    _mutex_acquire                            - Undefined Weak Reference
    _mutex_free                               - Undefined Weak Reference
    _mutex_release                            - Undefined Weak Reference
    _printf_mbtowc                            - Undefined Weak Reference
    _printf_wc                                - Undefined Weak Reference
    _rand_init                                - Undefined Weak Reference
    _signal_finish                            - Undefined Weak Reference
    _signal_init                              - Undefined Weak Reference
    _terminateio                              - Undefined Weak Reference
    __Vectors_Size                           0x000000ec   Number         0  startup_stm32f10x_md.o ABSOLUTE
    __Vectors                                0x08000000   Data           4  startup_stm32f10x_md.o(RESET)
    __Vectors_End                            0x080000ec   Data           0  startup_stm32f10x_md.o(RESET)
    __main                                   0x080000ed   Thumb Code     8  __main.o(!!!main)
    __scatterload                            0x080000f5   Thumb Code     0  __scatter.o(!!!scatter)
    __scatterload_rt2                        0x080000f5   Thumb Code    84  __scatter.o(!!!scatter)
    __scatterload_rt2_thumb_only             0x080000f5   Thumb Code     0  __scatter.o(!!!scatter)
    __scatterload_loop                       0x080000ff   Thumb Code     0  __scatter.o(!!!scatter)
    __scatterload_copy                       0x08000151   Thumb Code    26  __scatter_copy.o(!!handler_copy)
    __scatterload_null                       0x0800016d   Thumb Code     2  __scatter.o(!!handler_null)
    __scatterload_zeroinit                   0x08000171   Thumb Code    28  __scatter_zi.o(!!handler_zi)
    _printf_n                                0x0800018d   Thumb Code     0  _printf_n.o(.ARM.Collect$$_printf_percent$$00000001)
    _printf_percent                          0x0800018d   Thumb Code     0  _printf_percent.o(.ARM.Collect$$_printf_percent$$00000000)
    _printf_p                                0x08000193   Thumb Code     0  _printf_p.o(.ARM.Collect$$_printf_percent$$00000002)
    _printf_f                                0x08000199   Thumb Code     0  _printf_f.o(.ARM.Collect$$_printf_percent$$00000003)
    _printf_e                                0x0800019f   Thumb Code     0  _printf_e.o(.ARM.Collect$$_printf_percent$$00000004)
    _printf_g                                0x080001a5   Thumb Code     0  _printf_g.o(.ARM.Collect$$_printf_percent$$00000005)
    _printf_a                                0x080001ab   Thumb Code     0  _printf_a.o(.ARM.Collect$$_printf_percent$$00000006)
    _printf_ll                               0x080001b1   Thumb Code     0  _printf_ll.o(.ARM.Collect$$_printf_percent$$00000007)
    _printf_i                                0x080001bb   Thumb Code     0  _printf_i.o(.ARM.Collect$$_printf_percent$$00000008)
    _printf_d                                0x080001c1   Thumb Code     0  _printf_d.o(.ARM.Collect$$_printf_percent$$00000009)
    _printf_u                                0x080001c7   Thumb Code     0  _printf_u.o(.ARM.Collect$$_printf_percent$$0000000A)
    _printf_o                                0x080001cd   Thumb Code     0  _printf_o.o(.ARM.Collect$$_printf_percent$$0000000B)
    _printf_x                                0x080001d3   Thumb Code     0  _printf_x.o(.ARM.Collect$$_printf_percent$$0000000C)
    _printf_lli                              0x080001d9   Thumb Code     0  _printf_lli.o(.ARM.Collect$$_printf_percent$$0000000D)
    _printf_lld                              0x080001df   Thumb Code     0  _printf_lld.o(.ARM.Collect$$_printf_percent$$0000000E)
    _printf_llu                              0x080001e5   Thumb Code     0  _printf_llu.o(.ARM.Collect$$_printf_percent$$0000000F)
    _printf_llo                              0x080001eb   Thumb Code     0  _printf_llo.o(.ARM.Collect$$_printf_percent$$00000010)
    _printf_llx                              0x080001f1   Thumb Code     0  _printf_llx.o(.ARM.Collect$$_printf_percent$$00000011)
    _printf_l                                0x080001f7   Thumb Code     0  _printf_l.o(.ARM.Collect$$_printf_percent$$00000012)
    _printf_c                                0x08000201   Thumb Code     0  _printf_c.o(.ARM.Collect$$_printf_percent$$00000013)
    _printf_s                                0x08000207   Thumb Code     0  _printf_s.o(.ARM.Collect$$_printf_percent$$00000014)
    _printf_lc                               0x0800020d   Thumb Code     0  _printf_lc.o(.ARM.Collect$$_printf_percent$$00000015)
    _printf_ls                               0x08000213   Thumb Code     0  _printf_ls.o(.ARM.Collect$$_printf_percent$$00000016)
    _printf_percent_end                      0x08000219   Thumb Code     0  _printf_percent_end.o(.ARM.Collect$$_printf_percent$$00000017)
    __rt_lib_init                            0x0800021d   Thumb Code     0  libinit.o(.ARM.Collect$$libinit$$00000000)
    __rt_lib_init_fp_1                       0x0800021f   Thumb Code     0  libinit2.o(.ARM.Collect$$libinit$$00000002)
    __rt_lib_init_heap_2                     0x0800021f   Thumb Code     0  libinit2.o(.ARM.Collect$$libinit$$00000007)
    __rt_lib_init_preinit_1                  0x0800021f   Thumb Code     0  libinit2.o(.ARM.Collect$$libinit$$00000006)
    __rt_lib_init_relocate_pie_1             0x0800021f   Thumb Code     0  libinit2.o(.ARM.Collect$$libinit$$00000004)
    __rt_lib_init_heap_1                     0x08000227   Thumb Code     0  libinit2.o(.ARM.Collect$$libinit$$0000000C)
    __rt_lib_init_lc_common                  0x08000227   Thumb Code     0  libinit2.o(.ARM.Collect$$libinit$$00000011)
    __rt_lib_init_rand_1                     0x08000227   Thumb Code     0  libinit2.o(.ARM.Collect$$libinit$$00000010)
    __rt_lib_init_user_alloc_1               0x08000227   Thumb Code     0  libinit2.o(.ARM.Collect$$libinit$$0000000E)
    __rt_lib_init_lc_collate_1               0x0800022d   Thumb Code     0  libinit2.o(.ARM.Collect$$libinit$$00000013)
    __rt_lib_init_lc_ctype_2                 0x0800022d   Thumb Code     0  libinit2.o(.ARM.Collect$$libinit$$00000014)
    __rt_lib_init_lc_ctype_1                 0x08000239   Thumb Code     0  libinit2.o(.ARM.Collect$$libinit$$00000015)
    __rt_lib_init_lc_monetary_1              0x08000239   Thumb Code     0  libinit2.o(.ARM.Collect$$libinit$$00000017)
    __rt_lib_init_lc_numeric_2               0x08000239   Thumb Code     0  libinit2.o(.ARM.Collect$$libinit$$00000018)
    __rt_lib_init_alloca_1                   0x08000243   Thumb Code     0  libinit2.o(.ARM.Collect$$libinit$$00000030)
    __rt_lib_init_argv_1                     0x08000243   Thumb Code     0  libinit2.o(.ARM.Collect$$libinit$$0000002E)
    __rt_lib_init_atexit_1                   0x08000243   Thumb Code     0  libinit2.o(.ARM.Collect$$libinit$$0000001D)
    __rt_lib_init_clock_1                    0x08000243   Thumb Code     0  libinit2.o(.ARM.Collect$$libinit$$00000023)
    __rt_lib_init_cpp_1                      0x08000243   Thumb Code     0  libinit2.o(.ARM.Collect$$libinit$$00000034)
    __rt_lib_init_exceptions_1               0x08000243   Thumb Code     0  libinit2.o(.ARM.Collect$$libinit$$00000032)
    __rt_lib_init_fp_trap_1                  0x08000243   Thumb Code     0  libinit2.o(.ARM.Collect$$libinit$$00000021)
    __rt_lib_init_getenv_1                   0x08000243   Thumb Code     0  libinit2.o(.ARM.Collect$$libinit$$00000025)
    __rt_lib_init_lc_numeric_1               0x08000243   Thumb Code     0  libinit2.o(.ARM.Collect$$libinit$$00000019)
    __rt_lib_init_lc_time_1                  0x08000243   Thumb Code     0  libinit2.o(.ARM.Collect$$libinit$$0000001B)
    __rt_lib_init_return                     0x08000243   Thumb Code     0  libinit2.o(.ARM.Collect$$libinit$$00000035)
    __rt_lib_init_signal_1                   0x08000243   Thumb Code     0  libinit2.o(.ARM.Collect$$libinit$$0000001F)
    __rt_lib_init_stdio_1                    0x08000243   Thumb Code     0  libinit2.o(.ARM.Collect$$libinit$$00000027)
    __rt_lib_shutdown                        0x08000245   Thumb Code     0  libshutdown.o(.ARM.Collect$$libshutdown$$00000000)
    __rt_lib_shutdown_cpp_1                  0x08000247   Thumb Code     0  libshutdown2.o(.ARM.Collect$$libshutdown$$00000002)
    __rt_lib_shutdown_fp_trap_1              0x08000247   Thumb Code     0  libshutdown2.o(.ARM.Collect$$libshutdown$$00000007)
    __rt_lib_shutdown_heap_1                 0x08000247   Thumb Code     0  libshutdown2.o(.ARM.Collect$$libshutdown$$0000000F)
    __rt_lib_shutdown_return                 0x08000247   Thumb Code     0  libshutdown2.o(.ARM.Collect$$libshutdown$$00000010)
    __rt_lib_shutdown_signal_1               0x08000247   Thumb Code     0  libshutdown2.o(.ARM.Collect$$libshutdown$$0000000A)
    __rt_lib_shutdown_stdio_1                0x08000247   Thumb Code     0  libshutdown2.o(.ARM.Collect$$libshutdown$$00000004)
    __rt_lib_shutdown_user_alloc_1           0x08000247   Thumb Code     0  libshutdown2.o(.ARM.Collect$$libshutdown$$0000000C)
    __rt_entry                               0x08000249   Thumb Code     0  __rtentry.o(.ARM.Collect$$rtentry$$00000000)
    __rt_entry_presh_1                       0x08000249   Thumb Code     0  __rtentry2.o(.ARM.Collect$$rtentry$$00000002)
    __rt_entry_sh                            0x08000249   Thumb Code     0  __rtentry4.o(.ARM.Collect$$rtentry$$00000004)
    __rt_entry_li                            0x0800024f   Thumb Code     0  __rtentry2.o(.ARM.Collect$$rtentry$$0000000A)
    __rt_entry_postsh_1                      0x0800024f   Thumb Code     0  __rtentry2.o(.ARM.Collect$$rtentry$$00000009)
    __rt_entry_main                          0x08000253   Thumb Code     0  __rtentry2.o(.ARM.Collect$$rtentry$$0000000D)
    __rt_entry_postli_1                      0x08000253   Thumb Code     0  __rtentry2.o(.ARM.Collect$$rtentry$$0000000C)
    __rt_exit                                0x0800025b   Thumb Code     0  rtexit.o(.ARM.Collect$$rtexit$$00000000)
    __rt_exit_ls                             0x0800025d   Thumb Code     0  rtexit2.o(.ARM.Collect$$rtexit$$00000003)
    __rt_exit_prels_1                        0x0800025d   Thumb Code     0  rtexit2.o(.ARM.Collect$$rtexit$$00000002)
    __rt_exit_exit                           0x08000261   Thumb Code     0  rtexit2.o(.ARM.Collect$$rtexit$$00000004)
    Reset_Handler                            0x08000269   Thumb Code     8  startup_stm32f10x_md.o(.text)
    NMI_Handler                              0x08000271   Thumb Code     2  startup_stm32f10x_md.o(.text)
    HardFault_Handler                        0x08000273   Thumb Code     2  startup_stm32f10x_md.o(.text)
    MemManage_Handler                        0x08000275   Thumb Code     2  startup_stm32f10x_md.o(.text)
    BusFault_Handler                         0x08000277   Thumb Code     2  startup_stm32f10x_md.o(.text)
    UsageFault_Handler                       0x08000279   Thumb Code     2  startup_stm32f10x_md.o(.text)
    SVC_Handler                              0x0800027b   Thumb Code     2  startup_stm32f10x_md.o(.text)
    DebugMon_Handler                         0x0800027d   Thumb Code     2  startup_stm32f10x_md.o(.text)
    PendSV_Handler                           0x0800027f   Thumb Code     2  startup_stm32f10x_md.o(.text)
    ADC1_2_IRQHandler                        0x08000283   Thumb Code     0  startup_stm32f10x_md.o(.text)
    CAN1_RX1_IRQHandler                      0x08000283   Thumb Code     0  startup_stm32f10x_md.o(.text)
    CAN1_SCE_IRQHandler                      0x08000283   Thumb Code     0  startup_stm32f10x_md.o(.text)
    DMA1_Channel1_IRQHandler                 0x08000283   Thumb Code     0  startup_stm32f10x_md.o(.text)
    DMA1_Channel2_IRQHandler                 0x08000283   Thumb Code     0  startup_stm32f10x_md.o(.text)
    DMA1_Channel3_IRQHandler                 0x08000283   Thumb Code     0  startup_stm32f10x_md.o(.text)
    DMA1_Channel4_IRQHandler                 0x08000283   Thumb Code     0  startup_stm32f10x_md.o(.text)
    DMA1_Channel5_IRQHandler                 0x08000283   Thumb Code     0  startup_stm32f10x_md.o(.text)
    DMA1_Channel6_IRQHandler                 0x08000283   Thumb Code     0  startup_stm32f10x_md.o(.text)
    DMA1_Channel7_IRQHandler                 0x08000283   Thumb Code     0  startup_stm32f10x_md.o(.text)
    EXTI15_10_IRQHandler                     0x08000283   Thumb Code     0  startup_stm32f10x_md.o(.text)
    EXTI2_IRQHandler                         0x08000283   Thumb Code     0  startup_stm32f10x_md.o(.text)
    EXTI3_IRQHandler                         0x08000283   Thumb Code     0  startup_stm32f10x_md.o(.text)
    EXTI4_IRQHandler                         0x08000283   Thumb Code     0  startup_stm32f10x_md.o(.text)
    EXTI9_5_IRQHandler                       0x08000283   Thumb Code     0  startup_stm32f10x_md.o(.text)
    FLASH_IRQHandler                         0x08000283   Thumb Code     0  startup_stm32f10x_md.o(.text)
    I2C1_ER_IRQHandler                       0x08000283   Thumb Code     0  startup_stm32f10x_md.o(.text)
    I2C1_EV_IRQHandler                       0x08000283   Thumb Code     0  startup_stm32f10x_md.o(.text)
    I2C2_ER_IRQHandler                       0x08000283   Thumb Code     0  startup_stm32f10x_md.o(.text)
    I2C2_EV_IRQHandler                       0x08000283   Thumb Code     0  startup_stm32f10x_md.o(.text)
    PVD_IRQHandler                           0x08000283   Thumb Code     0  startup_stm32f10x_md.o(.text)
    RCC_IRQHandler                           0x08000283   Thumb Code     0  startup_stm32f10x_md.o(.text)
    RTCAlarm_IRQHandler                      0x08000283   Thumb Code     0  startup_stm32f10x_md.o(.text)
    RTC_IRQHandler                           0x08000283   Thumb Code     0  startup_stm32f10x_md.o(.text)
    SPI1_IRQHandler                          0x08000283   Thumb Code     0  startup_stm32f10x_md.o(.text)
    SPI2_IRQHandler                          0x08000283   Thumb Code     0  startup_stm32f10x_md.o(.text)
    TAMPER_IRQHandler                        0x08000283   Thumb Code     0  startup_stm32f10x_md.o(.text)
    TIM1_BRK_IRQHandler                      0x08000283   Thumb Code     0  startup_stm32f10x_md.o(.text)
    TIM1_CC_IRQHandler                       0x08000283   Thumb Code     0  startup_stm32f10x_md.o(.text)
    TIM1_TRG_COM_IRQHandler                  0x08000283   Thumb Code     0  startup_stm32f10x_md.o(.text)
    TIM1_UP_IRQHandler                       0x08000283   Thumb Code     0  startup_stm32f10x_md.o(.text)
    TIM4_IRQHandler                          0x08000283   Thumb Code     0  startup_stm32f10x_md.o(.text)
    USART1_IRQHandler                        0x08000283   Thumb Code     0  startup_stm32f10x_md.o(.text)
    USART2_IRQHandler                        0x08000283   Thumb Code     0  startup_stm32f10x_md.o(.text)
    USART3_IRQHandler                        0x08000283   Thumb Code     0  startup_stm32f10x_md.o(.text)
    USBWakeUp_IRQHandler                     0x08000283   Thumb Code     0  startup_stm32f10x_md.o(.text)
    USB_HP_CAN1_TX_IRQHandler                0x08000283   Thumb Code     0  startup_stm32f10x_md.o(.text)
    USB_LP_CAN1_RX0_IRQHandler               0x08000283   Thumb Code     0  startup_stm32f10x_md.o(.text)
    WWDG_IRQHandler                          0x08000283   Thumb Code     0  startup_stm32f10x_md.o(.text)
    __user_initial_stackheap                 0x08000285   Thumb Code     0  startup_stm32f10x_md.o(.text)
    malloc                                   0x080002a9   Thumb Code    94  h1_alloc.o(.text)
    free                                     0x08000307   Thumb Code    78  h1_free.o(.text)
    sprintf                                  0x08000355   Thumb Code    38  sprintf.o(.text)
    strlen                                   0x08000381   Thumb Code    62  strlen.o(.text)
    __use_two_region_memory                  0x080003bf   Thumb Code     2  heapauxi.o(.text)
    __rt_heap_escrow                         0x080003c1   Thumb Code     2  heapauxi.o(.text)
    __rt_heap_expand                         0x080003c3   Thumb Code     2  heapauxi.o(.text)
    __rt_heap_descriptor                     0x080003c5   Thumb Code     8  rt_heap_descriptor_intlibspace.o(.text)
    __use_no_heap                            0x080003cd   Thumb Code     2  hguard.o(.text)
    __heap$guard                             0x080003cf   Thumb Code     2  hguard.o(.text)
    _terminate_user_alloc                    0x080003d1   Thumb Code     2  init_alloc.o(.text)
    _init_user_alloc                         0x080003d3   Thumb Code     2  init_alloc.o(.text)
    __Heap_Full                              0x080003d5   Thumb Code    34  init_alloc.o(.text)
    __Heap_Broken                            0x080003f7   Thumb Code     6  init_alloc.o(.text)
    _init_alloc                              0x080003fd   Thumb Code    94  init_alloc.o(.text)
    __Heap_Initialize                        0x0800045b   Thumb Code     8  h1_init.o(.text)
    __Heap_DescSize                          0x08000463   Thumb Code     4  h1_init.o(.text)
    __read_errno                             0x08000467   Thumb Code    10  _rserrno.o(.text)
    __set_errno                              0x08000471   Thumb Code    12  _rserrno.o(.text)
    _printf_pre_padding                      0x0800047d   Thumb Code    44  _printf_pad.o(.text)
    _printf_post_padding                     0x080004a9   Thumb Code    34  _printf_pad.o(.text)
    _printf_truncate_signed                  0x080004cb   Thumb Code    18  _printf_truncate.o(.text)
    _printf_truncate_unsigned                0x080004dd   Thumb Code    18  _printf_truncate.o(.text)
    _printf_str                              0x080004ef   Thumb Code    82  _printf_str.o(.text)
    _printf_int_dec                          0x08000541   Thumb Code   104  _printf_dec.o(.text)
    _printf_charcount                        0x080005b9   Thumb Code    40  _printf_charcount.o(.text)
    _printf_char_common                      0x080005eb   Thumb Code    32  _printf_char_common.o(.text)
    _sputc                                   0x08000611   Thumb Code    10  _sputc.o(.text)
    _printf_wctomb                           0x0800061d   Thumb Code   182  _printf_wctomb.o(.text)
    _printf_longlong_dec                     0x080006d9   Thumb Code   108  _printf_longlong_dec.o(.text)
    _printf_longlong_oct                     0x08000755   Thumb Code    68  _printf_oct_int_ll.o(.text)
    _printf_int_oct                          0x08000799   Thumb Code    24  _printf_oct_int_ll.o(.text)
    _printf_ll_oct                           0x080007b1   Thumb Code    12  _printf_oct_int_ll.o(.text)
    _printf_longlong_hex                     0x080007c5   Thumb Code    86  _printf_hex_int_ll_ptr.o(.text)
    _printf_int_hex                          0x0800081b   Thumb Code    28  _printf_hex_int_ll_ptr.o(.text)
    _printf_ll_hex                           0x08000837   Thumb Code    12  _printf_hex_int_ll_ptr.o(.text)
    _printf_hex_ptr                          0x08000843   Thumb Code    18  _printf_hex_int_ll_ptr.o(.text)
    __printf                                 0x08000859   Thumb Code   388  __printf_flags_ss_wp.o(.text)
    __user_libspace                          0x080009e1   Thumb Code     8  libspace.o(.text)
    __user_perproc_libspace                  0x080009e1   Thumb Code     0  libspace.o(.text)
    __user_perthread_libspace                0x080009e1   Thumb Code     0  libspace.o(.text)
    __aeabi_errno_addr                       0x080009e9   Thumb Code     8  rt_errno_addr_intlibspace.o(.text)
    __errno$intlibspace                      0x080009e9   Thumb Code     0  rt_errno_addr_intlibspace.o(.text)
    __rt_errno_addr$intlibspace              0x080009e9   Thumb Code     0  rt_errno_addr_intlibspace.o(.text)
    __Heap_ProvideMemory                     0x080009f1   Thumb Code    52  h1_extend.o(.text)
    _maybe_terminate_alloc                   0x080009f1   Thumb Code     0  maybetermalloc1.o(.text)
    _ll_udiv10                               0x08000a25   Thumb Code   138  lludiv10.o(.text)
    _printf_int_common                       0x08000aaf   Thumb Code   178  _printf_intcommon.o(.text)
    _printf_fp_dec_real                      0x08000d11   Thumb Code   620  _printf_fp_dec.o(.text)
    _printf_fp_hex_real                      0x08000f7d   Thumb Code   756  _printf_fp_hex.o(.text)
    _printf_cs_common                        0x08001279   Thumb Code    20  _printf_char.o(.text)
    _printf_char                             0x0800128d   Thumb Code    16  _printf_char.o(.text)
    _printf_string                           0x0800129d   Thumb Code     8  _printf_char.o(.text)
    _printf_lcs_common                       0x080012a5   Thumb Code    20  _printf_wchar.o(.text)
    _printf_wchar                            0x080012b9   Thumb Code    16  _printf_wchar.o(.text)
    _printf_wstring                          0x080012c9   Thumb Code     8  _printf_wchar.o(.text)
    _c16rtomb                                0x080012d1   Thumb Code    72  _c16rtomb.o(.text)
    _wcrtomb                                 0x080012d1   Thumb Code     0  _c16rtomb.o(.text)
    __rt_SIGRTMEM                            0x08001319   Thumb Code    14  defsig_rtmem_outer.o(.text)
    __I$use$semihosting                      0x08001327   Thumb Code     0  use_no_semi.o(.text)
    __use_no_semihosting_swi                 0x08001327   Thumb Code     2  use_no_semi.o(.text)
    __semihosting_library_function           0x08001329   Thumb Code     0  indicate_semi.o(.text)
    __user_setup_stackheap                   0x08001329   Thumb Code    74  sys_stackheap_outer.o(.text)
    __rt_ctype_table                         0x08001375   Thumb Code    16  rt_ctype_table.o(.text)
    __rt_locale                              0x08001385   Thumb Code     8  rt_locale_intlibspace.o(.text)
    _printf_fp_infnan                        0x0800138d   Thumb Code   112  _printf_fp_infnan.o(.text)
    _btod_etento                             0x0800140d   Thumb Code   224  bigflt0.o(.text)
    exit                                     0x080014f1   Thumb Code    18  exit.o(.text)
    __sig_exit                               0x08001503   Thumb Code    10  defsig_exit.o(.text)
    __rt_SIGRTMEM_inner                      0x0800150d   Thumb Code    22  defsig_rtmem_inner.o(.text)
    _sys_exit                                0x0800155d   Thumb Code     8  sys_exit.o(.text)
    __default_signal_display                 0x08001569   Thumb Code    50  defsig_general.o(.text)
    strcmp                                   0x0800159d   Thumb Code   128  strcmpv7m.o(.text)
    _ttywrch                                 0x0800161d   Thumb Code    14  sys_wrch.o(.text)
    Delay_ms                                 0x0800162d   Thumb Code   100  mydelay.o(.text.Delay_ms)
    EXTI0_IRQHandler                         0x08001691   Thumb Code    66  mpu6050.o(.text.EXTI0_IRQHandler)
    EXTI1_IRQHandler                         0x080016d5   Thumb Code   784  mpu6050.o(.text.EXTI1_IRQHandler)
    EXTI_config                              0x080019e5   Thumb Code   182  mpu6050.o(.text.EXTI_config)
    Enter_Stop_Mode                          0x08001a9d   Thumb Code   108  mpu6050.o(.text.Enter_Stop_Mode)
    I2C1_Init                                0x08001b09   Thumb Code   186  myi2c.o(.text.I2C1_Init)
    I2C1_ReadMulti                           0x08001bc5   Thumb Code   212  myi2c.o(.text.I2C1_ReadMulti)
    I2C1_Send_Address                        0x08001c99   Thumb Code    66  myi2c.o(.text.I2C1_Send_Address)
    I2C1_Start                               0x08001cdd   Thumb Code    38  myi2c.o(.text.I2C1_Start)
    I2C1_Stop                                0x08001d05   Thumb Code    18  myi2c.o(.text.I2C1_Stop)
    I2C1_Write                               0x08001d19   Thumb Code    68  myi2c.o(.text.I2C1_Write)
    I2C1_Write_Buffer                        0x08001d5d   Thumb Code    86  myi2c.o(.text.I2C1_Write_Buffer)
    I2C1_disACK                              0x08001db5   Thumb Code    18  myi2c.o(.text.I2C1_disACK)
    I2C1_enACK                               0x08001dc9   Thumb Code    18  myi2c.o(.text.I2C1_enACK)
    I2C1_send1Byte                           0x08001ddd   Thumb Code    56  myi2c.o(.text.I2C1_send1Byte)
    LCD_Display                              0x08001e15   Thumb Code    50  mpu6050.o(.text.LCD_Display)
    LCD_I2C_Clear                            0x08001e49   Thumb Code    16  mylcd.o(.text.LCD_I2C_Clear)
    LCD_I2C_Init                             0x08001e59   Thumb Code    58  mylcd.o(.text.LCD_I2C_Init)
    LCD_I2C_Location                         0x08001e95   Thumb Code    64  mylcd.o(.text.LCD_I2C_Location)
    LCD_I2C_Write_CMD                        0x08001ed5   Thumb Code    72  mylcd.o(.text.LCD_I2C_Write_CMD)
    LCD_I2C_Write_DATA                       0x08001f1d   Thumb Code    76  mylcd.o(.text.LCD_I2C_Write_DATA)
    LCD_I2C_Write_String                     0x08001f69   Thumb Code    66  mylcd.o(.text.LCD_I2C_Write_String)
    MPU_Display                              0x08001fad   Thumb Code   134  mpu6050.o(.text.MPU_Display)
    MPU_Init                                 0x08002035   Thumb Code    82  mpu6050.o(.text.MPU_Init)
    MPU_read_multi                           0x08002089   Thumb Code    46  mpu6050.o(.text.MPU_read_multi)
    PinConfig                                0x080020b9   Thumb Code    66  mpu6050.o(.text.PinConfig)
    SysClkConf_72MHz                         0x08002229   Thumb Code   200  mysystemclockconfig.o(.text.SysClkConf_72MHz)
    SysTick_Handler                          0x080022f1   Thumb Code    32  mydelay.o(.text.SysTick_Handler)
    SystemInit                               0x08002311   Thumb Code   102  system_stm32f10x.o(.text.SystemInit)
    TIM2_IRQHandler                          0x08002379   Thumb Code    48  mpu6050.o(.text.TIM2_IRQHandler)
    TIM2_RedState                            0x080023a9   Thumb Code    46  mytimer.o(.text.TIM2_RedState)
    TIM2_SetInterrupt                        0x080023d9   Thumb Code    30  mytimer.o(.text.TIM2_SetInterrupt)
    TIM2_Setup                               0x080023f9   Thumb Code    72  mytimer.o(.text.TIM2_Setup)
    TIM3_GreenState                          0x08002441   Thumb Code    54  mytimer.o(.text.TIM3_GreenState)
    TIM3_IRQHandler                          0x08002479   Thumb Code    52  mpu6050.o(.text.TIM3_IRQHandler)
    TIM3_SetInterrupt                        0x080024ad   Thumb Code    30  mytimer.o(.text.TIM3_SetInterrupt)
    TIM3_Setup                               0x080024cd   Thumb Code    78  mytimer.o(.text.TIM3_Setup)
    detectFall                               0x0800266d   Thumb Code   262  mpu6050.o(.text.detectFall)
    main                                     0x08002775   Thumb Code   218  mpu6050.o(.text.main)
    _btod_d2e                                0x0800284f   Thumb Code    62  btod.o(CL$$btod_d2e)
    _d2e_denorm_low                          0x0800288d   Thumb Code    70  btod.o(CL$$btod_d2e_denorm_low)
    _d2e_norm_op1                            0x080028d3   Thumb Code    96  btod.o(CL$$btod_d2e_norm_op1)
    __btod_div_common                        0x08002935   Thumb Code   696  btod.o(CL$$btod_div_common)
    _e2e                                     0x08002c6d   Thumb Code   220  btod.o(CL$$btod_e2e)
    _btod_ediv                               0x08002d49   Thumb Code    42  btod.o(CL$$btod_ediv)
    _btod_emul                               0x08002d73   Thumb Code    42  btod.o(CL$$btod_emul)
    __btod_mult_common                       0x08002d9d   Thumb Code   580  btod.o(CL$$btod_mult_common)
    __ARM_fpclassify                         0x08002fe1   Thumb Code    40  fpclassify.o(i.__ARM_fpclassify)
    _is_digit                                0x08003009   Thumb Code    14  __printf_wp.o(i._is_digit)
    sqrt                                     0x08003017   Thumb Code    76  sqrt.o(i.sqrt)
    _get_lc_numeric                          0x08003065   Thumb Code    44  lc_numeric_c.o(locale$$code)
    _get_lc_ctype                            0x08003091   Thumb Code    44  lc_ctype_c.o(locale$$code)
    __aeabi_d2f                              0x080030bd   Thumb Code     0  d2f.o(x$fpl$d2f)
    _d2f                                     0x080030bd   Thumb Code    98  d2f.o(x$fpl$d2f)
    __aeabi_dadd                             0x08003121   Thumb Code     0  daddsub_clz.o(x$fpl$dadd)
    _dadd                                    0x08003121   Thumb Code   332  daddsub_clz.o(x$fpl$dadd)
    __fpl_dcmp_Inf                           0x08003271   Thumb Code    24  dcmpi.o(x$fpl$dcmpinf)
    __aeabi_ddiv                             0x08003289   Thumb Code     0  ddiv.o(x$fpl$ddiv)
    _ddiv                                    0x08003289   Thumb Code   556  ddiv.o(x$fpl$ddiv)
    __aeabi_cdcmpeq                          0x0800353d   Thumb Code     0  deqf.o(x$fpl$deqf)
    _dcmpeq                                  0x0800353d   Thumb Code   120  deqf.o(x$fpl$deqf)
    __aeabi_cdcmpge                          0x080035b5   Thumb Code     0  dgeqf.o(x$fpl$dgeqf)
    _dcmpge                                  0x080035b5   Thumb Code   120  dgeqf.o(x$fpl$dgeqf)
    __aeabi_cdcmple                          0x0800362d   Thumb Code     0  dleqf.o(x$fpl$dleqf)
    _dcmple                                  0x0800362d   Thumb Code   120  dleqf.o(x$fpl$dleqf)
    __fpl_dcmple_InfNaN                      0x0800368f   Thumb Code     0  dleqf.o(x$fpl$dleqf)
    __aeabi_dmul                             0x080036a5   Thumb Code     0  dmul.o(x$fpl$dmul)
    _dmul                                    0x080036a5   Thumb Code   332  dmul.o(x$fpl$dmul)
    __fpl_dnaninf                            0x080037f9   Thumb Code   156  dnaninf.o(x$fpl$dnaninf)
    __fpl_dretinf                            0x08003895   Thumb Code    12  dretinf.o(x$fpl$dretinf)
    _dsqrt                                   0x080038a1   Thumb Code   456  dsqrt_noumaal.o(x$fpl$dsqrt)
    __aeabi_dsub                             0x08003a6d   Thumb Code     0  daddsub_clz.o(x$fpl$dsub)
    _dsub                                    0x08003a6d   Thumb Code   472  daddsub_clz.o(x$fpl$dsub)
    __aeabi_f2d                              0x08003c49   Thumb Code     0  f2d.o(x$fpl$f2d)
    _f2d                                     0x08003c49   Thumb Code    86  f2d.o(x$fpl$f2d)
    __aeabi_fadd                             0x08003ca1   Thumb Code     0  faddsub_clz.o(x$fpl$fadd)
    _fadd                                    0x08003ca1   Thumb Code   196  faddsub_clz.o(x$fpl$fadd)
    __aeabi_dcmpeq                           0x08003d65   Thumb Code     0  dcmp.o(x$fpl$fcmp)
    _deq                                     0x08003d65   Thumb Code    14  dcmp.o(x$fpl$fcmp)
    _dneq                                    0x08003d73   Thumb Code    14  dcmp.o(x$fpl$fcmp)
    __aeabi_dcmpgt                           0x08003d81   Thumb Code     0  dcmp.o(x$fpl$fcmp)
    _dgr                                     0x08003d81   Thumb Code    14  dcmp.o(x$fpl$fcmp)
    __aeabi_dcmpge                           0x08003d8f   Thumb Code     0  dcmp.o(x$fpl$fcmp)
    _dgeq                                    0x08003d8f   Thumb Code    14  dcmp.o(x$fpl$fcmp)
    __aeabi_dcmple                           0x08003d9d   Thumb Code     0  dcmp.o(x$fpl$fcmp)
    _dleq                                    0x08003d9d   Thumb Code    14  dcmp.o(x$fpl$fcmp)
    __aeabi_dcmplt                           0x08003dab   Thumb Code     0  dcmp.o(x$fpl$fcmp)
    _dls                                     0x08003dab   Thumb Code    14  dcmp.o(x$fpl$fcmp)
    __aeabi_i2f                              0x08003db9   Thumb Code     0  fflt_clz.o(x$fpl$fflt)
    _fflt                                    0x08003db9   Thumb Code    48  fflt_clz.o(x$fpl$fflt)
    __aeabi_fmul                             0x08003de9   Thumb Code     0  fmul.o(x$fpl$fmul)
    _fmul                                    0x08003de9   Thumb Code   258  fmul.o(x$fpl$fmul)
    __fpl_fnaninf                            0x08003eeb   Thumb Code   140  fnaninf.o(x$fpl$fnaninf)
    __fpl_fretinf                            0x08003f77   Thumb Code    10  fretinf.o(x$fpl$fretinf)
    __aeabi_fsub                             0x08003f81   Thumb Code     0  faddsub_clz.o(x$fpl$fsub)
    _fsub                                    0x08003f81   Thumb Code   234  faddsub_clz.o(x$fpl$fsub)
    _printf_fp_dec                           0x0800406b   Thumb Code     4  printf1.o(x$fpl$printf1)
    _printf_fp_hex                           0x0800406f   Thumb Code     4  printf2.o(x$fpl$printf2)
    __I$use$fp                               0x08004072   Number         0  usenofp.o(x$fpl$usenofp)
    Region$$Table$$Base                      0x08004184   Number         0  anon$$obj.o(Region$$Table)
    Region$$Table$$Limit                     0x080041a4   Number         0  anon$$obj.o(Region$$Table)
    __ctype                                  0x080041cd   Data           0  lc_ctype_c.o(locale$$data)
    State                                    0x20000000   Data           1  mpu6050.o(.data.State)
    __libspace_start                         0x20000008   Data          96  libspace.o(.bss)
    __temporary_stack_top$libspace           0x20000068   Data           0  libspace.o(.bss)



==============================================================================

Memory Map of the image

  Image Entry point : 0x08000269

  Load Region LR_1 (Base: 0x08000000, Size: 0x000042d4, Max: 0xffffffff, ABSOLUTE)

    Execution Region ER_RO (Exec base: 0x08000000, Load base: 0x08000000, Size: 0x000042d0, Max: 0xffffffff, ABSOLUTE)

    Exec Addr    Load Addr    Size         Type   Attr      Idx    E Section Name        Object

    0x08000000   0x08000000   0x000000ec   Data   RO          167    RESET               startup_stm32f10x_md.o
    0x080000ec   0x080000ec   0x00000008   Code   RO          261  * !!!main             c_w.l(__main.o)
    0x080000f4   0x080000f4   0x0000005c   Code   RO          703    !!!scatter          c_w.l(__scatter.o)
    0x08000150   0x08000150   0x0000001a   Code   RO          707    !!handler_copy      c_w.l(__scatter_copy.o)
    0x0800016a   0x0800016a   0x00000002   PAD
    0x0800016c   0x0800016c   0x00000002   Code   RO          704    !!handler_null      c_w.l(__scatter.o)
    0x0800016e   0x0800016e   0x00000002   PAD
    0x08000170   0x08000170   0x0000001c   Code   RO          709    !!handler_zi        c_w.l(__scatter_zi.o)
    0x0800018c   0x0800018c   0x00000000   Code   RO          408    .ARM.Collect$$_printf_percent$$00000000  c_w.l(_printf_percent.o)
    0x0800018c   0x0800018c   0x00000006   Code   RO          397    .ARM.Collect$$_printf_percent$$00000001  c_w.l(_printf_n.o)
    0x08000192   0x08000192   0x00000006   Code   RO          399    .ARM.Collect$$_printf_percent$$00000002  c_w.l(_printf_p.o)
    0x08000198   0x08000198   0x00000006   Code   RO          404    .ARM.Collect$$_printf_percent$$00000003  c_w.l(_printf_f.o)
    0x0800019e   0x0800019e   0x00000006   Code   RO          405    .ARM.Collect$$_printf_percent$$00000004  c_w.l(_printf_e.o)
    0x080001a4   0x080001a4   0x00000006   Code   RO          406    .ARM.Collect$$_printf_percent$$00000005  c_w.l(_printf_g.o)
    0x080001aa   0x080001aa   0x00000006   Code   RO          407    .ARM.Collect$$_printf_percent$$00000006  c_w.l(_printf_a.o)
    0x080001b0   0x080001b0   0x0000000a   Code   RO          412    .ARM.Collect$$_printf_percent$$00000007  c_w.l(_printf_ll.o)
    0x080001ba   0x080001ba   0x00000006   Code   RO          401    .ARM.Collect$$_printf_percent$$00000008  c_w.l(_printf_i.o)
    0x080001c0   0x080001c0   0x00000006   Code   RO          402    .ARM.Collect$$_printf_percent$$00000009  c_w.l(_printf_d.o)
    0x080001c6   0x080001c6   0x00000006   Code   RO          403    .ARM.Collect$$_printf_percent$$0000000A  c_w.l(_printf_u.o)
    0x080001cc   0x080001cc   0x00000006   Code   RO          400    .ARM.Collect$$_printf_percent$$0000000B  c_w.l(_printf_o.o)
    0x080001d2   0x080001d2   0x00000006   Code   RO          398    .ARM.Collect$$_printf_percent$$0000000C  c_w.l(_printf_x.o)
    0x080001d8   0x080001d8   0x00000006   Code   RO          409    .ARM.Collect$$_printf_percent$$0000000D  c_w.l(_printf_lli.o)
    0x080001de   0x080001de   0x00000006   Code   RO          410    .ARM.Collect$$_printf_percent$$0000000E  c_w.l(_printf_lld.o)
    0x080001e4   0x080001e4   0x00000006   Code   RO          411    .ARM.Collect$$_printf_percent$$0000000F  c_w.l(_printf_llu.o)
    0x080001ea   0x080001ea   0x00000006   Code   RO          416    .ARM.Collect$$_printf_percent$$00000010  c_w.l(_printf_llo.o)
    0x080001f0   0x080001f0   0x00000006   Code   RO          417    .ARM.Collect$$_printf_percent$$00000011  c_w.l(_printf_llx.o)
    0x080001f6   0x080001f6   0x0000000a   Code   RO          413    .ARM.Collect$$_printf_percent$$00000012  c_w.l(_printf_l.o)
    0x08000200   0x08000200   0x00000006   Code   RO          395    .ARM.Collect$$_printf_percent$$00000013  c_w.l(_printf_c.o)
    0x08000206   0x08000206   0x00000006   Code   RO          396    .ARM.Collect$$_printf_percent$$00000014  c_w.l(_printf_s.o)
    0x0800020c   0x0800020c   0x00000006   Code   RO          414    .ARM.Collect$$_printf_percent$$00000015  c_w.l(_printf_lc.o)
    0x08000212   0x08000212   0x00000006   Code   RO          415    .ARM.Collect$$_printf_percent$$00000016  c_w.l(_printf_ls.o)
    0x08000218   0x08000218   0x00000004   Code   RO          546    .ARM.Collect$$_printf_percent$$00000017  c_w.l(_printf_percent_end.o)
    0x0800021c   0x0800021c   0x00000002   Code   RO          625    .ARM.Collect$$libinit$$00000000  c_w.l(libinit.o)
    0x0800021e   0x0800021e   0x00000000   Code   RO          423    .ARM.Collect$$libinit$$00000002  c_w.l(libinit2.o)
    0x0800021e   0x0800021e   0x00000000   Code   RO          425    .ARM.Collect$$libinit$$00000004  c_w.l(libinit2.o)
    0x0800021e   0x0800021e   0x00000000   Code   RO          427    .ARM.Collect$$libinit$$00000006  c_w.l(libinit2.o)
    0x0800021e   0x0800021e   0x00000008   Code   RO          428    .ARM.Collect$$libinit$$00000007  c_w.l(libinit2.o)
    0x08000226   0x08000226   0x00000000   Code   RO          430    .ARM.Collect$$libinit$$0000000C  c_w.l(libinit2.o)
    0x08000226   0x08000226   0x00000000   Code   RO          432    .ARM.Collect$$libinit$$0000000E  c_w.l(libinit2.o)
    0x08000226   0x08000226   0x00000000   Code   RO          434    .ARM.Collect$$libinit$$00000010  c_w.l(libinit2.o)
    0x08000226   0x08000226   0x00000006   Code   RO          435    .ARM.Collect$$libinit$$00000011  c_w.l(libinit2.o)
    0x0800022c   0x0800022c   0x00000000   Code   RO          437    .ARM.Collect$$libinit$$00000013  c_w.l(libinit2.o)
    0x0800022c   0x0800022c   0x0000000c   Code   RO          438    .ARM.Collect$$libinit$$00000014  c_w.l(libinit2.o)
    0x08000238   0x08000238   0x00000000   Code   RO          439    .ARM.Collect$$libinit$$00000015  c_w.l(libinit2.o)
    0x08000238   0x08000238   0x00000000   Code   RO          441    .ARM.Collect$$libinit$$00000017  c_w.l(libinit2.o)
    0x08000238   0x08000238   0x0000000a   Code   RO          442    .ARM.Collect$$libinit$$00000018  c_w.l(libinit2.o)
    0x08000242   0x08000242   0x00000000   Code   RO          443    .ARM.Collect$$libinit$$00000019  c_w.l(libinit2.o)
    0x08000242   0x08000242   0x00000000   Code   RO          445    .ARM.Collect$$libinit$$0000001B  c_w.l(libinit2.o)
    0x08000242   0x08000242   0x00000000   Code   RO          447    .ARM.Collect$$libinit$$0000001D  c_w.l(libinit2.o)
    0x08000242   0x08000242   0x00000000   Code   RO          449    .ARM.Collect$$libinit$$0000001F  c_w.l(libinit2.o)
    0x08000242   0x08000242   0x00000000   Code   RO          451    .ARM.Collect$$libinit$$00000021  c_w.l(libinit2.o)
    0x08000242   0x08000242   0x00000000   Code   RO          453    .ARM.Collect$$libinit$$00000023  c_w.l(libinit2.o)
    0x08000242   0x08000242   0x00000000   Code   RO          455    .ARM.Collect$$libinit$$00000025  c_w.l(libinit2.o)
    0x08000242   0x08000242   0x00000000   Code   RO          457    .ARM.Collect$$libinit$$00000027  c_w.l(libinit2.o)
    0x08000242   0x08000242   0x00000000   Code   RO          461    .ARM.Collect$$libinit$$0000002E  c_w.l(libinit2.o)
    0x08000242   0x08000242   0x00000000   Code   RO          463    .ARM.Collect$$libinit$$00000030  c_w.l(libinit2.o)
    0x08000242   0x08000242   0x00000000   Code   RO          465    .ARM.Collect$$libinit$$00000032  c_w.l(libinit2.o)
    0x08000242   0x08000242   0x00000000   Code   RO          467    .ARM.Collect$$libinit$$00000034  c_w.l(libinit2.o)
    0x08000242   0x08000242   0x00000002   Code   RO          468    .ARM.Collect$$libinit$$00000035  c_w.l(libinit2.o)
    0x08000244   0x08000244   0x00000002   Code   RO          700    .ARM.Collect$$libshutdown$$00000000  c_w.l(libshutdown.o)
    0x08000246   0x08000246   0x00000000   Code   RO          652    .ARM.Collect$$libshutdown$$00000002  c_w.l(libshutdown2.o)
    0x08000246   0x08000246   0x00000000   Code   RO          654    .ARM.Collect$$libshutdown$$00000004  c_w.l(libshutdown2.o)
    0x08000246   0x08000246   0x00000000   Code   RO          657    .ARM.Collect$$libshutdown$$00000007  c_w.l(libshutdown2.o)
    0x08000246   0x08000246   0x00000000   Code   RO          660    .ARM.Collect$$libshutdown$$0000000A  c_w.l(libshutdown2.o)
    0x08000246   0x08000246   0x00000000   Code   RO          662    .ARM.Collect$$libshutdown$$0000000C  c_w.l(libshutdown2.o)
    0x08000246   0x08000246   0x00000000   Code   RO          665    .ARM.Collect$$libshutdown$$0000000F  c_w.l(libshutdown2.o)
    0x08000246   0x08000246   0x00000002   Code   RO          666    .ARM.Collect$$libshutdown$$00000010  c_w.l(libshutdown2.o)
    0x08000248   0x08000248   0x00000000   Code   RO          301    .ARM.Collect$$rtentry$$00000000  c_w.l(__rtentry.o)
    0x08000248   0x08000248   0x00000000   Code   RO          502    .ARM.Collect$$rtentry$$00000002  c_w.l(__rtentry2.o)
    0x08000248   0x08000248   0x00000006   Code   RO          514    .ARM.Collect$$rtentry$$00000004  c_w.l(__rtentry4.o)
    0x0800024e   0x0800024e   0x00000000   Code   RO          504    .ARM.Collect$$rtentry$$00000009  c_w.l(__rtentry2.o)
    0x0800024e   0x0800024e   0x00000004   Code   RO          505    .ARM.Collect$$rtentry$$0000000A  c_w.l(__rtentry2.o)
    0x08000252   0x08000252   0x00000000   Code   RO          507    .ARM.Collect$$rtentry$$0000000C  c_w.l(__rtentry2.o)
    0x08000252   0x08000252   0x00000008   Code   RO          508    .ARM.Collect$$rtentry$$0000000D  c_w.l(__rtentry2.o)
    0x0800025a   0x0800025a   0x00000002   Code   RO          634    .ARM.Collect$$rtexit$$00000000  c_w.l(rtexit.o)
    0x0800025c   0x0800025c   0x00000000   Code   RO          672    .ARM.Collect$$rtexit$$00000002  c_w.l(rtexit2.o)
    0x0800025c   0x0800025c   0x00000004   Code   RO          673    .ARM.Collect$$rtexit$$00000003  c_w.l(rtexit2.o)
    0x08000260   0x08000260   0x00000006   Code   RO          674    .ARM.Collect$$rtexit$$00000004  c_w.l(rtexit2.o)
    0x08000266   0x08000266   0x00000002   PAD
    0x08000268   0x08000268   0x00000040   Code   RO          168  * .text               startup_stm32f10x_md.o
    0x080002a8   0x080002a8   0x0000005e   Code   RO          197    .text               c_w.l(h1_alloc.o)
    0x08000306   0x08000306   0x0000004e   Code   RO          199    .text               c_w.l(h1_free.o)
    0x08000354   0x08000354   0x0000002c   Code   RO          255    .text               c_w.l(sprintf.o)
    0x08000380   0x08000380   0x0000003e   Code   RO          257    .text               c_w.l(strlen.o)
    0x080003be   0x080003be   0x00000006   Code   RO          259    .text               c_w.l(heapauxi.o)
    0x080003c4   0x080003c4   0x00000008   Code   RO          305    .text               c_w.l(rt_heap_descriptor_intlibspace.o)
    0x080003cc   0x080003cc   0x00000004   Code   RO          307    .text               c_w.l(hguard.o)
    0x080003d0   0x080003d0   0x0000008a   Code   RO          309    .text               c_w.l(init_alloc.o)
    0x0800045a   0x0800045a   0x0000000c   Code   RO          313    .text               c_w.l(h1_init.o)
    0x08000466   0x08000466   0x00000016   Code   RO          325    .text               c_w.l(_rserrno.o)
    0x0800047c   0x0800047c   0x0000004e   Code   RO          329    .text               c_w.l(_printf_pad.o)
    0x080004ca   0x080004ca   0x00000024   Code   RO          331    .text               c_w.l(_printf_truncate.o)
    0x080004ee   0x080004ee   0x00000052   Code   RO          333    .text               c_w.l(_printf_str.o)
    0x08000540   0x08000540   0x00000078   Code   RO          335    .text               c_w.l(_printf_dec.o)
    0x080005b8   0x080005b8   0x00000028   Code   RO          337    .text               c_w.l(_printf_charcount.o)
    0x080005e0   0x080005e0   0x00000030   Code   RO          339    .text               c_w.l(_printf_char_common.o)
    0x08000610   0x08000610   0x0000000a   Code   RO          341    .text               c_w.l(_sputc.o)
    0x0800061a   0x0800061a   0x00000002   PAD
    0x0800061c   0x0800061c   0x000000bc   Code   RO          343    .text               c_w.l(_printf_wctomb.o)
    0x080006d8   0x080006d8   0x0000007c   Code   RO          346    .text               c_w.l(_printf_longlong_dec.o)
    0x08000754   0x08000754   0x00000070   Code   RO          352    .text               c_w.l(_printf_oct_int_ll.o)
    0x080007c4   0x080007c4   0x00000094   Code   RO          372    .text               c_w.l(_printf_hex_int_ll_ptr.o)
    0x08000858   0x08000858   0x00000188   Code   RO          392    .text               c_w.l(__printf_flags_ss_wp.o)
    0x080009e0   0x080009e0   0x00000008   Code   RO          498    .text               c_w.l(libspace.o)
    0x080009e8   0x080009e8   0x00000008   Code   RO          519    .text               c_w.l(rt_errno_addr_intlibspace.o)
    0x080009f0   0x080009f0   0x00000000   Code   RO          523    .text               c_w.l(maybetermalloc1.o)
    0x080009f0   0x080009f0   0x00000034   Code   RO          525    .text               c_w.l(h1_extend.o)
    0x08000a24   0x08000a24   0x0000008a   Code   RO          529    .text               c_w.l(lludiv10.o)
    0x08000aae   0x08000aae   0x000000b2   Code   RO          531    .text               c_w.l(_printf_intcommon.o)
    0x08000b60   0x08000b60   0x0000041c   Code   RO          533    .text               c_w.l(_printf_fp_dec.o)
    0x08000f7c   0x08000f7c   0x000002fc   Code   RO          537    .text               c_w.l(_printf_fp_hex.o)
    0x08001278   0x08001278   0x0000002c   Code   RO          542    .text               c_w.l(_printf_char.o)
    0x080012a4   0x080012a4   0x0000002c   Code   RO          544    .text               c_w.l(_printf_wchar.o)
    0x080012d0   0x080012d0   0x00000048   Code   RO          547    .text               c_w.l(_c16rtomb.o)
    0x08001318   0x08001318   0x0000000e   Code   RO          549    .text               c_w.l(defsig_rtmem_outer.o)
    0x08001326   0x08001326   0x00000002   Code   RO          562    .text               c_w.l(use_no_semi.o)
    0x08001328   0x08001328   0x00000000   Code   RO          564    .text               c_w.l(indicate_semi.o)
    0x08001328   0x08001328   0x0000004a   Code   RO          565    .text               c_w.l(sys_stackheap_outer.o)
    0x08001372   0x08001372   0x00000002   PAD
    0x08001374   0x08001374   0x00000010   Code   RO          567    .text               c_w.l(rt_ctype_table.o)
    0x08001384   0x08001384   0x00000008   Code   RO          574    .text               c_w.l(rt_locale_intlibspace.o)
    0x0800138c   0x0800138c   0x00000080   Code   RO          578    .text               c_w.l(_printf_fp_infnan.o)
    0x0800140c   0x0800140c   0x000000e4   Code   RO          580    .text               c_w.l(bigflt0.o)
    0x080014f0   0x080014f0   0x00000012   Code   RO          610    .text               c_w.l(exit.o)
    0x08001502   0x08001502   0x0000000a   Code   RO          612    .text               c_w.l(defsig_exit.o)
    0x0800150c   0x0800150c   0x00000050   Code   RO          614    .text               c_w.l(defsig_rtmem_inner.o)
    0x0800155c   0x0800155c   0x0000000c   Code   RO          630    .text               c_w.l(sys_exit.o)
    0x08001568   0x08001568   0x00000032   Code   RO          647    .text               c_w.l(defsig_general.o)
    0x0800159a   0x0800159a   0x00000002   PAD
    0x0800159c   0x0800159c   0x00000080   Code   RO          649    .text               c_w.l(strcmpv7m.o)
    0x0800161c   0x0800161c   0x0000000e   Code   RO          667    .text               c_w.l(sys_wrch.o)
    0x0800162a   0x0800162a   0x00000002   PAD
    0x0800162c   0x0800162c   0x00000064   Code   RO           66    .text.Delay_ms      mydelay.o
    0x08001690   0x08001690   0x00000042   Code   RO           22    .text.EXTI0_IRQHandler  mpu6050.o
    0x080016d2   0x080016d2   0x00000002   PAD
    0x080016d4   0x080016d4   0x00000310   Code   RO           24    .text.EXTI1_IRQHandler  mpu6050.o
    0x080019e4   0x080019e4   0x000000b6   Code   RO           10    .text.EXTI_config   mpu6050.o
    0x08001a9a   0x08001a9a   0x00000002   PAD
    0x08001a9c   0x08001a9c   0x0000006c   Code   RO           12    .text.Enter_Stop_Mode  mpu6050.o
    0x08001b08   0x08001b08   0x000000ba   Code   RO           78    .text.I2C1_Init     myi2c.o
    0x08001bc2   0x08001bc2   0x00000002   PAD
    0x08001bc4   0x08001bc4   0x000000d4   Code   RO           98    .text.I2C1_ReadMulti  myi2c.o
    0x08001c98   0x08001c98   0x00000042   Code   RO           86    .text.I2C1_Send_Address  myi2c.o
    0x08001cda   0x08001cda   0x00000002   PAD
    0x08001cdc   0x08001cdc   0x00000026   Code   RO           80    .text.I2C1_Start    myi2c.o
    0x08001d02   0x08001d02   0x00000002   PAD
    0x08001d04   0x08001d04   0x00000012   Code   RO           82    .text.I2C1_Stop     myi2c.o
    0x08001d16   0x08001d16   0x00000002   PAD
    0x08001d18   0x08001d18   0x00000044   Code   RO           84    .text.I2C1_Write    myi2c.o
    0x08001d5c   0x08001d5c   0x00000056   Code   RO           88    .text.I2C1_Write_Buffer  myi2c.o
    0x08001db2   0x08001db2   0x00000002   PAD
    0x08001db4   0x08001db4   0x00000012   Code   RO           92    .text.I2C1_disACK   myi2c.o
    0x08001dc6   0x08001dc6   0x00000002   PAD
    0x08001dc8   0x08001dc8   0x00000012   Code   RO           90    .text.I2C1_enACK    myi2c.o
    0x08001dda   0x08001dda   0x00000002   PAD
    0x08001ddc   0x08001ddc   0x00000038   Code   RO           94    .text.I2C1_send1Byte  myi2c.o
    0x08001e14   0x08001e14   0x00000032   Code   RO            6    .text.LCD_Display   mpu6050.o
    0x08001e46   0x08001e46   0x00000002   PAD
    0x08001e48   0x08001e48   0x00000010   Code   RO          113    .text.LCD_I2C_Clear  mylcd.o
    0x08001e58   0x08001e58   0x0000003a   Code   RO          111    .text.LCD_I2C_Init  mylcd.o
    0x08001e92   0x08001e92   0x00000002   PAD
    0x08001e94   0x08001e94   0x00000040   Code   RO          115    .text.LCD_I2C_Location  mylcd.o
    0x08001ed4   0x08001ed4   0x00000048   Code   RO          107    .text.LCD_I2C_Write_CMD  mylcd.o
    0x08001f1c   0x08001f1c   0x0000004c   Code   RO          109    .text.LCD_I2C_Write_DATA  mylcd.o
    0x08001f68   0x08001f68   0x00000042   Code   RO          117    .text.LCD_I2C_Write_String  mylcd.o
    0x08001faa   0x08001faa   0x00000002   PAD
    0x08001fac   0x08001fac   0x00000086   Code   RO           28    .text.MPU_Display   mpu6050.o
    0x08002032   0x08002032   0x00000002   PAD
    0x08002034   0x08002034   0x00000052   Code   RO            8    .text.MPU_Init      mpu6050.o
    0x08002086   0x08002086   0x00000002   PAD
    0x08002088   0x08002088   0x0000002e   Code   RO           26    .text.MPU_read_multi  mpu6050.o
    0x080020b6   0x080020b6   0x00000002   PAD
    0x080020b8   0x080020b8   0x00000042   Code   RO            4    .text.PinConfig     mpu6050.o
    0x080020fa   0x080020fa   0x00000002   PAD
    0x080020fc   0x080020fc   0x00000008   Code   RO          177    .text.SetSysClock   system_stm32f10x.o
    0x08002104   0x08002104   0x00000122   Code   RO          181    .text.SetSysClockTo72  system_stm32f10x.o
    0x08002226   0x08002226   0x00000002   PAD
    0x08002228   0x08002228   0x000000c8   Code   RO          129    .text.SysClkConf_72MHz  mysystemclockconfig.o
    0x080022f0   0x080022f0   0x00000020   Code   RO           68    .text.SysTick_Handler  mydelay.o
    0x08002310   0x08002310   0x00000066   Code   RO          175    .text.SystemInit    system_stm32f10x.o
    0x08002376   0x08002376   0x00000002   PAD
    0x08002378   0x08002378   0x00000030   Code   RO           34    .text.TIM2_IRQHandler  mpu6050.o
    0x080023a8   0x080023a8   0x0000002e   Code   RO          149    .text.TIM2_RedState  mytimer.o
    0x080023d6   0x080023d6   0x00000002   PAD
    0x080023d8   0x080023d8   0x0000001e   Code   RO          139    .text.TIM2_SetInterrupt  mytimer.o
    0x080023f6   0x080023f6   0x00000002   PAD
    0x080023f8   0x080023f8   0x00000048   Code   RO          137    .text.TIM2_Setup    mytimer.o
    0x08002440   0x08002440   0x00000036   Code   RO          157    .text.TIM3_GreenState  mytimer.o
    0x08002476   0x08002476   0x00000002   PAD
    0x08002478   0x08002478   0x00000034   Code   RO           36    .text.TIM3_IRQHandler  mpu6050.o
    0x080024ac   0x080024ac   0x0000001e   Code   RO          153    .text.TIM3_SetInterrupt  mytimer.o
    0x080024ca   0x080024ca   0x00000002   PAD
    0x080024cc   0x080024cc   0x0000004e   Code   RO          151    .text.TIM3_Setup    mytimer.o
    0x0800251a   0x0800251a   0x00000002   PAD
    0x0800251c   0x0800251c   0x00000038   Code   RO           20    .text.__NVIC_DisableIRQ  mpu6050.o
    0x08002554   0x08002554   0x00000030   Code   RO           18    .text.__NVIC_EnableIRQ  mpu6050.o
    0x08002584   0x08002584   0x00000030   Code   RO          143    .text.__NVIC_EnableIRQ  mytimer.o
    0x080025b4   0x080025b4   0x00000030   Code   RO           16    .text.__NVIC_SetPendingIRQ  mpu6050.o
    0x080025e4   0x080025e4   0x00000042   Code   RO           14    .text.__NVIC_SetPriority  mpu6050.o
    0x08002626   0x08002626   0x00000002   PAD
    0x08002628   0x08002628   0x00000042   Code   RO          141    .text.__NVIC_SetPriority  mytimer.o
    0x0800266a   0x0800266a   0x00000002   PAD
    0x0800266c   0x0800266c   0x00000106   Code   RO           30    .text.detectFall    mpu6050.o
    0x08002772   0x08002772   0x00000002   PAD
    0x08002774   0x08002774   0x000000da   Code   RO            2    .text.main          mpu6050.o
    0x0800284e   0x0800284e   0x0000003e   Code   RO          583    CL$$btod_d2e        c_w.l(btod.o)
    0x0800288c   0x0800288c   0x00000046   Code   RO          585    CL$$btod_d2e_denorm_low  c_w.l(btod.o)
    0x080028d2   0x080028d2   0x00000060   Code   RO          584    CL$$btod_d2e_norm_op1  c_w.l(btod.o)
    0x08002932   0x08002932   0x00000002   PAD
    0x08002934   0x08002934   0x00000338   Code   RO          593    CL$$btod_div_common  c_w.l(btod.o)
    0x08002c6c   0x08002c6c   0x000000dc   Code   RO          590    CL$$btod_e2e        c_w.l(btod.o)
    0x08002d48   0x08002d48   0x0000002a   Code   RO          587    CL$$btod_ediv       c_w.l(btod.o)
    0x08002d72   0x08002d72   0x0000002a   Code   RO          586    CL$$btod_emul       c_w.l(btod.o)
    0x08002d9c   0x08002d9c   0x00000244   Code   RO          592    CL$$btod_mult_common  c_w.l(btod.o)
    0x08002fe0   0x08002fe0   0x00000028   Code   RO          628    i.__ARM_fpclassify  m_ws.l(fpclassify.o)
    0x08003008   0x08003008   0x0000000e   Code   RO          385    i._is_digit         c_w.l(__printf_wp.o)
    0x08003016   0x08003016   0x0000004c   Code   RO          296    i.sqrt              m_ws.l(sqrt.o)
    0x08003062   0x08003062   0x00000002   PAD
    0x08003064   0x08003064   0x0000002c   Code   RO          608    locale$$code        c_w.l(lc_numeric_c.o)
    0x08003090   0x08003090   0x0000002c   Code   RO          643    locale$$code        c_w.l(lc_ctype_c.o)
    0x080030bc   0x080030bc   0x00000062   Code   RO          263    x$fpl$d2f           fz_ws.l(d2f.o)
    0x0800311e   0x0800311e   0x00000002   PAD
    0x08003120   0x08003120   0x00000150   Code   RO          265    x$fpl$dadd          fz_ws.l(daddsub_clz.o)
    0x08003270   0x08003270   0x00000018   Code   RO          558    x$fpl$dcmpinf       fz_ws.l(dcmpi.o)
    0x08003288   0x08003288   0x000002b4   Code   RO          274    x$fpl$ddiv          fz_ws.l(ddiv.o)
    0x0800353c   0x0800353c   0x00000078   Code   RO          469    x$fpl$deqf          fz_ws.l(deqf.o)
    0x080035b4   0x080035b4   0x00000078   Code   RO          471    x$fpl$dgeqf         fz_ws.l(dgeqf.o)
    0x0800362c   0x0800362c   0x00000078   Code   RO          473    x$fpl$dleqf         fz_ws.l(dleqf.o)
    0x080036a4   0x080036a4   0x00000154   Code   RO          277    x$fpl$dmul          fz_ws.l(dmul.o)
    0x080037f8   0x080037f8   0x0000009c   Code   RO          475    x$fpl$dnaninf       fz_ws.l(dnaninf.o)
    0x08003894   0x08003894   0x0000000c   Code   RO          477    x$fpl$dretinf       fz_ws.l(dretinf.o)
    0x080038a0   0x080038a0   0x000001cc   Code   RO          479    x$fpl$dsqrt         fz_ws.l(dsqrt_noumaal.o)
    0x08003a6c   0x08003a6c   0x000001dc   Code   RO          267    x$fpl$dsub          fz_ws.l(daddsub_clz.o)
    0x08003c48   0x08003c48   0x00000056   Code   RO          279    x$fpl$f2d           fz_ws.l(f2d.o)
    0x08003c9e   0x08003c9e   0x00000002   PAD
    0x08003ca0   0x08003ca0   0x000000c4   Code   RO          281    x$fpl$fadd          fz_ws.l(faddsub_clz.o)
    0x08003d64   0x08003d64   0x00000054   Code   RO          271    x$fpl$fcmp          fz_ws.l(dcmp.o)
    0x08003db8   0x08003db8   0x00000030   Code   RO          288    x$fpl$fflt          fz_ws.l(fflt_clz.o)
    0x08003de8   0x08003de8   0x00000102   Code   RO          293    x$fpl$fmul          fz_ws.l(fmul.o)
    0x08003eea   0x08003eea   0x0000008c   Code   RO          481    x$fpl$fnaninf       fz_ws.l(fnaninf.o)
    0x08003f76   0x08003f76   0x0000000a   Code   RO          483    x$fpl$fretinf       fz_ws.l(fretinf.o)
    0x08003f80   0x08003f80   0x000000ea   Code   RO          283    x$fpl$fsub          fz_ws.l(faddsub_clz.o)
    0x0800406a   0x0800406a   0x00000004   Code   RO          485    x$fpl$printf1       fz_ws.l(printf1.o)
    0x0800406e   0x0800406e   0x00000004   Code   RO          487    x$fpl$printf2       fz_ws.l(printf2.o)
    0x08004072   0x08004072   0x00000000   Code   RO          493    x$fpl$usenofp       fz_ws.l(usenofp.o)
    0x08004072   0x08004072   0x00000002   PAD
    0x08004074   0x08004074   0x00000008   Data   RO          344    .constdata          c_w.l(_printf_wctomb.o)
    0x0800407c   0x0800407c   0x00000028   Data   RO          373    .constdata          c_w.l(_printf_hex_int_ll_ptr.o)
    0x080040a4   0x080040a4   0x00000011   Data   RO          393    .constdata          c_w.l(__printf_flags_ss_wp.o)
    0x080040b5   0x080040b5   0x00000026   Data   RO          538    .constdata          c_w.l(_printf_fp_hex.o)
    0x080040db   0x080040db   0x00000001   PAD
    0x080040dc   0x080040dc   0x00000094   Data   RO          581    .constdata          c_w.l(bigflt0.o)
    0x08004170   0x08004170   0x00000012   Data   RO           55    .rodata.str1.1      mpu6050.o
    0x08004182   0x08004182   0x00000002   PAD
    0x08004184   0x08004184   0x00000020   Data   RO          702    Region$$Table       anon$$obj.o
    0x080041a4   0x080041a4   0x0000001c   Data   RO          607    locale$$data        c_w.l(lc_numeric_c.o)
    0x080041c0   0x080041c0   0x00000110   Data   RO          642    locale$$data        c_w.l(lc_ctype_c.o)


    Execution Region ER_RW (Exec base: 0x20000000, Load base: 0x080042d0, Size: 0x00000004, Max: 0xffffffff, ABSOLUTE)

    Exec Addr    Load Addr    Size         Type   Attr      Idx    E Section Name        Object

    0x20000000   0x080042d0   0x00000001   Data   RW           38    .data.State         mpu6050.o


    Execution Region ER_ZI (Exec base: 0x20000008, Load base: 0x080042d4, Size: 0x000006b0, Max: 0xffffffff, ABSOLUTE)

    Exec Addr    Load Addr    Size         Type   Attr      Idx    E Section Name        Object

    0x20000008        -       0x00000060   Zero   RW          499    .bss                c_w.l(libspace.o)
    0x20000068        -       0x00000006   Zero   RW           40    .bss.acc_buffer     mpu6050.o
    0x2000006e   0x080042d4   0x00000002   PAD
    0x20000070        -       0x00000004   Zero   RW           42    .bss.ax             mpu6050.o
    0x20000074        -       0x00000004   Zero   RW           43    .bss.ay             mpu6050.o
    0x20000078        -       0x00000004   Zero   RW           44    .bss.az             mpu6050.o
    0x2000007c        -       0x00000004   Zero   RW           53    .bss.check_collide1  mpu6050.o
    0x20000080        -       0x00000004   Zero   RW           54    .bss.check_collide2  mpu6050.o
    0x20000084        -       0x00000004   Zero   RW           50    .bss.fall_detected  mpu6050.o
    0x20000088        -       0x00000004   Zero   RW           45    .bss.gx             mpu6050.o
    0x2000008c        -       0x00000004   Zero   RW           46    .bss.gy             mpu6050.o
    0x20000090        -       0x00000006   Zero   RW           41    .bss.gyro_buffer    mpu6050.o
    0x20000096   0x080042d4   0x00000002   PAD
    0x20000098        -       0x00000004   Zero   RW           47    .bss.gz             mpu6050.o
    0x2000009c        -       0x00000004   Zero   RW           51    .bss.in_free_fall   mpu6050.o
    0x200000a0        -       0x00000004   Zero   RW           39    .bss.system_started  mpu6050.o
    0x200000a4        -       0x00000004   Zero   RW           52    .bss.tick_count     mpu6050.o
    0x200000a8        -       0x00000004   Zero   RW           70    .bss.timeTick       mydelay.o
    0x200000ac        -       0x00000004   Zero   RW           48    .bss.total_acceleration  mpu6050.o
    0x200000b0        -       0x00000004   Zero   RW           49    .bss.total_gyro     mpu6050.o
    0x200000b4   0x080042d4   0x00000004   PAD
    0x200000b8        -       0x00000200   Zero   RW          166    HEAP                startup_stm32f10x_md.o
    0x200002b8        -       0x00000400   Zero   RW          165    STACK               startup_stm32f10x_md.o


==============================================================================

Image component sizes


      Code (inc. data)   RO Data    RW Data    ZI Data      Debug   Object Name

      2316          0         18          1         68       8146   mpu6050.o
       132          0          0          0          4       1110   mydelay.o
       766          0          0          0          0       3147   myi2c.o
       352          0          0          0          0       1669   mylcd.o
       200          0          0          0          0        980   mysystemclockconfig.o
       424          0          0          0          0       5291   mytimer.o
        64         26        236          0       1536        864   startup_stm32f10x_md.o
       400          0          0          0          0       2895   system_stm32f10x.o

    ----------------------------------------------------------------------
      4706         26        288          4       1616      24102   Object Totals
         0          0         32          0          0          0   (incl. Generated)
        52          0          2          3          8          0   (incl. Padding)

    ----------------------------------------------------------------------

      Code (inc. data)   RO Data    RW Data    ZI Data      Debug   Library Member Name

         8          0          0          0          0         68   __main.o
       392          4         17          0          0         92   __printf_flags_ss_wp.o
        14          0          0          0          0         68   __printf_wp.o
         0          0          0          0          0          0   __rtentry.o
        12          0          0          0          0          0   __rtentry2.o
         6          0          0          0          0          0   __rtentry4.o
        94          8          0          0          0          0   __scatter.o
        26          0          0          0          0          0   __scatter_copy.o
        28          0          0          0          0          0   __scatter_zi.o
        72          0          0          0          0         96   _c16rtomb.o
         6          0          0          0          0          0   _printf_a.o
         6          0          0          0          0          0   _printf_c.o
        44          0          0          0          0        108   _printf_char.o
        48          6          0          0          0         96   _printf_char_common.o
        40          0          0          0          0         68   _printf_charcount.o
         6          0          0          0          0          0   _printf_d.o
       120         16          0          0          0         92   _printf_dec.o
         6          0          0          0          0          0   _printf_e.o
         6          0          0          0          0          0   _printf_f.o
      1052          0          0          0          0        148   _printf_fp_dec.o
       764          8         38          0          0        100   _printf_fp_hex.o
       128         16          0          0          0         84   _printf_fp_infnan.o
         6          0          0          0          0          0   _printf_g.o
       148          4         40          0          0        160   _printf_hex_int_ll_ptr.o
         6          0          0          0          0          0   _printf_i.o
       178          0          0          0          0         88   _printf_intcommon.o
        10          0          0          0          0          0   _printf_l.o
         6          0          0          0          0          0   _printf_lc.o
        10          0          0          0          0          0   _printf_ll.o
         6          0          0          0          0          0   _printf_lld.o
         6          0          0          0          0          0   _printf_lli.o
         6          0          0          0          0          0   _printf_llo.o
         6          0          0          0          0          0   _printf_llu.o
         6          0          0          0          0          0   _printf_llx.o
       124         16          0          0          0         92   _printf_longlong_dec.o
         6          0          0          0          0          0   _printf_ls.o
         6          0          0          0          0          0   _printf_n.o
         6          0          0          0          0          0   _printf_o.o
       112          8          0          0          0        124   _printf_oct_int_ll.o
         6          0          0          0          0          0   _printf_p.o
        78          0          0          0          0        108   _printf_pad.o
         0          0          0          0          0          0   _printf_percent.o
         4          0          0          0          0          0   _printf_percent_end.o
         6          0          0          0          0          0   _printf_s.o
        82          0          0          0          0         80   _printf_str.o
        36          0          0          0          0         84   _printf_truncate.o
         6          0          0          0          0          0   _printf_u.o
        44          0          0          0          0        108   _printf_wchar.o
       188          6          8          0          0         92   _printf_wctomb.o
         6          0          0          0          0          0   _printf_x.o
        22          0          0          0          0        100   _rserrno.o
        10          0          0          0          0         68   _sputc.o
       228          4        148          0          0         96   bigflt0.o
      1936        128          0          0          0        668   btod.o
        10          0          0          0          0         68   defsig_exit.o
        50          0          0          0          0         88   defsig_general.o
        80         58          0          0          0         76   defsig_rtmem_inner.o
        14          0          0          0          0         80   defsig_rtmem_outer.o
        18          0          0          0          0         80   exit.o
        94          0          0          0          0         80   h1_alloc.o
        52          0          0          0          0         68   h1_extend.o
        78          0          0          0          0         80   h1_free.o
        12          0          0          0          0         84   h1_init.o
         6          0          0          0          0        152   heapauxi.o
         4          0          0          0          0        136   hguard.o
         0          0          0          0          0          0   indicate_semi.o
       138          0          0          0          0        168   init_alloc.o
        44         10        272          0          0         76   lc_ctype_c.o
        44         10         28          0          0         76   lc_numeric_c.o
         2          0          0          0          0          0   libinit.o
        38          0          0          0          0          0   libinit2.o
         2          0          0          0          0          0   libshutdown.o
         2          0          0          0          0          0   libshutdown2.o
         8          4          0          0         96         68   libspace.o
       138          0          0          0          0         80   lludiv10.o
         0          0          0          0          0          0   maybetermalloc1.o
        16          4          0          0          0         76   rt_ctype_table.o
         8          4          0          0          0         68   rt_errno_addr_intlibspace.o
         8          4          0          0          0         68   rt_heap_descriptor_intlibspace.o
         8          4          0          0          0         68   rt_locale_intlibspace.o
         2          0          0          0          0          0   rtexit.o
        10          0          0          0          0          0   rtexit2.o
        44          6          0          0          0         84   sprintf.o
       128          0          0          0          0         68   strcmpv7m.o
        62          0          0          0          0         76   strlen.o
        12          4          0          0          0         68   sys_exit.o
        74          0          0          0          0         80   sys_stackheap_outer.o
        14          0          0          0          0         76   sys_wrch.o
         2          0          0          0          0         68   use_no_semi.o
        98          4          0          0          0         92   d2f.o
       812         16          0          0          0        296   daddsub_clz.o
        84          0          0          0          0        196   dcmp.o
        24          0          0          0          0         68   dcmpi.o
       692        140          0          0          0        216   ddiv.o
       120          4          0          0          0         92   deqf.o
       120          4          0          0          0         92   dgeqf.o
       120          4          0          0          0         92   dleqf.o
       340         12          0          0          0        104   dmul.o
       156          4          0          0          0         92   dnaninf.o
        12          0          0          0          0         68   dretinf.o
       460         56          0          0          0        120   dsqrt_noumaal.o
        86          4          0          0          0         84   f2d.o
       430          8          0          0          0        168   faddsub_clz.o
        48          0          0          0          0         68   fflt_clz.o
       258          4          0          0          0         84   fmul.o
       140          4          0          0          0         84   fnaninf.o
        10          0          0          0          0         68   fretinf.o
         4          0          0          0          0         68   printf1.o
         4          0          0          0          0         68   printf2.o
         0          0          0          0          0          0   usenofp.o
        40          0          0          0          0         68   fpclassify.o
        76          0          0          0          0         84   sqrt.o

    ----------------------------------------------------------------------
     11558        596        552          0         96       7520   Library Totals
        24          0          1          0          0          0   (incl. Padding)

    ----------------------------------------------------------------------

      Code (inc. data)   RO Data    RW Data    ZI Data      Debug   Library Name

      7400        332        551          0         96       5148   c_w.l
      4018        264          0          0          0       2220   fz_ws.l
       116          0          0          0          0        152   m_ws.l

    ----------------------------------------------------------------------
     11558        596        552          0         96       7520   Library Totals

    ----------------------------------------------------------------------

==============================================================================


      Code (inc. data)   RO Data    RW Data    ZI Data      Debug   

     16264        622        840          4       1712      27510   Grand Totals
     16264        622        840          4       1712      27510   ELF Image Totals
     16264        622        840          4          0          0   ROM Totals

==============================================================================

    Total RO  Size (Code + RO Data)                17104 (  16.70kB)
    Total RW  Size (RW Data + ZI Data)              1716 (   1.68kB)
    Total ROM Size (Code + RO Data + RW Data)      17108 (  16.71kB)

==============================================================================

