<html>
<body>
<pre>
<h1>µVision Build Log</h1>
<h2>Tool Versions:</h2>
IDE-Version: µVision V5.39.0.0
Copyright (C) 2023 ARM Ltd and ARM Germany GmbH. All rights reserved.
License Information: Duc Mai, abc, LIC=----
 
Tool Versions:
Toolchain:       MDK-Lite  Version: 5.39.0.0
Toolchain Path:  C:\Keil_v5\ARM\ARMCLANG\Bin
C Compiler:      ArmClang.exe V6.21
Assembler:       Armasm.exe V6.21
Linker/Locator:  ArmLink.exe V6.21
Library Manager: ArmAr.exe V6.21
Hex Converter:   FromElf.exe V6.21
CPU DLL:         SARMCM3.DLL V5.39.0.0
Dialog DLL:      DCM.DLL V1.17.5.0
Target DLL:      STLink\ST-LINKIII-KEIL_SWO.dll V3.2.0.0
Dialog DLL:      TCM.DLL V1.56.4.0
 
<h2>Project:</h2>
E:\UET_CN2\3_junior\HK2\co_so_do_luong\homework\communication\I2C\i2c_common.uvprojx
Project File Date:  04/23/2024

<h2>Output:</h2>
*** Using Compiler 'V6.21', folder: 'C:\Keil_v5\ARM\ARMCLANG\Bin'
Rebuild target 'Target 1'
assembling startup_stm32f10x_md.s...
i2c_common.c(2): warning: In file included from...
C:/Users/AD/AppData/Local/Arm/Packs/Keil/STM32F1xx_DFP/2.4.1/Device/Include\stm32f10x.h(18): warning: invalid UTF-8 in comment [-Winvalid-utf8]
   18 |   *              - To use or not the peripheral<92>s drivers in application code(i.e. 
      |                                                ^
C:/Users/AD/AppData/Local/Arm/Packs/Keil/STM32F1xx_DFP/2.4.1/Device/Include\stm32f10x.h(19): warning: invalid UTF-8 in comment [-Winvalid-utf8]
   19 |   *                code will be based on direct access to peripheral<92>s registers 
      |                                                                     ^
C:/Users/AD/AppData/Local/Arm/Packs/Keil/STM32F1xx_DFP/2.4.1/Device/Include\stm32f10x.h(26): warning: invalid UTF-8 in comment [-Winvalid-utf8]
   26 |   *           - Macros to access peripheral<92>s registers hardware
      |                                            ^
i2c_common.c(62): warning: implicit conversion changes signedness: 'int' to 'uint32_t' (aka 'unsigned int') [-Wsign-conversion]
   62 |         RCC->CR &= ~(0x01); // off HSION
      |                 ~~ ^~~~~~~
i2c_common.c(68): warning: implicit conversion changes signedness: 'int' to 'uint32_t' (aka 'unsigned int') [-Wsign-conversion]
   68 |         GPIOC->CRH &= ~(0xF<<20);
      |                    ~~ ^~~~~~~~~~
i2c_common.c(75): warning: signed shift result (0xFF000000) sets the sign bit of the shift expression's type ('int') and becomes negative [-Wshift-sign-overflow]
   75 |         GPIOB->CRL &= ~(0xFF<<24);
      |                         ~~~~^ ~~
i2c_common.c(76): warning: signed shift result (0xFF000000) sets the sign bit of the shift expression's type ('int') and becomes negative [-Wshift-sign-overflow]
   76 |         GPIOB->CRL |= 0xFF<<24;
      |                       ~~~~^ ~~
i2c_common.c(76): warning: implicit conversion changes signedness: 'int' to 'uint32_t' (aka 'unsigned int') [-Wsign-conversion]
   76 |         GPIOB->CRL |= 0xFF<<24;
      |                    ~~ ~~~~^~~~
i2c_common.c(111): warning: while loop has empty body [-Wempty-body]
  111 |         while (!(I2C1->SR1 & I2C_SR1_ADDR)); // Wait for address sent
      |                                            ^
i2c_common.c(111): note: put the semicolon on a separate line to silence this warning
i2c_common.c(117): warning: while loop has empty body [-Wempty-body]
  117 |         while(!(I2C1->SR1 & 1<<7)); //wait TxE: data register empty
      |                                   ^
i2c_common.c(117): note: put the semicolon on a separate line to silence this warning
i2c_common.c(126): warning: implicit conversion changes signedness: 'int' to 'uint32_t' (aka 'unsigned int') [-Wsign-conversion]
  126 |         GPIOA->CRL &= ~(0xF<<4);
      |                    ~~ ^~~~~~~~~
i2c_common.c(129): warning: implicit conversion changes signedness: 'int' to 'uint32_t' (aka 'unsigned int') [-Wsign-conversion]
  129 |         AFIO->EXTICR[0] &= ~(0xF<<4); // EXTI A1
      |                         ~~ ^~~~~~~~~
i2c_common.c(132): warning: implicit conversion changes signedness: 'int' to 'uint32_t' (aka 'unsigned int') [-Wsign-conversion]
  132 |         EXTI->FTSR &= ~(1<<1);
      |                    ~~ ^~~~~~~
i2c_common.c(157): warning: implicit conversion loses integer precision: 'volatile uint16_t' (aka 'volatile unsigned short') to 'uint8_t' (aka 'unsigned char') [-Wimplicit-int-conversion]
  157 |                 uint8_t receivedData = I2C1->DR;
      |                         ~~~~~~~~~~~~   ~~~~~~^~
i2c_common.c(150): warning: no previous prototype for function 'I2C1_EV_IRQHandler' [-Wmissing-prototypes]
  150 | void I2C1_EV_IRQHandler(void)
      |      ^
i2c_common.c(150): note: declare 'static' if the function is not intended to be used outside of this translation unit
  150 | void I2C1_EV_IRQHandler(void)
      | ^
      | static 
15 warnings generated.
compiling i2c_common.c...
RTE/Device/STM32F103C8/system_stm32f10x.c(64): warning: In file included from...
C:/Users/AD/AppData/Local/Arm/Packs/Keil/STM32F1xx_DFP/2.4.1/Device/Include\stm32f10x.h(18): warning: invalid UTF-8 in comment [-Winvalid-utf8]
   18 |   *              - To use or not the peripheral<92>s drivers in application code(i.e. 
      |                                                ^
C:/Users/AD/AppData/Local/Arm/Packs/Keil/STM32F1xx_DFP/2.4.1/Device/Include\stm32f10x.h(19): warning: invalid UTF-8 in comment [-Winvalid-utf8]
   19 |   *                code will be based on direct access to peripheral<92>s registers 
      |                                                                     ^
C:/Users/AD/AppData/Local/Arm/Packs/Keil/STM32F1xx_DFP/2.4.1/Device/Include\stm32f10x.h(26): warning: invalid UTF-8 in comment [-Winvalid-utf8]
   26 |   *           - Macros to access peripheral<92>s registers hardware
      |                                            ^
RTE/Device/STM32F103C8/system_stm32f10x.c(166): warning: no previous extern declaration for non-static variable 'AHBPrescTable' [-Wmissing-variable-declarations]
  166 | __I uint8_t AHBPrescTable[16] = {0, 0, 0, 0, 0, 0, 0, 0, 1, 2, 3, 4, 6, 7, 8, 9};
      |             ^
RTE/Device/STM32F103C8/system_stm32f10x.c(166): note: declare 'static' if the variable is not intended to be used outside of this translation unit
  166 | __I uint8_t AHBPrescTable[16] = {0, 0, 0, 0, 0, 0, 0, 0, 1, 2, 3, 4, 6, 7, 8, 9};
      |     ^
RTE/Device/STM32F103C8/system_stm32f10x.c(408): warning: unsafe buffer access [-Wunsafe-buffer-usage]
  408 |   tmp = AHBPrescTable[((RCC->CFGR & RCC_CFGR_HPRE) >> 4)];
      |         ^~~~~~~~~~~~~
5 warnings generated.
compiling system_stm32f10x.c...
linking...
Program Size: Code=1896 RO-data=252 RW-data=0 ZI-data=1656  
FromELF: creating hex file...
".\Objects\i2c_common.axf" - 0 Error(s), 20 Warning(s).

<h2>Software Packages used:</h2>

Package Vendor: ARM
                http://www.keil.com/pack/ARM.CMSIS.5.9.0.pack
                ARM::CMSIS@5.9.0
                CMSIS (Common Microcontroller Software Interface Standard)
   * Component: CORE Version: 5.6.0

Package Vendor: Keil
                https://www.keil.com/pack/Keil.STM32F1xx_DFP.2.4.1.pack
                Keil::STM32F1xx_DFP@2.4.1
                STMicroelectronics STM32F1 Series Device Support, Drivers and Examples
   * Component: Startup Version: 1.0.0

<h2>Collection of Component include folders:</h2>
  ./RTE/Device/STM32F103C8
  ./RTE/_Target_1
  C:/Users/AD/AppData/Local/Arm/Packs/ARM/CMSIS/5.9.0/CMSIS/Core/Include
  C:/Users/AD/AppData/Local/Arm/Packs/Keil/STM32F1xx_DFP/2.4.1/Device/Include

<h2>Collection of Component Files used:</h2>

   * Component: ARM::CMSIS:CORE@5.6.0

   * Component: Keil::Device:Startup@1.0.0
      Include file:  RTE_Driver/Config/RTE_Device.h
      Source file:   Device/Source/ARM/startup_stm32f10x_md.s
      Source file:   Device/Source/ARM/STM32F1xx_OPT.s
      Source file:   Device/Source/system_stm32f10x.c
Build Time Elapsed:  00:00:02
</pre>
</body>
</html>
